<html>
<body>
<pre>
<h1>µVision Build Log</h1>
<h2>Tool Versions:</h2>
IDE-Version: µVision V5.23.0.0
Copyright (C) 2017 ARM Ltd and ARM Germany GmbH. All rights reserved.
License Information: TestTest TestTest, Test, LIC=----
 
Tool Versions:
Toolchain:       MDK-Lite  Version: 5.23
Toolchain Path:  C:\Keil_v5\ARM\ARMCC\Bin
C Compiler:      Armcc.exe V5.06 update 4 (build 422)
Assembler:       Armasm.exe V5.06 update 4 (build 422)
Linker/Locator:  ArmLink.exe V5.06 update 4 (build 422)
Library Manager: ArmAr.exe V5.06 update 4 (build 422)
Hex Converter:   FromElf.exe V5.06 update 4 (build 422)
CPU DLL:         SARMCM3.DLL V5.23
Dialog DLL:      DCM.DLL V1.15.0.0
Target DLL:      Segger\JL2CM3.dll V2.99.23.0
Dialog DLL:      TCM.DLL V1.27.0.0
 
<h2>Project:</h2>
W:\git\RTL8763BF\demoproject_1\keil\rtl8763bf.uvprojx
Project File Date:  09/04/2022

<h2>Output:</h2>
*** Using Compiler 'V5.06 update 4 (build 422)', folder: 'C:\Keil_v5\ARM\ARMCC\Bin'
Rebuild target 'RTL8786BF'
Before Build - User command #1: before_build_common.bat C:\Keil_v5\
before_build_common bat
Before Build - User command #2: before_build_special.bat
build_before_special bat
compiling system_rtl8762c.c...
compiling app_task.c...
compiling iohandle.c...
compiling rtl876x_io_dlps.c...
compiling rtl876x_gpio.c...
compiling rtl876x_rcc.c...
compiling ias.c...
compiling lls.c...
compiling tps.c...
compiling bas.c...
compiling kns.c...
compiling dis.c...
compiling main.c...
compiling pxp_app.c...
compiling overlay_mgr.c...
assembling startup_rtl8762c.s...
linking...
Program Size: Code=11088 RO-data=7892 RW-data=208 ZI-data=684  
FromELF: creating hex file...
After Build - User command #1: after_build_common.bat C:\Keil_v5\ARM\ARMCC\include W:\git\RTL8763BF\demoproject_1\keil\Objects\rtp8763_demo.axf rtp8763_demo
keil_compiler_include_floder = C:\Keil_v5\ARM\ARMCC\include
full_name_path = W:\git\RTL8763BF\demoproject_1\keil\Objects\rtp8763_demo.axf
linker_output_file_name = rtp8763_demo
fromelf_bin = app
fromelf1
fromelf2
Plain text image.
Generating SHA256...
SHA256 = D7F6C050D0385FE51FBA8BC35148276552ED2EF189B547790A97098CF88DF5D4
MP header appending start...
No BinDependence...
No Comment...
No Author...
No Date...
MP header appending OK!
go encrypt.
prepend_header
Output Image: bin\app-327edcc3522a79a1571f0e5bc0e21f31.bin
md51
Output Image: bin\app_MP_sdk#####_1.0.2.0_2a83aca8-415703d9240a1c7d3045475d7e5fc192.bin
md52
del
After Build - User command #2: after_build_special.bat
build_before_special bat
".\Objects\rtp8763_demo.axf" - 0 Error(s), 0 Warning(s).

<h2>Collection of Component include folders:</h2>
  .\RTE\_RTL8786BF
  C:\Keil_v5\ARM\PACK\ARM\CMSIS\5.0.1\Device\ARM\ARMCM4\Include

<h2>Collection of Component Files used:</h2>
Build Time Elapsed:  00:00:05
</pre>
</body>
</html>
