Component: ARM Compiler 5.06 update 1 (build 61) Tool: armlink [4d35a8]

==============================================================================

Section Cross References

    startup_rtl8762c.o(VECTOR) refers to startup_rtl8762c.o(RESET) for Reset_Handler
    startup_rtl8762c.o(VECTOR) refers to startup_rtl8762c.o(.text) for NMI_Handler
    startup_rtl8762c.o(VECTOR) refers to data_uart.o(.text) for UART0_Handler
    startup_rtl8762c.o(VECTOR) refers to system_rtl8762c.o(.ram.dataon.data) for GPIO_Group3_Handler
    startup_rtl8762c.o(RESET) refers to system_rtl8762c.o(.app.flash.text) for SystemInit
    system_rtl8762c.o(.app.flash.text) refers to rand.o(.text) for srand
    system_rtl8762c.o(.app.flash.text) refers to rand.o(.emb_text) for rand
    system_rtl8762c.o(.app.flash.text) refers to overlay_mgr.o(.text) for load_overlay
    system_rtl8762c.o(.app.flash.text) refers to system_rtl8762c.o(.text) for NVIC_DisableIRQ
    system_rtl8762c.o(.app.flash.text) refers to system_rtl8762c.o(.app.overlay_a) for AppUpdateVectorTable
    system_rtl8762c.o(.app.flash.text) refers to main.o(.app.flash.text) for bt_stack_config_init
    system_rtl8762c.o(.app.flash.text) refers to system_rtl8762c.o(.bss) for .bss
    system_rtl8762c.o(.app.flash.text) refers to system_rtl8762c.o(.data) for .data
    system_rtl8762c.o(.app.flash.text) refers to system_rtl8762c.o(.TRACE) for .TRACE
    system_rtl8762c.o(.app.overlay_a) refers to system_rtl8762c.o(.constdata) for .constdata
    system_rtl8762c.o(.app.overlay_a) refers to startup_rtl8762c.o(.text) for Default_Handler
    system_rtl8762c.o(.app.overlay_a) refers to system_rtl8762c.o(.TRACE) for .TRACE
    system_rtl8762c.o(.ram.dataon.data) refers to startup_rtl8762c.o(.text) for GPIO3_Handler
    system_rtl8762c.o(.text) refers to __main.o(!!!main) for __main
    system_rtl8762c.o(.text) refers to system_rtl8762c.o(.constdata) for .constdata
    system_rtl8762c.o(.text) refers to system_rtl8762c.o(.data) for .data
    system_rtl8762c.o(.text) refers to system_rtl8762c.o(.bss) for .bss
    system_rtl8762c.o(.app.flash.header) refers to system_rtl8762c.o(.constdata) for app_cb_table
    system_rtl8762c.o(.constdata) refers to system_rtl8762c.o(.text) for app_cb0_wdg_reset
    system_rtl8762c.o(.constdata) refers to system_rtl8762c.o(.conststring) for .conststring
    rtl876x_uart.o(.text) refers to rtl876x_rcc.o(.text) for RCC_PeriphClockCmd
    rtl876x_gpio.o(.text) refers to rtl876x_rcc.o(.text) for RCC_PeriphClockCmd
    simple_ble_client.o(.text) refers to simple_ble_client.o(.TRACE) for .TRACE
    simple_ble_client.o(.text) refers to simple_ble_client.o(.bss) for .bss
    simple_ble_client.o(.text) refers to simple_ble_client.o(.data) for .data
    simple_ble_client.o(.text) refers to simple_ble_client.o(.constdata) for .constdata
    simple_ble_client.o(.constdata) refers to simple_ble_client.o(.text) for simp_ble_client_discover_state_cb
    bas_client.o(.text) refers to bas_client.o(.TRACE) for .TRACE
    bas_client.o(.text) refers to bas_client.o(.bss) for .bss
    bas_client.o(.text) refers to bas_client.o(.data) for .data
    bas_client.o(.text) refers to bas_client.o(.constdata) for .constdata
    bas_client.o(.constdata) refers to bas_client.o(.text) for bas_client_discover_state_cb
    gaps_client.o(.text) refers to gaps_client.o(.TRACE) for .TRACE
    gaps_client.o(.text) refers to gaps_client.o(.bss) for .bss
    gaps_client.o(.text) refers to gaps_client.o(.data) for .data
    gaps_client.o(.text) refers to gaps_client.o(.constdata) for .constdata
    gaps_client.o(.constdata) refers to gaps_client.o(.text) for gaps_client_discover_state_cb
    user_cmd.o(.text) refers to _printf_pad.o(.text) for _printf_pre_padding
    user_cmd.o(.text) refers to _printf_percent.o(.ARM.Collect$$_printf_percent$$00000000) for _printf_percent
    user_cmd.o(.text) refers to _printf_d.o(.ARM.Collect$$_printf_percent$$00000009) for _printf_d
    user_cmd.o(.text) refers to _printf_x.o(.ARM.Collect$$_printf_percent$$0000000C) for _printf_x
    user_cmd.o(.text) refers to _printf_dec.o(.text) for _printf_int_dec
    user_cmd.o(.text) refers to _printf_hex_int.o(.text) for _printf_longlong_hex
    user_cmd.o(.text) refers to noretval__2sprintf.o(.text) for __2sprintf
    user_cmd.o(.text) refers to data_uart.o(.text) for FramingWrapFrameUartPrint
    user_cmd.o(.text) refers to link_mgr.o(.text) for link_mgr_clear_device_list
    user_cmd.o(.text) refers to strcpy.o(.text) for strcpy
    user_cmd.o(.text) refers to gaps_client.o(.text) for gaps_read
    user_cmd.o(.text) refers to simple_ble_client.o(.text) for simp_ble_client_read_by_uuid
    user_cmd.o(.text) refers to user_cmd.o(.bss) for .bss
    user_cmd.o(.text) refers to link_mgr.o(.bss) for dev_list
    user_cmd.o(.text) refers to bas_client.o(.text) for bas_read_battery_level
[...]
    flash_split_read                         0x0000a39d   Thumb Code     0  ROM.lib ABSOLUTE
    flash_auto_write                         0x0000a4cd   Thumb Code     0  ROM.lib ABSOLUTE
    flash_get_block_protect                  0x0000a53b   Thumb Code     0  ROM.lib ABSOLUTE
    flash_set_block_protect                  0x0000a58f   Thumb Code     0  ROM.lib ABSOLUTE
    flash_sw_protect_unlock_by_addr          0x0000a637   Thumb Code     0  ROM.lib ABSOLUTE
    flash_set_top_bottom                     0x0000a803   Thumb Code     0  ROM.lib ABSOLUTE
    flash_get_query_info                     0x0000a9a9   Thumb Code     0  ROM.lib ABSOLUTE
    spic_get_dr                              0x0000aad1   Thumb Code     0  ROM.lib ABSOLUTE
    spic_set_dummy_len                       0x0000aaeb   Thumb Code     0  ROM.lib ABSOLUTE
    flash_read_internal                      0x0000ab45   Thumb Code     0  ROM.lib ABSOLUTE
    ftl_ioctl                                0x0000b3a7   Thumb Code     0  ROM.lib ABSOLUTE
    ftl_load                                 0x0000b907   Thumb Code     0  ROM.lib ABSOLUTE
    ftl_save                                 0x0000b919   Thumb Code     0  ROM.lib ABSOLUTE
    flash_dump_flash_info                    0x0000beb9   Thumb Code     0  ROM.lib ABSOLUTE
    crc16                                    0x0000bf13   Thumb Code     0  ROM.lib ABSOLUTE
    flash_get_flash_exist                    0x0000bf3b   Thumb Code     0  ROM.lib ABSOLUTE
    flash_get_bank_addr                      0x0000bf41   Thumb Code     0  ROM.lib ABSOLUTE
    flash_get_bank_size                      0x0000bfb9   Thumb Code     0  ROM.lib ABSOLUTE
    flash_erase_locked                       0x0000c027   Thumb Code     0  ROM.lib ABSOLUTE
    flash_ioctl                              0x0000c073   Thumb Code     0  ROM.lib ABSOLUTE
    flash_write_locked                       0x0000c48b   Thumb Code     0  ROM.lib ABSOLUTE
    flash_auto_write_locked                  0x0000c4b3   Thumb Code     0  ROM.lib ABSOLUTE
    flash_auto_write_buffer_locked           0x0000c4d5   Thumb Code     0  ROM.lib ABSOLUTE
    flash_read_locked                        0x0000c4fb   Thumb Code     0  ROM.lib ABSOLUTE
    flash_auto_read_locked                   0x0000c523   Thumb Code     0  ROM.lib ABSOLUTE
    flash_ds_erase                           0x0000c5c7   Thumb Code     0  ROM.lib ABSOLUTE
    flash_ds_auto_write                      0x0000c5e3   Thumb Code     0  ROM.lib ABSOLUTE
    flash_ds_auto_read                       0x0000c5fd   Thumb Code     0  ROM.lib ABSOLUTE
    flash_ds_write                           0x0000c617   Thumb Code     0  ROM.lib ABSOLUTE
    flash_ds_read                            0x0000c635   Thumb Code     0  ROM.lib ABSOLUTE
    set_hci_mode_flag                        0x0000c741   Thumb Code     0  ROM.lib ABSOLUTE
    check_hci_mode_flag                      0x0000c761   Thumb Code     0  ROM.lib ABSOLUTE
    set_datatrans_patch_flag                 0x0000c76d   Thumb Code     0  ROM.lib ABSOLUTE
    check_datatrans_patch_flag               0x0000c78d   Thumb Code     0  ROM.lib ABSOLUTE
    check_image_chksum                       0x0000c79d   Thumb Code     0  ROM.lib ABSOLUTE
    check_header_valid                       0x0000c7a9   Thumb Code     0  ROM.lib ABSOLUTE
    get_header_addr_by_img_id                0x0000c7e5   Thumb Code     0  ROM.lib ABSOLUTE
    is_ota_support_bank_switch               0x0000c843   Thumb Code     0  ROM.lib ABSOLUTE
    get_temp_ota_bank_addr_by_img_id         0x0000c881   Thumb Code     0  ROM.lib ABSOLUTE
    vListInitialise                          0x0000c941   Thumb Code     0  ROM.lib ABSOLUTE
    vListInitialiseItem                      0x0000c957   Thumb Code     0  ROM.lib ABSOLUTE
    vListInsertEnd                           0x0000c95d   Thumb Code     0  ROM.lib ABSOLUTE
    vListInsert                              0x0000c975   Thumb Code     0  ROM.lib ABSOLUTE
    uxListRemove                             0x0000c9a5   Thumb Code     0  ROM.lib ABSOLUTE
    xQueueGenericSend                        0x0000cb85   Thumb Code     0  ROM.lib ABSOLUTE
    xQueueGenericSendFromISR                 0x0000cf87   Thumb Code     0  ROM.lib ABSOLUTE
    xTaskGenericNotify                       0x0000e42d   Thumb Code     0  ROM.lib ABSOLUTE
    xTaskGenericNotifyFromISR                0x0000e4e3   Thumb Code     0  ROM.lib ABSOLUTE
    rtlEnterCritical                         0x0000f421   Thumb Code     0  ROM.lib ABSOLUTE
    rtlExitCritical                          0x0000f451   Thumb Code     0  ROM.lib ABSOLUTE
    pvPortMalloc                             0x0000f70b   Thumb Code     0  ROM.lib ABSOLUTE
    vPortFree                                0x0000f817   Thumb Code     0  ROM.lib ABSOLUTE
    hw_aes_init                              0x00010c21   Thumb Code     0  ROM.lib ABSOLUTE
    hw_aes_cpu_operate                       0x00010d91   Thumb Code     0  ROM.lib ABSOLUTE
    hw_aes_set_dma_tx_done                   0x00010d9d   Thumb Code     0  ROM.lib ABSOLUTE
    hw_aes_set_dma_rx_done                   0x00010da3   Thumb Code     0  ROM.lib ABSOLUTE
    hw_aes_dma_operate                       0x00010da9   Thumb Code     0  ROM.lib ABSOLUTE
    hw_aes_is_dma_rx_done                    0x00011005   Thumb Code     0  ROM.lib ABSOLUTE
    hw_aes_is_dma_tx_done                    0x0001100b   Thumb Code     0  ROM.lib ABSOLUTE
    hw_aes_dma_done                          0x00011011   Thumb Code     0  ROM.lib ABSOLUTE
    hw_aes_set_dma_move_src                  0x0001101b   Thumb Code     0  ROM.lib ABSOLUTE
    hw_aes_set_dma_move_dst                  0x00011021   Thumb Code     0  ROM.lib ABSOLUTE
    hw_aes_set_dma_carry_size                0x00011027   Thumb Code     0  ROM.lib ABSOLUTE
    aes_cmac_inverse                         0x0001119b   Thumb Code     0  ROM.lib ABSOLUTE
    get_secure_reg_cfg_val                   0x00011269   Thumb Code     0  ROM.lib ABSOLUTE
    NVIC_Init                                0x000112c1   Thumb Code     0  ROM.lib ABSOLUTE
    Pinmux_Config                            0x00011375   Thumb Code     0  ROM.lib ABSOLUTE
    Pinmux_Deinit                            0x000113a9   Thumb Code     0  ROM.lib ABSOLUTE
    Pinmux_Reset                             0x000113c5   Thumb Code     0  ROM.lib ABSOLUTE
    Pad_Config                               0x000113dd   Thumb Code     0  ROM.lib ABSOLUTE
    System_WakeUpDebounceTime                0x0001146b   Thumb Code     0  ROM.lib ABSOLUTE
    Pad_WKDebounceConfig                     0x0001148d   Thumb Code     0  ROM.lib ABSOLUTE
    Pad_WakeupEnableValue                    0x000114b3   Thumb Code     0  ROM.lib ABSOLUTE
    Pad_WakeupPolarityValue                  0x000114d9   Thumb Code     0  ROM.lib ABSOLUTE
    System_WakeUpPinEnable                   0x000114ff   Thumb Code     0  ROM.lib ABSOLUTE
    System_WakeUpPinDisable                  0x00011531   Thumb Code     0  ROM.lib ABSOLUTE
    Pad_WakeupInterruptValue                 0x0001154f   Thumb Code     0  ROM.lib ABSOLUTE
    System_WakeUpInterruptValue              0x00011577   Thumb Code     0  ROM.lib ABSOLUTE
    Pad_ClearAllWakeupINT                    0x00011597   Thumb Code     0  ROM.lib ABSOLUTE
    Pad_OutputEnableValue                    0x000115f5   Thumb Code     0  ROM.lib ABSOLUTE
    Pad_OutputControlValue                   0x0001161b   Thumb Code     0  ROM.lib ABSOLUTE
    Pad_PullEnableValue                      0x00011641   Thumb Code     0  ROM.lib ABSOLUTE
    Pad_PullUpOrDownValue                    0x00011667   Thumb Code     0  ROM.lib ABSOLUTE
    Pad_ControlSelectValue                   0x0001168d   Thumb Code     0  ROM.lib ABSOLUTE
    Pad_ClearWakeupINTPendingBit             0x000116b3   Thumb Code     0  ROM.lib ABSOLUTE
    Pad_PowerOrShutDownValue                 0x000116cb   Thumb Code     0  ROM.lib ABSOLUTE
    Pad_PullConfigValue                      0x000116f1   Thumb Code     0  ROM.lib ABSOLUTE
    RTC_WriteReg                             0x00011759   Thumb Code     0  ROM.lib ABSOLUTE
    RTC_DeInit                               0x00011795   Thumb Code     0  ROM.lib ABSOLUTE
    RTC_SetPrescaler                         0x00011815   Thumb Code     0  ROM.lib ABSOLUTE
    RTC_SetComp                              0x0001181d   Thumb Code     0  ROM.lib ABSOLUTE
    RTC_RunCmd                               0x00011827   Thumb Code     0  ROM.lib ABSOLUTE
    RTC_MaskINTConfig                        0x00011843   Thumb Code     0  ROM.lib ABSOLUTE
    RTC_CompINTConfig                        0x0001185f   Thumb Code     0  ROM.lib ABSOLUTE
    RTC_TickINTConfig                        0x0001187b   Thumb Code     0  ROM.lib ABSOLUTE
    RTC_GetINTStatus                         0x00011897   Thumb Code     0  ROM.lib ABSOLUTE
    RTC_SystemWakeupConfig                   0x000118ab   Thumb Code     0  ROM.lib ABSOLUTE
    WDG_ClockEnable                          0x000118d9   Thumb Code     0  ROM.lib ABSOLUTE
    WDG_Config                               0x00011903   Thumb Code     0  ROM.lib ABSOLUTE
    WDG_Enable                               0x00011931   Thumb Code     0  ROM.lib ABSOLUTE
    WDG_Disable                              0x00011943   Thumb Code     0  ROM.lib ABSOLUTE
    WDG_Restart                              0x00011955   Thumb Code     0  ROM.lib ABSOLUTE
    AON_WDG_Config                           0x00011a79   Thumb Code     0  ROM.lib ABSOLUTE
    AON_WDG_ConfigResetLevel                 0x00011acb   Thumb Code     0  ROM.lib ABSOLUTE
    AON_WDG_ConfigComp                       0x00011b0f   Thumb Code     0  ROM.lib ABSOLUTE
    AON_WDG_ConfigCntCtl                     0x00011b53   Thumb Code     0  ROM.lib ABSOLUTE
    AON_WDG_ConfigCntReload                  0x00011b97   Thumb Code     0  ROM.lib ABSOLUTE
    AON_WDG_Enable                           0x00011bdb   Thumb Code     0  ROM.lib ABSOLUTE
    AON_WDG_Disable                          0x00011c21   Thumb Code     0  ROM.lib ABSOLUTE
    AON_WDG_Restart                          0x00011c67   Thumb Code     0  ROM.lib ABSOLUTE
    AON_WDG_SystemReset                      0x00011c7f   Thumb Code     0  ROM.lib ABSOLUTE
    SPI_DeInit                               0x00011c95   Thumb Code     0  ROM.lib ABSOLUTE
    SPI_Init                                 0x00011caf   Thumb Code     0  ROM.lib ABSOLUTE
    SPI_StructInit                           0x00011da3   Thumb Code     0  ROM.lib ABSOLUTE
    SPI_Cmd                                  0x00011def   Thumb Code     0  ROM.lib ABSOLUTE
    SPI_SendBuffer                           0x00011e03   Thumb Code     0  ROM.lib ABSOLUTE
    SPI_SendWord                             0x00011e1f   Thumb Code     0  ROM.lib ABSOLUTE
    SPI_SendHalfWord                         0x00011e39   Thumb Code     0  ROM.lib ABSOLUTE
    SPI_INTConfig                            0x00011e55   Thumb Code     0  ROM.lib ABSOLUTE
    SPI_ClearINTPendingBit                   0x00011e69   Thumb Code     0  ROM.lib ABSOLUTE
    hci_if_open                              0x00013cc9   Thumb Code     0  ROM.lib ABSOLUTE
    hci_if_close                             0x00013ccd   Thumb Code     0  ROM.lib ABSOLUTE
    hci_if_write                             0x00013cd1   Thumb Code     0  ROM.lib ABSOLUTE
    hci_if_confirm                           0x00013cff   Thumb Code     0  ROM.lib ABSOLUTE
    sm_le_sc_local_oob_init                  0x0001808d   Thumb Code     0  ROM.lib ABSOLUTE
    sm_le_sc_peer_oob_init                   0x000180a1   Thumb Code     0  ROM.lib ABSOLUTE
    btif_buffer_get                          0x0002148f   Thumb Code     0  ROM.lib ABSOLUTE
    btif_buffer_put                          0x000214a9   Thumb Code     0  ROM.lib ABSOLUTE
    btif_vendor_cmd_req                      0x000214ed   Thumb Code     0  ROM.lib ABSOLUTE
    btif_just_work_req_cfm                   0x0002165b   Thumb Code     0  ROM.lib ABSOLUTE
    btif_sw_reset_req                        0x000216e3   Thumb Code     0  ROM.lib ABSOLUTE
    btif_le_credit_based_conn_req            0x00021e61   Thumb Code     0  ROM.lib ABSOLUTE
    btif_le_credit_based_conn_cfm            0x00021eaf   Thumb Code     0  ROM.lib ABSOLUTE
    btif_le_credit_based_disconn_req         0x00021f05   Thumb Code     0  ROM.lib ABSOLUTE
    btif_le_credit_based_disconn_cfm         0x00021f23   Thumb Code     0  ROM.lib ABSOLUTE
    btif_le_send_credit_req                  0x00021f41   Thumb Code     0  ROM.lib ABSOLUTE
    btif_le_credit_based_data_req            0x00021f63   Thumb Code     0  ROM.lib ABSOLUTE
    btif_le_credit_based_data_cfm            0x00021f9d   Thumb Code     0  ROM.lib ABSOLUTE
    btif_le_credit_based_security_reg_req    0x00021fbf   Thumb Code     0  ROM.lib ABSOLUTE
    btif_le_credit_based_psm_reg_req         0x00021fed   Thumb Code     0  ROM.lib ABSOLUTE
    btif_le_gen_rand_addr                    0x000220f3   Thumb Code     0  ROM.lib ABSOLUTE
    btif_le_set_adv_set_rand_addr_req        0x00022395   Thumb Code     0  ROM.lib ABSOLUTE
    btif_le_modify_adv_set_req               0x000223bf   Thumb Code     0  ROM.lib ABSOLUTE
    btif_le_ext_adv_enable_req               0x000223dd   Thumb Code     0  ROM.lib ABSOLUTE
    btif_le_ext_adv_param_set_req            0x00022417   Thumb Code     0  ROM.lib ABSOLUTE
    btif_le_ext_adv_data_set_req             0x0002248f   Thumb Code     0  ROM.lib ABSOLUTE
    btif_le_ext_scan_req                     0x00022503   Thumb Code     0  ROM.lib ABSOLUTE
    btif_le_ext_scan_param_set_req           0x00022529   Thumb Code     0  ROM.lib ABSOLUTE
    btif_le_set_suppl_test_params_req        0x0002257f   Thumb Code     0  ROM.lib ABSOLUTE
    btif_le_set_conn_suppl_params_req        0x000225ab   Thumb Code     0  ROM.lib ABSOLUTE
    btif_le_conn_suppl_request_enable_req    0x000225fb   Thumb Code     0  ROM.lib ABSOLUTE
    btif_le_conn_suppl_response_enable_req   0x00022627   Thumb Code     0  ROM.lib ABSOLUTE
    btif_le_read_antenna_info_req            0x00022645   Thumb Code     0  ROM.lib ABSOLUTE
    os_mem_alloc_intern                      0x00025d61   Thumb Code     0  ROM.lib ABSOLUTE
    os_mem_zalloc_intern                     0x00025db9   Thumb Code     0  ROM.lib ABSOLUTE
    os_mem_aligned_alloc_intern              0x00025e17   Thumb Code     0  ROM.lib ABSOLUTE
    os_mem_free                              0x00025e77   Thumb Code     0  ROM.lib ABSOLUTE
    os_mem_aligned_free                      0x00025e95   Thumb Code     0  ROM.lib ABSOLUTE
    os_mem_peek                              0x00025eb3   Thumb Code     0  ROM.lib ABSOLUTE
    os_msg_queue_create_intern               0x00025ef5   Thumb Code     0  ROM.lib ABSOLUTE
    os_msg_queue_delete_intern               0x00025f51   Thumb Code     0  ROM.lib ABSOLUTE
    os_msg_queue_peek_intern                 0x00025f95   Thumb Code     0  ROM.lib ABSOLUTE
    os_msg_send_intern                       0x00025fe5   Thumb Code     0  ROM.lib ABSOLUTE
    os_msg_recv_intern                       0x00026045   Thumb Code     0  ROM.lib ABSOLUTE
    os_msg_peek_intern                       0x000260a3   Thumb Code     0  ROM.lib ABSOLUTE
    os_pool_create_intern                    0x000261e7   Thumb Code     0  ROM.lib ABSOLUTE
    os_pool_extend_intern                    0x000262bb   Thumb Code     0  ROM.lib ABSOLUTE
    os_pool_delete_intern                    0x0002638b   Thumb Code     0  ROM.lib ABSOLUTE
    os_buffer_get_intern                     0x0002645d   Thumb Code     0  ROM.lib ABSOLUTE
    os_buffer_put_intern                     0x00026561   Thumb Code     0  ROM.lib ABSOLUTE
    os_pool_dump                             0x000265e1   Thumb Code     0  ROM.lib ABSOLUTE
    os_queue_init                            0x0002666d   Thumb Code     0  ROM.lib ABSOLUTE
    os_queue_in                              0x00026677   Thumb Code     0  ROM.lib ABSOLUTE
    os_queue_out                             0x000266a3   Thumb Code     0  ROM.lib ABSOLUTE
    os_queue_peek                            0x000266d1   Thumb Code     0  ROM.lib ABSOLUTE
    os_queue_insert                          0x000266d5   Thumb Code     0  ROM.lib ABSOLUTE
    os_queue_delete                          0x0002670f   Thumb Code     0  ROM.lib ABSOLUTE
    os_delay                                 0x00026771   Thumb Code     0  ROM.lib ABSOLUTE
    os_sys_time_get                          0x0002678f   Thumb Code     0  ROM.lib ABSOLUTE
    os_sys_tick_get                          0x000267a9   Thumb Code     0  ROM.lib ABSOLUTE
    os_sched_start                           0x000267c3   Thumb Code     0  ROM.lib ABSOLUTE
    os_sched_suspend                         0x000267fb   Thumb Code     0  ROM.lib ABSOLUTE
    os_sched_resume                          0x00026817   Thumb Code     0  ROM.lib ABSOLUTE
    os_lock                                  0x00026851   Thumb Code     0  ROM.lib ABSOLUTE
    os_unlock                                0x0002686b   Thumb Code     0  ROM.lib ABSOLUTE
    os_sem_create                            0x00026889   Thumb Code     0  ROM.lib ABSOLUTE
    os_sem_delete                            0x000268b3   Thumb Code     0  ROM.lib ABSOLUTE
    os_sem_take                              0x000268d5   Thumb Code     0  ROM.lib ABSOLUTE
    os_sem_give                              0x000268fb   Thumb Code     0  ROM.lib ABSOLUTE
    os_mutex_create                          0x0002691d   Thumb Code     0  ROM.lib ABSOLUTE
    os_mutex_delete                          0x0002693f   Thumb Code     0  ROM.lib ABSOLUTE
    os_mutex_take                            0x00026961   Thumb Code     0  ROM.lib ABSOLUTE
    os_mutex_give                            0x00026987   Thumb Code     0  ROM.lib ABSOLUTE
    os_task_create                           0x000269d1   Thumb Code     0  ROM.lib ABSOLUTE
    os_task_delete                           0x00026a17   Thumb Code     0  ROM.lib ABSOLUTE
    os_task_suspend                          0x00026a39   Thumb Code     0  ROM.lib ABSOLUTE
    os_task_resume                           0x00026a5b   Thumb Code     0  ROM.lib ABSOLUTE
    os_task_yield                            0x00026a7d   Thumb Code     0  ROM.lib ABSOLUTE
    os_task_handle_get                       0x00026a99   Thumb Code     0  ROM.lib ABSOLUTE
    os_task_priority_get                     0x00026abb   Thumb Code     0  ROM.lib ABSOLUTE
    os_task_priority_set                     0x00026ae1   Thumb Code     0  ROM.lib ABSOLUTE
    os_task_signal_send                      0x00026b07   Thumb Code     0  ROM.lib ABSOLUTE
    os_task_signal_recv                      0x00026b2d   Thumb Code     0  ROM.lib ABSOLUTE
    os_task_signal_clear                     0x00026b53   Thumb Code     0  ROM.lib ABSOLUTE
    os_timer_id_get                          0x00026ba1   Thumb Code     0  ROM.lib ABSOLUTE
    os_timer_create                          0x00026bd7   Thumb Code     0  ROM.lib ABSOLUTE
    os_timer_start                           0x00026c1d   Thumb Code     0  ROM.lib ABSOLUTE
    os_timer_restart                         0x00026c3f   Thumb Code     0  ROM.lib ABSOLUTE
    os_timer_stop                            0x00026c65   Thumb Code     0  ROM.lib ABSOLUTE
    os_timer_delete                          0x00026c87   Thumb Code     0  ROM.lib ABSOLUTE
    os_timer_dump                            0x00026ca9   Thumb Code     0  ROM.lib ABSOLUTE
    os_timer_state_get                       0x00026cc5   Thumb Code     0  ROM.lib ABSOLUTE
    rtk_write_modem_radio_reg                0x0002b11d   Thumb Code     0  ROM.lib ABSOLUTE
    rtk_read_modem_radio_reg                 0x0002b183   Thumb Code     0  ROM.lib ABSOLUTE
    hci_handle_le_receiver_test              0x0002d321   Thumb Code     0  ROM.lib ABSOLUTE
    btaon_fast_read                          0x0003eded   Thumb Code     0  ROM.lib ABSOLUTE
    btaon_fast_read_safe                     0x0003ee05   Thumb Code     0  ROM.lib ABSOLUTE
    btaon_fast_write                         0x0003ee25   Thumb Code     0  ROM.lib ABSOLUTE
    btaon_fast_write_safe                    0x0003ee47   Thumb Code     0  ROM.lib ABSOLUTE
    btaon_fast_update                        0x0003ee73   Thumb Code     0  ROM.lib ABSOLUTE
    dfu_report_target_ic_type                0x000474ab   Thumb Code     0  ROM.lib ABSOLUTE
    dfu_report_target_fw_info                0x000474f5   Thumb Code     0  ROM.lib ABSOLUTE
    dfu_flash_erase                          0x000475a5   Thumb Code     0  ROM.lib ABSOLUTE
    dfu_update                               0x000475eb   Thumb Code     0  ROM.lib ABSOLUTE
    dfu_reset                                0x000476f5   Thumb Code     0  ROM.lib ABSOLUTE
    dfu_fw_active_reset                      0x00047713   Thumb Code     0  ROM.lib ABSOLUTE
    dfu_checkbufcrc                          0x0004776b   Thumb Code     0  ROM.lib ABSOLUTE
    dfu_flash_check_blank                    0x000477cb   Thumb Code     0  ROM.lib ABSOLUTE
    dfu_check_checksum                       0x00047833   Thumb Code     0  ROM.lib ABSOLUTE
    dfu_init                                 0x00047a91   Thumb Code     0  ROM.lib ABSOLUTE
    dfu_switch_to_ota_mode                   0x00047ad7   Thumb Code     0  ROM.lib ABSOLUTE
    dfu_set_ota_mode_flag                    0x0004820d   Thumb Code     0  ROM.lib ABSOLUTE
    bt_crypto_f4                             0x00048ac9   Thumb Code     0  ROM.lib ABSOLUTE
    ecc_make_key                             0x00049969   Thumb Code     0  ROM.lib ABSOLUTE
    gap_register_extend_cb                   0x0004be11   Thumb Code     0  ROM.lib ABSOLUTE
    gap_start_bt_stack                       0x0004be6b   Thumb Code     0  ROM.lib ABSOLUTE
    gap_set_pairable_mode                    0x0004bedb   Thumb Code     0  ROM.lib ABSOLUTE
    gap_handle_msg                           0x0004bf45   Thumb Code     0  ROM.lib ABSOLUTE
    gap_register_app_cb                      0x0004bfa5   Thumb Code     0  ROM.lib ABSOLUTE
    gap_set_param                            0x0004bfab   Thumb Code     0  ROM.lib ABSOLUTE
    gap_get_param                            0x0004c037   Thumb Code     0  ROM.lib ABSOLUTE
    gap_write_airplan_mode                   0x0004c0a5   Thumb Code     0  ROM.lib ABSOLUTE
    gap_read_airplan_mode                    0x0004c0c7   Thumb Code     0  ROM.lib ABSOLUTE
    gap_buffer_free                          0x0004c0e5   Thumb Code     0  ROM.lib ABSOLUTE
    le_bond_clear_all_keys                   0x0004c151   Thumb Code     0  ROM.lib ABSOLUTE
    le_bond_delete_by_idx                    0x0004c16d   Thumb Code     0  ROM.lib ABSOLUTE
    le_bond_delete_by_bd                     0x0004c1a7   Thumb Code     0  ROM.lib ABSOLUTE
    le_bond_set_param                        0x0004c1ef   Thumb Code     0  ROM.lib ABSOLUTE
    le_bond_get_param                        0x0004c2e1   Thumb Code     0  ROM.lib ABSOLUTE
    le_bond_pair                             0x0004c353   Thumb Code     0  ROM.lib ABSOLUTE
    le_bond_passkey_input_confirm            0x0004c383   Thumb Code     0  ROM.lib ABSOLUTE
    le_bond_oob_input_confirm                0x0004c3b7   Thumb Code     0  ROM.lib ABSOLUTE
    le_bond_get_display_key                  0x0004c3eb   Thumb Code     0  ROM.lib ABSOLUTE
    le_bond_user_confirm                     0x0004c415   Thumb Code     0  ROM.lib ABSOLUTE
    le_bond_passkey_display_confirm          0x0004c475   Thumb Code     0  ROM.lib ABSOLUTE
    le_bond_keypress_notify                  0x0004c4a5   Thumb Code     0  ROM.lib ABSOLUTE
    le_bond_cfg_local_key_distribute         0x0004c4d5   Thumb Code     0  ROM.lib ABSOLUTE
    le_gap_init                              0x0004cbbd   Thumb Code     0  ROM.lib ABSOLUTE
    le_gap_msg_info_way                      0x0004cc23   Thumb Code     0  ROM.lib ABSOLUTE
    le_load_upper_stack_efuse                0x0004cc29   Thumb Code     0  ROM.lib ABSOLUTE
    le_get_max_link_num                      0x0004cc3b   Thumb Code     0  ROM.lib ABSOLUTE
    le_register_app_cb                       0x0004cc43   Thumb Code     0  ROM.lib ABSOLUTE
    le_set_gap_param                         0x0004cc49   Thumb Code     0  ROM.lib ABSOLUTE
    le_get_gap_param                         0x0004cd91   Thumb Code     0  ROM.lib ABSOLUTE
    le_modify_white_list                     0x0004ce55   Thumb Code     0  ROM.lib ABSOLUTE
    le_set_rand_addr                         0x0004ce75   Thumb Code     0  ROM.lib ABSOLUTE
    le_set_host_chann_classif                0x0004ce93   Thumb Code     0  ROM.lib ABSOLUTE
    le_cfg_local_identity_address            0x0004cea3   Thumb Code     0  ROM.lib ABSOLUTE
    le_write_default_data_len                0x0004ceb3   Thumb Code     0  ROM.lib ABSOLUTE
    gap_send_dev_state                       0x0004cec3   Thumb Code     0  ROM.lib ABSOLUTE
    le_read_rssi                             0x0004cf2f   Thumb Code     0  ROM.lib ABSOLUTE
    le_read_chann_map                        0x0004cf59   Thumb Code     0  ROM.lib ABSOLUTE
    le_set_data_len                          0x0004cf83   Thumb Code     0  ROM.lib ABSOLUTE
    le_disable_slave_latency                 0x0004cfe9   Thumb Code     0  ROM.lib ABSOLUTE
    le_set_conn_tx_power                     0x0004d03f   Thumb Code     0  ROM.lib ABSOLUTE
    le_update_passed_chann_map               0x0004d093   Thumb Code     0  ROM.lib ABSOLUTE
    le_vendor_set_rem_min_sca                0x0004d0b9   Thumb Code     0  ROM.lib ABSOLUTE
    le_link_find_by_link_id                  0x0004d8f5   Thumb Code     0  ROM.lib ABSOLUTE
    le_get_conn_id                           0x0004d9bb   Thumb Code     0  ROM.lib ABSOLUTE
    le_link_check_conn_id_internal           0x0004da19   Thumb Code     0  ROM.lib ABSOLUTE
    le_get_conn_param                        0x0004da7f   Thumb Code     0  ROM.lib ABSOLUTE
    le_get_active_link_num                   0x0004db71   Thumb Code     0  ROM.lib ABSOLUTE
    le_get_idle_link_num                     0x0004db75   Thumb Code     0  ROM.lib ABSOLUTE
    le_get_conn_info                         0x0004db79   Thumb Code     0  ROM.lib ABSOLUTE
    le_get_conn_addr                         0x0004dbef   Thumb Code     0  ROM.lib ABSOLUTE
    le_disconnect                            0x0004dc25   Thumb Code     0  ROM.lib ABSOLUTE
    le_update_conn_param                     0x0004dc8b   Thumb Code     0  ROM.lib ABSOLUTE
    le_set_conn_param                        0x0004dccf   Thumb Code     0  ROM.lib ABSOLUTE
    le_connect                               0x0004dd79   Thumb Code     0  ROM.lib ABSOLUTE
    le_set_phy                               0x0004de43   Thumb Code     0  ROM.lib ABSOLUTE
    client_init                              0x0004e341   Thumb Code     0  ROM.lib ABSOLUTE
    client_register_general_client_cb        0x0004e36f   Thumb Code     0  ROM.lib ABSOLUTE
    client_register_spec_client_cb           0x0004e375   Thumb Code     0  ROM.lib ABSOLUTE
    client_all_primary_srv_discovery         0x0004e4f5   Thumb Code     0  ROM.lib ABSOLUTE
    client_by_uuid_srv_discovery             0x0004e529   Thumb Code     0  ROM.lib ABSOLUTE
    client_by_uuid128_srv_discovery          0x0004e55f   Thumb Code     0  ROM.lib ABSOLUTE
    client_relationship_discovery            0x0004e591   Thumb Code     0  ROM.lib ABSOLUTE
    client_all_char_discovery                0x0004e5bf   Thumb Code     0  ROM.lib ABSOLUTE
    client_by_uuid_char_discovery            0x0004e5fb   Thumb Code     0  ROM.lib ABSOLUTE
    client_by_uuid128_char_discovery         0x0004e63d   Thumb Code     0  ROM.lib ABSOLUTE
    client_all_char_descriptor_discovery     0x0004e685   Thumb Code     0  ROM.lib ABSOLUTE
    client_attr_read                         0x0004e6b3   Thumb Code     0  ROM.lib ABSOLUTE
    client_attr_read_using_uuid              0x0004e70d   Thumb Code     0  ROM.lib ABSOLUTE
    client_attr_write                        0x0004e8a1   Thumb Code     0  ROM.lib ABSOLUTE
    client_attr_ind_confirm                  0x0004ea1f   Thumb Code     0  ROM.lib ABSOLUTE
    client_get_notify_data_buffer            0x0004f29d   Thumb Code     0  ROM.lib ABSOLUTE
    server_builtin_service_reg               0x0004f4f1   Thumb Code     0  ROM.lib ABSOLUTE
    server_init                              0x0004f505   Thumb Code     0  ROM.lib ABSOLUTE
    server_register_app_cb                   0x0004f537   Thumb Code     0  ROM.lib ABSOLUTE
    server_add_service                       0x0004f66f   Thumb Code     0  ROM.lib ABSOLUTE
    server_add_service_by_start_handle       0x0004f681   Thumb Code     0  ROM.lib ABSOLUTE
    server_attr_read_confirm                 0x0004f693   Thumb Code     0  ROM.lib ABSOLUTE
    server_attr_write_confirm                0x0004f731   Thumb Code     0  ROM.lib ABSOLUTE
    server_exec_write_confirm                0x0004f779   Thumb Code     0  ROM.lib ABSOLUTE
    server_send_data                         0x0004f7a5   Thumb Code     0  ROM.lib ABSOLUTE
    server_get_write_cmd_data_buffer         0x0004fc1f   Thumb Code     0  ROM.lib ABSOLUTE
    le_find_key_entry                        0x0005018f   Thumb Code     0  ROM.lib ABSOLUTE
    le_find_key_entry_by_idx                 0x000502a1   Thumb Code     0  ROM.lib ABSOLUTE
    le_get_bond_dev_num                      0x00050323   Thumb Code     0  ROM.lib ABSOLUTE
    le_set_high_priority_bond                0x00050329   Thumb Code     0  ROM.lib ABSOLUTE
    le_get_high_priority_bond                0x00050341   Thumb Code     0  ROM.lib ABSOLUTE
    le_get_key                               0x00050365   Thumb Code     0  ROM.lib ABSOLUTE
    le_save_key                              0x00050427   Thumb Code     0  ROM.lib ABSOLUTE
    le_get_low_priority_bond                 0x000507a1   Thumb Code     0  ROM.lib ABSOLUTE
    le_get_cccd_data                         0x000507c1   Thumb Code     0  ROM.lib ABSOLUTE
    le_resolve_random_address                0x000509d5   Thumb Code     0  ROM.lib ABSOLUTE
    le_gen_bond_dev                          0x00050a59   Thumb Code     0  ROM.lib ABSOLUTE
    le_set_privacy_info                      0x00050b05   Thumb Code     0  ROM.lib ABSOLUTE
    le_get_privacy_info                      0x00050b7b   Thumb Code     0  ROM.lib ABSOLUTE
    flash_save_local_name                    0x00051071   Thumb Code     0  ROM.lib ABSOLUTE
    flash_load_local_name                    0x0005108f   Thumb Code     0  ROM.lib ABSOLUTE
    flash_save_local_appearance              0x000510af   Thumb Code     0  ROM.lib ABSOLUTE
    flash_load_local_appearance              0x000510d1   Thumb Code     0  ROM.lib ABSOLUTE
    flash_save_local_irk                     0x000510f3   Thumb Code     0  ROM.lib ABSOLUTE
    flash_load_local_irk                     0x00051115   Thumb Code     0  ROM.lib ABSOLUTE
    gaps_set_parameter                       0x000518a1   Thumb Code     0  ROM.lib ABSOLUTE
    gaps_set_peripheral_preferred_conn_param 0x0005193d   Thumb Code     0  ROM.lib ABSOLUTE
    gatts_service_changed_indicate           0x0005195f   Thumb Code     0  ROM.lib ABSOLUTE
    gatt_register_callback                   0x00051ac3   Thumb Code     0  ROM.lib ABSOLUTE
    le_privacy_set_param                     0x00051b3d   Thumb Code     0  ROM.lib ABSOLUTE
    le_privacy_get_param                     0x00051b91   Thumb Code     0  ROM.lib ABSOLUTE
    le_privacy_register_cb                   0x00051bf1   Thumb Code     0  ROM.lib ABSOLUTE
    le_privacy_set_addr_resolution           0x00051bf7   Thumb Code     0  ROM.lib ABSOLUTE
    le_privacy_read_peer_resolv_addr         0x00051c77   Thumb Code     0  ROM.lib ABSOLUTE
    le_privacy_read_local_resolv_addr        0x00051c87   Thumb Code     0  ROM.lib ABSOLUTE
    le_privacy_set_resolv_priv_addr_timeout  0x00051c97   Thumb Code     0  ROM.lib ABSOLUTE
    le_privacy_modify_resolv_list            0x00051cab   Thumb Code     0  ROM.lib ABSOLUTE
    le_privacy_set_mode                      0x00051d63   Thumb Code     0  ROM.lib ABSOLUTE
    le_privacy_convert_addr_type             0x00051d73   Thumb Code     0  ROM.lib ABSOLUTE
    le_adv_set_param                         0x00051e91   Thumb Code     0  ROM.lib ABSOLUTE
    le_adv_get_param                         0x00051f95   Thumb Code     0  ROM.lib ABSOLUTE
    le_adv_read_tx_power                     0x0005202b   Thumb Code     0  ROM.lib ABSOLUTE
    le_adv_start                             0x000520c7   Thumb Code     0  ROM.lib ABSOLUTE
    le_adv_update_param                      0x0005213d   Thumb Code     0  ROM.lib ABSOLUTE
    le_adv_stop                              0x0005218b   Thumb Code     0  ROM.lib ABSOLUTE
    le_adv_set_tx_power                      0x000521d3   Thumb Code     0  ROM.lib ABSOLUTE
    le_vendor_one_shot_adv                   0x000521f9   Thumb Code     0  ROM.lib ABSOLUTE
    le_scan_set_param                        0x00052375   Thumb Code     0  ROM.lib ABSOLUTE
    le_scan_get_param                        0x00052409   Thumb Code     0  ROM.lib ABSOLUTE
    le_scan_start                            0x00052475   Thumb Code     0  ROM.lib ABSOLUTE
    le_scan_stop                             0x000524d3   Thumb Code     0  ROM.lib ABSOLUTE
    gap_send_msg_to_app                      0x00052601   Thumb Code     0  ROM.lib ABSOLUTE
    le_dtm_receiver_test                     0x0005289d   Thumb Code     0  ROM.lib ABSOLUTE
    le_dtm_transmitter_test                  0x000528ad   Thumb Code     0  ROM.lib ABSOLUTE
    le_dtm_test_end                          0x000528bd   Thumb Code     0  ROM.lib ABSOLUTE
    le_dtm_enhanced_receiver_test            0x000528cd   Thumb Code     0  ROM.lib ABSOLUTE
    le_dtm_enhanced_transmitter_test         0x000528dd   Thumb Code     0  ROM.lib ABSOLUTE
    vsnprintf                                0x00059911   Thumb Code     0  ROM.lib ABSOLUTE
    setlocale                                0x00059df5   Thumb Code     0  ROM.lib ABSOLUTE
    memcmp                                   0x00059e05   Thumb Code     0  ROM.lib ABSOLUTE
    strlen                                   0x00059e5d   Thumb Code     0  ROM.lib ABSOLUTE
    __aeabi_memcpy                           0x00059e9b   Thumb Code     0  ROM.lib ABSOLUTE
    __rt_memcpy                              0x00059e9b   Thumb Code     0  ROM.lib ABSOLUTE
    __aeabi_memcpy4                          0x00059fa9   Thumb Code     0  ROM.lib ABSOLUTE
    __aeabi_memcpy8                          0x00059fa9   Thumb Code     0  ROM.lib ABSOLUTE
    __aeabi_memset                           0x0005a00d   Thumb Code     0  ROM.lib ABSOLUTE
    __aeabi_memclr                           0x0005a01d   Thumb Code     0  ROM.lib ABSOLUTE
    __rt_memclr                              0x0005a01d   Thumb Code     0  ROM.lib ABSOLUTE
    _memset                                  0x0005a021   Thumb Code     0  ROM.lib ABSOLUTE
    __aeabi_memclr4                          0x0005a061   Thumb Code     0  ROM.lib ABSOLUTE
    __aeabi_memclr8                          0x0005a061   Thumb Code     0  ROM.lib ABSOLUTE
    __rt_memclr_w                            0x0005a061   Thumb Code     0  ROM.lib ABSOLUTE
    _memset_w                                0x0005a065   Thumb Code     0  ROM.lib ABSOLUTE
    exit                                     0x0005ae25   Thumb Code     0  ROM.lib ABSOLUTE
    strcmp                                   0x0005ae39   Thumb Code     0  ROM.lib ABSOLUTE
    __Vectors                                0x00200000   Data           4  startup_rtl8762c.o(VECTOR)
    __Vectors_End                            0x002000f4   Data           0  startup_rtl8762c.o(VECTOR)
    platform_delay_us                        0x00200154   Data           0  ROM.lib ABSOLUTE
    platform_delay_ms                        0x00200158   Data           0  ROM.lib ABSOLUTE
    flash_lock_flag                          0x002004f9   Data           0  ROM.lib ABSOLUTE
    platform_seed                            0x00200504   Data           0  ROM.lib ABSOLUTE
    platform_poly                            0x00200508   Data           0  ROM.lib ABSOLUTE
    rand_gen_init                            0x0020050c   Data           0  ROM.lib ABSOLUTE
    rand_gen_read_random_number              0x00200510   Data           0  ROM.lib ABSOLUTE
    rand_gen_reset                           0x00200514   Data           0  ROM.lib ABSOLUTE
    rtk_read_modem_radio_reg_pi              0x002005c0   Data           0  ROM.lib ABSOLUTE
    rtk_write_modem_radio_reg_pi             0x002005c4   Data           0  ROM.lib ABSOLUTE
    rtk_update_rfc_reg_pi                    0x002005ec   Data           0  ROM.lib ABSOLUTE
    phy_auto_gated_on                        0x0020094c   Data           0  ROM.lib ABSOLUTE
    phy_auto_gated_off                       0x00200950   Data           0  ROM.lib ABSOLUTE
    app_pre_main                             0x00200c38   Data           0  ROM.lib ABSOLUTE
    app_main                                 0x00200c3c   Data           0  ROM.lib ABSOLUTE
    is_log_init                              0x00200c52   Data           0  ROM.lib ABSOLUTE
    DlpsErrorCode                            0x00200c7c   Data           0  ROM.lib ABSOLUTE
    DlpsRefuseReason                         0x00200c80   Data           0  ROM.lib ABSOLUTE
    g_BasePri                                0x00200cac   Data           0  ROM.lib ABSOLUTE
    flash_device_info                        0x00200cb0   Data           0  ROM.lib ABSOLUTE
    flash_erase_enter                        0x00200ce8   Data           0  ROM.lib ABSOLUTE
    flash_erase_exit                         0x00200cec   Data           0  ROM.lib ABSOLUTE
    flash_split_read_info                    0x00200d04   Data           0  ROM.lib ABSOLUTE
    flash_dma_cfg                            0x00200d1c   Data           0  ROM.lib ABSOLUTE
    flash_sem                                0x00200d40   Data           0  ROM.lib ABSOLUTE
    pTaskHandleList                          0x00200d80   Data           0  ROM.lib ABSOLUTE
    xFreeBytesRemaining                      0x00200ebc   Data           0  ROM.lib ABSOLUTE
    xMinimumEverFreeBytesRemaining           0x00200ec4   Data           0  ROM.lib ABSOLUTE
    xHeapTotalSize                           0x00200ecc   Data           0  ROM.lib ABSOLUTE
    xStart                                   0x00200ed4   Data           0  ROM.lib ABSOLUTE
    patch_osif_os_task_signal_send           0x00201144   Data           0  ROM.lib ABSOLUTE
    patch_osif_os_msg_send_intern            0x00201184   Data           0  ROM.lib ABSOLUTE
    patch_osif_os_timer_create               0x002011d4   Data           0  ROM.lib ABSOLUTE
    patch_vTaskSwitchContext                 0x00201238   Data           0  ROM.lib ABSOLUTE
    gap_common_app_cb                        0x00202df4   Data           0  ROM.lib ABSOLUTE
    gap_device_state                         0x00202e38   Data           0  ROM.lib ABSOLUTE
    gap_param_ds_pool_id                     0x00202e44   Data           0  ROM.lib ABSOLUTE
    gap_param_ds_data_offset                 0x00202e46   Data           0  ROM.lib ABSOLUTE
    gap_app_cb                               0x00202e48   Data           0  ROM.lib ABSOLUTE
    gap_link_table                           0x00202e64   Data           0  ROM.lib ABSOLUTE
    bond_storage_num                         0x00202ebc   Data           0  ROM.lib ABSOLUTE
    Image$$RAM_DATA_ON$$RO$$Base             0x00207c00   Number         0  anon$$obj.o ABSOLUTE
    __rt_entry                               0x00207c01 * Thumb Code     0  __rtentry.o(.ARM.Collect$$rtentry$$00000000)
    __rt_entry_presh_1                       0x00207c01   Thumb Code     0  __rtentry2.o(.ARM.Collect$$rtentry$$00000002)
    __rt_entry_sh                            0x00207c01   Thumb Code     0  __rtentry4.o(.ARM.Collect$$rtentry$$00000004)
    __rt_entry_li                            0x00207c07   Thumb Code     0  __rtentry2.o(.ARM.Collect$$rtentry$$0000000A)
    __rt_entry_postsh_1                      0x00207c07   Thumb Code     0  __rtentry2.o(.ARM.Collect$$rtentry$$00000009)
    __rt_entry_main                          0x00207c0b   Thumb Code     0  __rtentry2.o(.ARM.Collect$$rtentry$$0000000D)
    __rt_entry_postli_1                      0x00207c0b   Thumb Code     0  __rtentry2.o(.ARM.Collect$$rtentry$$0000000C)
    GPIO_Group3_Handler                      0x00207c15 * Thumb Code    76  system_rtl8762c.o(.ram.dataon.data)
    GPIO_Group2_Handler                      0x00207c61 * Thumb Code    76  system_rtl8762c.o(.ram.dataon.data)
    GPIO_Group1_Handler                      0x00207cad * Thumb Code    68  system_rtl8762c.o(.ram.dataon.data)
    GPIO_Group0_Handler                      0x00207cf1 * Thumb Code    68  system_rtl8762c.o(.ram.dataon.data)
    ADC_Handler                              0x00207d39 * Thumb Code     0  startup_rtl8762c.o(.text)
    BTMAC_Handler                            0x00207d39 * Thumb Code     0  startup_rtl8762c.o(.text)
    BusFault_Handler                         0x00207d39 * Thumb Code     0  startup_rtl8762c.o(.text)
    DebugMon_Handler                         0x00207d39 * Thumb Code     0  startup_rtl8762c.o(.text)
    Default_Handler                          0x00207d39 * Thumb Code    16  startup_rtl8762c.o(.text)
    GDMA0_Channel0_Handler                   0x00207d39 * Thumb Code     0  startup_rtl8762c.o(.text)
    GDMA0_Channel1_Handler                   0x00207d39 * Thumb Code     0  startup_rtl8762c.o(.text)
    GDMA0_Channel2_Handler                   0x00207d39 * Thumb Code     0  startup_rtl8762c.o(.text)
    GDMA0_Channel3_Handler                   0x00207d39 * Thumb Code     0  startup_rtl8762c.o(.text)
    GDMA0_Channel4_Handler                   0x00207d39 * Thumb Code     0  startup_rtl8762c.o(.text)
    GDMA0_Channel5_Handler                   0x00207d39 * Thumb Code     0  startup_rtl8762c.o(.text)
    GPIO0_Handler                            0x00207d39   Thumb Code     0  startup_rtl8762c.o(.text)
    GPIO10_Handler                           0x00207d39   Thumb Code     0  startup_rtl8762c.o(.text)
    GPIO11_Handler                           0x00207d39   Thumb Code     0  startup_rtl8762c.o(.text)
    GPIO12_Handler                           0x00207d39   Thumb Code     0  startup_rtl8762c.o(.text)
    GPIO13_Handler                           0x00207d39   Thumb Code     0  startup_rtl8762c.o(.text)
    GPIO14_Handler                           0x00207d39   Thumb Code     0  startup_rtl8762c.o(.text)
    GPIO15_Handler                           0x00207d39   Thumb Code     0  startup_rtl8762c.o(.text)
    GPIO16_Handler                           0x00207d39   Thumb Code     0  startup_rtl8762c.o(.text)
    GPIO17_Handler                           0x00207d39   Thumb Code     0  startup_rtl8762c.o(.text)
    GPIO18_Handler                           0x00207d39   Thumb Code     0  startup_rtl8762c.o(.text)
    GPIO19_Handler                           0x00207d39   Thumb Code     0  startup_rtl8762c.o(.text)
    GPIO1_Handler                            0x00207d39   Thumb Code     0  startup_rtl8762c.o(.text)
    GPIO20_Handler                           0x00207d39   Thumb Code     0  startup_rtl8762c.o(.text)
    GPIO21_Handler                           0x00207d39   Thumb Code     0  startup_rtl8762c.o(.text)
    GPIO22_Handler                           0x00207d39   Thumb Code     0  startup_rtl8762c.o(.text)
    GPIO23_Handler                           0x00207d39   Thumb Code     0  startup_rtl8762c.o(.text)
    GPIO24_Handler                           0x00207d39   Thumb Code     0  startup_rtl8762c.o(.text)
    GPIO25_Handler                           0x00207d39   Thumb Code     0  startup_rtl8762c.o(.text)
    GPIO26_Handler                           0x00207d39   Thumb Code     0  startup_rtl8762c.o(.text)
    GPIO27_Handler                           0x00207d39   Thumb Code     0  startup_rtl8762c.o(.text)
    GPIO28_Handler                           0x00207d39   Thumb Code     0  startup_rtl8762c.o(.text)
    GPIO29_Handler                           0x00207d39   Thumb Code     0  startup_rtl8762c.o(.text)
    GPIO2_Handler                            0x00207d39   Thumb Code     0  startup_rtl8762c.o(.text)
    GPIO30_Handler                           0x00207d39   Thumb Code     0  startup_rtl8762c.o(.text)
    GPIO31_Handler                           0x00207d39   Thumb Code     0  startup_rtl8762c.o(.text)
    GPIO3_Handler                            0x00207d39   Thumb Code     0  startup_rtl8762c.o(.text)
    GPIO4_Handler                            0x00207d39 * Thumb Code     0  startup_rtl8762c.o(.text)
    GPIO5_Handler                            0x00207d39 * Thumb Code     0  startup_rtl8762c.o(.text)
    GPIO6_Handler                            0x00207d39   Thumb Code     0  startup_rtl8762c.o(.text)
    GPIO7_Handler                            0x00207d39   Thumb Code     0  startup_rtl8762c.o(.text)
    GPIO8_Handler                            0x00207d39   Thumb Code     0  startup_rtl8762c.o(.text)
    GPIO9_Handler                            0x00207d39   Thumb Code     0  startup_rtl8762c.o(.text)
    HardFault_Handler                        0x00207d39 * Thumb Code     0  startup_rtl8762c.o(.text)
    I2C0_Handler                             0x00207d39 * Thumb Code     0  startup_rtl8762c.o(.text)
    I2C1_Handler                             0x00207d39 * Thumb Code     0  startup_rtl8762c.o(.text)
    I2S0_RX_Handler                          0x00207d39 * Thumb Code     0  startup_rtl8762c.o(.text)
    I2S0_TX_Handler                          0x00207d39 * Thumb Code     0  startup_rtl8762c.o(.text)
    I2S1_RX_Handler                          0x00207d39 * Thumb Code     0  startup_rtl8762c.o(.text)
    I2S1_TX_Handler                          0x00207d39 * Thumb Code     0  startup_rtl8762c.o(.text)
    IR_Handler                               0x00207d39 * Thumb Code     0  startup_rtl8762c.o(.text)
    Keyscan_Handler                          0x00207d39 * Thumb Code     0  startup_rtl8762c.o(.text)
    LCD_Handler                              0x00207d39 * Thumb Code     0  startup_rtl8762c.o(.text)
    LPCOMP_Handler                           0x00207d39 * Thumb Code     0  startup_rtl8762c.o(.text)
    MemManage_Handler                        0x00207d39 * Thumb Code     0  startup_rtl8762c.o(.text)
    NMI_Handler                              0x00207d39 * Thumb Code     0  startup_rtl8762c.o(.text)
    PTA_Mailbox_Handler                      0x00207d39 * Thumb Code     0  startup_rtl8762c.o(.text)
    PendSV_Handler                           0x00207d39 * Thumb Code     0  startup_rtl8762c.o(.text)
    Peripheral_Handler                       0x00207d39 * Thumb Code     0  startup_rtl8762c.o(.text)
    Qdecode_Handler                          0x00207d39 * Thumb Code     0  startup_rtl8762c.o(.text)
    RTC_Handler                              0x00207d39 * Thumb Code     0  startup_rtl8762c.o(.text)
    SPI0_Handler                             0x00207d39 * Thumb Code     0  startup_rtl8762c.o(.text)
    SPI1_Handler                             0x00207d39 * Thumb Code     0  startup_rtl8762c.o(.text)
    SPI2W_Handler                            0x00207d39 * Thumb Code     0  startup_rtl8762c.o(.text)
    SPI_Flash_Handler                        0x00207d39 * Thumb Code     0  startup_rtl8762c.o(.text)
    SVC_Handler                              0x00207d39 * Thumb Code     0  startup_rtl8762c.o(.text)
    SysTick_Handler                          0x00207d39 * Thumb Code     0  startup_rtl8762c.o(.text)
    System_Handler                           0x00207d39 * Thumb Code     0  startup_rtl8762c.o(.text)
    Timer2_Handler                           0x00207d39 * Thumb Code     0  startup_rtl8762c.o(.text)
    Timer3_Handler                           0x00207d39 * Thumb Code     0  startup_rtl8762c.o(.text)
    Timer4_7_Handler                         0x00207d39 * Thumb Code     0  startup_rtl8762c.o(.text)
    Timer4_Handler                           0x00207d39 * Thumb Code     0  startup_rtl8762c.o(.text)
    Timer5_Handler                           0x00207d39 * Thumb Code     0  startup_rtl8762c.o(.text)
    Timer6_Handler                           0x00207d39 * Thumb Code     0  startup_rtl8762c.o(.text)
    Timer7_Handler                           0x00207d39 * Thumb Code     0  startup_rtl8762c.o(.text)
    UART1_Handler                            0x00207d39 * Thumb Code     0  startup_rtl8762c.o(.text)
    UART2_Handler                            0x00207d39 * Thumb Code     0  startup_rtl8762c.o(.text)
    UsageFault_Handler                       0x00207d39 * Thumb Code     0  startup_rtl8762c.o(.text)
    WDG_Handler                              0x00207d39 * Thumb Code     0  startup_rtl8762c.o(.text)
    __user_setup_stackheap                   0x00207d49   Thumb Code     2  startup_rtl8762c.o(.text)
    RCC_PeriphClockCmd                       0x00207d89 * Thumb Code   286  rtl876x_rcc.o(.text)
    RCC_SPIClkDivConfig                      0x00207ea7   Thumb Code   112  rtl876x_rcc.o(.text)
    RCC_I2CClkDivConfig                      0x00207f17   Thumb Code   110  rtl876x_rcc.o(.text)
    RCC_UARTClkDivConfig                     0x00207f85   Thumb Code   114  rtl876x_rcc.o(.text)
    RCC_PeriClockConfig                      0x00207ff7   Thumb Code   106  rtl876x_rcc.o(.text)
    RCC_PeriFunctionConfig                   0x00208061   Thumb Code    90  rtl876x_rcc.o(.text)
    GPIO_DeInit                              0x002080dd   Thumb Code    12  rtl876x_gpio.o(.text)
    GPIO_Init                                0x002080e9   Thumb Code   190  rtl876x_gpio.o(.text)
    GPIO_StructInit                          0x002081a7   Thumb Code    26  rtl876x_gpio.o(.text)
    GPIO_INTConfig                           0x002081c1   Thumb Code    18  rtl876x_gpio.o(.text)
    GPIO_ClearINTPendingBit                  0x002081d3   Thumb Code     6  rtl876x_gpio.o(.text)
    GPIO_MaskINTConfig                       0x002081d9   Thumb Code    18  rtl876x_gpio.o(.text)
    GPIO_GetPin                              0x002081eb   Thumb Code    42  rtl876x_gpio.o(.text)
    GPIO_GetNum                              0x00208215   Thumb Code    38  rtl876x_gpio.o(.text)
    GPIO_DBClkCmd                            0x0020823b   Thumb Code    28  rtl876x_gpio.o(.text)
    simp_ble_client_start_discovery          0x00208261   Thumb Code    76  simple_ble_client.o(.text)
    simp_ble_client_read_by_handle           0x002082ad   Thumb Code   174  simple_ble_client.o(.text)
    simp_ble_client_read_by_uuid             0x0020835b   Thumb Code   154  simple_ble_client.o(.text)
    simp_ble_client_set_v3_notify            0x002083f5   Thumb Code   114  simple_ble_client.o(.text)
    simp_ble_client_set_v4_ind               0x00208467   Thumb Code   124  simple_ble_client.o(.text)
    simp_ble_client_write_v2_char            0x002084e3   Thumb Code    82  simple_ble_client.o(.text)
    simp_ble_client_get_hdl_cache            0x00208535   Thumb Code    88  simple_ble_client.o(.text)
    simp_ble_client_set_hdl_cache            0x0020858d   Thumb Code    86  simple_ble_client.o(.text)
    simp_ble_add_client                      0x00208a7d   Thumb Code   106  simple_ble_client.o(.text)
    bas_start_discovery                      0x00208b01   Thumb Code    88  bas_client.o(.text)
    bas_read_battery_level                   0x00208b59   Thumb Code    74  bas_client.o(.text)
    bas_set_notify                           0x00208ba3   Thumb Code   100  bas_client.o(.text)
    bas_read_notify                          0x00208c07   Thumb Code    72  bas_client.o(.text)
    bas_get_hdl_cache                        0x00208c4f   Thumb Code    88  bas_client.o(.text)
    bas_set_hdl_cache                        0x00208ca7   Thumb Code    86  bas_client.o(.text)
    bas_add_client                           0x00209009   Thumb Code   110  bas_client.o(.text)
    gaps_start_discovery                     0x00209091   Thumb Code    88  gaps_client.o(.text)
    gaps_read                                0x002090e9   Thumb Code   116  gaps_client.o(.text)
    gaps_get_hdl_cache                       0x0020915d   Thumb Code    86  gaps_client.o(.text)
    gaps_set_hdl_cache                       0x002091b3   Thumb Code    88  gaps_client.o(.text)
    gaps_check_resolvable_private_addr_only_char 0x0020920b   Thumb Code    70  gaps_client.o(.text)
    gaps_add_client                          0x002094b7   Thumb Code   108  gaps_client.o(.text)
    app_main_task                            0x00209ab1   Thumb Code   148  app_task.o(.text)
    app_task_init                            0x00209b45   Thumb Code    28  app_task.o(.text)
    app_handle_authen_state_evt              0x00209b89   Thumb Code   164  central_app.o(.text)
    app_handle_conn_param_update_evt         0x00209c2d   Thumb Code   126  central_app.o(.text)
    app_discov_services                      0x00209cab   Thumb Code   136  central_app.o(.text)
    app_handle_conn_mtu_info_evt             0x00209d33   Thumb Code    30  central_app.o(.text)
    app_handle_conn_state_evt                0x00209d51   Thumb Code   214  central_app.o(.text)
    app_handle_dev_state_evt                 0x00209e27   Thumb Code   120  central_app.o(.text)
    app_handle_gap_msg                       0x00209e9f   Thumb Code   508  central_app.o(.text)
    app_handle_io_msg                        0x0020a09b   Thumb Code    44  central_app.o(.text)
    filter_scan_info_by_name                 0x0020a0c7   Thumb Code    94  central_app.o(.text)
    app_parse_scan_info                      0x0020a125   Thumb Code   380  central_app.o(.text)
    filter_scan_info_by_uuid                 0x0020a2a1   Thumb Code   134  central_app.o(.text)
    app_gap_callback                         0x0020a327   Thumb Code   176  central_app.o(.text)
    app_client_callback                      0x0020a3d7   Thumb Code  1274  central_app.o(.text)
    app_le_gap_init                          0x0020a929   Thumb Code   266  main.o(.text)
    app_le_profile_init                      0x0020aa33   Thumb Code    46  main.o(.text)
    board_init                               0x0020aa61   Thumb Code     2  main.o(.text)
    driver_init                              0x0020aa63   Thumb Code     2  main.o(.text)
    pwr_mgr_init                             0x0020aa65   Thumb Code     2  main.o(.text)
    task_init                                0x0020aa67   Thumb Code     4  main.o(.text)
    main                                     0x0020aa6b   Thumb Code    44  main.o(.text)
    data_uart_send_char                      0x0020aab5   Thumb Code    30  data_uart.o(.text)
    data_uart_vsprintf                       0x0020aad3   Thumb Code   334  data_uart.o(.text)
    data_uart_print                          0x0020ac21   Thumb Code    20  data_uart.o(.text)
    FramingCheckSum                          0x0020ac35   Thumb Code    34  data_uart.o(.text)
    FramingWrapFrameUartPrint                0x0020ac57   Thumb Code   120  data_uart.o(.text)
    UART0_Handler                            0x0020accf * Thumb Code   126  data_uart.o(.text)
    data_uart_init                           0x0020ad4d   Thumb Code   126  data_uart.o(.text)
    user_cmd_collect                         0x0020af97   Thumb Code  1060  user_cmd_parse.o(.text)
    user_cmd_init                            0x0020b3bb   Thumb Code    28  user_cmd_parse.o(.text)
    qc_app_main_task                         0x0020b53d   Thumb Code    88  mxchip_qc.o(.text)
    qc_app_task_init                         0x0020b595   Thumb Code    28  mxchip_qc.o(.text)
    mf_printf                                0x0020b5b1   Thumb Code    92  mxchip_qc.o(.text)
    mf_putc                                  0x0020b60d   Thumb Code     6  mxchip_qc.o(.text)
    _qc_uart_io_init                         0x0020b613   Thumb Code    54  mxchip_qc.o(.text)
    _qc_uart_config                          0x0020b649   Thumb Code    34  mxchip_qc.o(.text)
    _qc_test_uart_init                       0x0020b66b   Thumb Code    22  mxchip_qc.o(.text)
    _qc_gap_callback                         0x0020b681   Thumb Code    68  mxchip_qc.o(.text)
    _qc_le_gap_init                          0x0020b6c5   Thumb Code   102  mxchip_qc.o(.text)
    mxchip_qc_init                           0x0020b80f   Thumb Code   122  mxchip_qc.o(.text)
    gap_sw_reset_req                         0x0020ba31   Thumb Code    62  gap_lib_patch.o(.text)
    le_handle_sw_reset_rsp                   0x0020ba6f * Thumb Code    42  gap_lib_patch.o(.text)
    le_check_privacy_bond                    0x0020ba99   Thumb Code   106  gap_lib_patch.o(.text)
    le_bond_just_work_confirm                0x0020bb03   Thumb Code    36  gap_lib_patch.o(.text)
    le_gen_rand_addr                         0x0020bb27   Thumb Code   168  gap_lib_patch.o(.text)
    le_bond_get_sec_level                    0x0020bbcf   Thumb Code    74  gap_lib_patch.o(.text)
    gap_set_lps_bootup_active_time           0x0020bc41   Thumb Code    52  gap_vendor_cmd.o(.text)
    lps_get_wakeup_time                      0x0020bc75   Thumb Code    22  gap_vendor_cmd.o(.text)
    le_handle_vendor_cmd_rsp                 0x0020bc8b * Thumb Code    72  gap_vendor_cmd.o(.text)
    gap_vendor_cmd_req                       0x0020bcd3   Thumb Code    16  gap_vendor_cmd.o(.text)
    le_handle_vendor_evt_info                0x0020bce3 * Thumb Code    22  gap_vendor_cmd.o(.text)
    le_vendor_modify_bt_le_fw_policy         0x0020bcf9   Thumb Code    74  gap_vendor_cmd.o(.text)
    __2sprintf                               0x0020bd51   Thumb Code    34  noretval__2sprintf.o(.text)
    _printf_int_dec                          0x0020bd79 * Thumb Code   104  _printf_dec.o(.text)
    _printf_int_hex                          0x0020bdf1 * Thumb Code    84  _printf_hex_int.o(.text)
    _printf_longlong_hex                     0x0020bdf1   Thumb Code     0  _printf_hex_int.o(.text)
    strcpy                                   0x0020be49   Thumb Code    72  strcpy.o(.text)
    _printf_int_common                       0x0020be91   Thumb Code   178  _printf_intcommon.o(.text)
    _printf_char_common                      0x0020bf4f   Thumb Code    32  _printf_char_common.o(.text)
    _sputc                                   0x0020bf75   Thumb Code    10  _sputc.o(.text)
    app_cb_table                             0x0020bf80   Data          32  system_rtl8762c.o(.constdata)
    bas_client_cbs                           0x0020bfa0   Data          24  bas_client.o(.constdata)
    gaps_client_cbs                          0x0020bfc8   Data          24  gaps_client.o(.constdata)
    Image$$RAM_DATA_ON$$RW$$Base             0x0020cf24   Number         0  anon$$obj.o ABSOLUTE
    Image$$RAM_DATA_ON$$ZI$$Base             0x0020cf98   Number         0  anon$$obj.o ABSOLUTE
    user_wdg_cb                              0x0020cf98   Data           4  system_rtl8762c.o(.bss)
    user_dfu_status_cb                       0x0020cf9c   Data           4  system_rtl8762c.o(.bss)
    app_pre_main_cb                          0x0020cfa0   Data           4  system_rtl8762c.o(.bss)
    random_seed_value                        0x0020cfa4   Data           4  system_rtl8762c.o(.bss)
    cmd_buffer                               0x0020cfcc   Data         502  user_cmd.o(.bss)
    user_cmd_if                              0x0020d1c4   Data         420  user_cmd.o(.bss)
    app_task_handle                          0x0020d368   Data           4  app_task.o(.bss)
    evt_queue_handle                         0x0020d36c   Data           4  app_task.o(.bss)
    io_queue_handle                          0x0020d370   Data           4  app_task.o(.bss)
    gap_dev_state                            0x0020d374   Data           1  central_app.o(.bss)
    simple_ble_client_id                     0x0020d375   Data           1  central_app.o(.bss)
    gaps_client_id                           0x0020d376   Data           1  central_app.o(.bss)
    bas_client_id                            0x0020d377   Data           1  central_app.o(.bss)
    dev_list_count                           0x0020d378   Data           1  link_mgr.o(.bss)
    dev_list                                 0x0020d379   Data          42  link_mgr.o(.bss)
    app_link_table                           0x0020d3a3   Data          40  link_mgr.o(.bss)
    scenario_name                            0x0020d3d4   Data           8  overlay_mgr.o(.bss)
    _random_number_data                      0x0020d3ec   Data         228  rand.o(.bss)
    Image$$OVERLAY_A$$RO$$Base               0x0020d4d0   Number         0  anon$$obj.o ABSOLUTE
    Image$$OVERLAY_B$$RO$$Base               0x0020d4d0   Number         0  anon$$obj.o ABSOLUTE
    Image$$OVERLAY_B$$RW$$Base               0x0020d4d0   Number         0  anon$$obj.o ABSOLUTE
    Image$$OVERLAY_B$$ZI$$Base               0x0020d4d0   Number         0  anon$$obj.o ABSOLUTE
    Image$$OVERLAY_C$$RO$$Base               0x0020d4d0   Number         0  anon$$obj.o ABSOLUTE
    Image$$OVERLAY_C$$RW$$Base               0x0020d4d0   Number         0  anon$$obj.o ABSOLUTE
    Image$$OVERLAY_C$$ZI$$Base               0x0020d4d0   Number         0  anon$$obj.o ABSOLUTE
    Image$$OVERLAY_A$$RW$$Base               0x0020d590   Number         0  anon$$obj.o ABSOLUTE
    Image$$OVERLAY_A$$ZI$$Base               0x0020d590   Number         0  anon$$obj.o ABSOLUTE
    Image$$CACHE_DATA_ON$$RO$$Base           0x0021c000   Number         0  anon$$obj.o ABSOLUTE
    _printf_d                                0x0021c001   Thumb Code     0  _printf_d.o(.ARM.Collect$$_printf_percent$$00000009)
    _printf_percent                          0x0021c001   Thumb Code     0  _printf_percent.o(.ARM.Collect$$_printf_percent$$00000000)
    _printf_x                                0x0021c007   Thumb Code     0  _printf_x.o(.ARM.Collect$$_printf_percent$$0000000C)
    _printf_percent_end                      0x0021c00d   Thumb Code     0  _printf_percent_end.o(.ARM.Collect$$_printf_percent$$00000017)
    __rt_lib_init                            0x0021c011 * Thumb Code     0  libinit.o(.ARM.Collect$$libinit$$00000000)
    __rt_lib_init_fp_1                       0x0021c013   Thumb Code     0  libinit2.o(.ARM.Collect$$libinit$$00000001)
    __rt_lib_init_heap_1                     0x0021c017   Thumb Code     0  libinit2.o(.ARM.Collect$$libinit$$0000000A)
    __rt_lib_init_preinit_1                  0x0021c017   Thumb Code     0  libinit2.o(.ARM.Collect$$libinit$$00000004)
    __rt_lib_init_rand_2                     0x0021c017   Thumb Code     0  libinit2.o(.ARM.Collect$$libinit$$0000000D)
    __rt_lib_init_user_alloc_1               0x0021c017   Thumb Code     0  libinit2.o(.ARM.Collect$$libinit$$0000000C)
    __rt_lib_init_alloca_1                   0x0021c01b   Thumb Code     0  libinit2.o(.ARM.Collect$$libinit$$0000002E)
    __rt_lib_init_argv_1                     0x0021c01b   Thumb Code     0  libinit2.o(.ARM.Collect$$libinit$$0000002C)
    __rt_lib_init_atexit_1                   0x0021c01b   Thumb Code     0  libinit2.o(.ARM.Collect$$libinit$$0000001B)
    __rt_lib_init_clock_1                    0x0021c01b   Thumb Code     0  libinit2.o(.ARM.Collect$$libinit$$00000021)
    __rt_lib_init_cpp_1                      0x0021c01b   Thumb Code     0  libinit2.o(.ARM.Collect$$libinit$$00000032)
    __rt_lib_init_exceptions_1               0x0021c01b   Thumb Code     0  libinit2.o(.ARM.Collect$$libinit$$00000030)
    __rt_lib_init_fp_trap_1                  0x0021c01b   Thumb Code     0  libinit2.o(.ARM.Collect$$libinit$$0000001F)
    __rt_lib_init_getenv_1                   0x0021c01b   Thumb Code     0  libinit2.o(.ARM.Collect$$libinit$$00000023)
    __rt_lib_init_lc_collate_1               0x0021c01b   Thumb Code     0  libinit2.o(.ARM.Collect$$libinit$$00000011)
    __rt_lib_init_lc_ctype_1                 0x0021c01b   Thumb Code     0  libinit2.o(.ARM.Collect$$libinit$$00000013)
    __rt_lib_init_lc_monetary_1              0x0021c01b   Thumb Code     0  libinit2.o(.ARM.Collect$$libinit$$00000015)
    __rt_lib_init_lc_numeric_1               0x0021c01b   Thumb Code     0  libinit2.o(.ARM.Collect$$libinit$$00000017)
    __rt_lib_init_lc_time_1                  0x0021c01b   Thumb Code     0  libinit2.o(.ARM.Collect$$libinit$$00000019)
    __rt_lib_init_rand_1                     0x0021c01b   Thumb Code     0  libinit2.o(.ARM.Collect$$libinit$$0000000E)
    __rt_lib_init_return                     0x0021c01b   Thumb Code     0  libinit2.o(.ARM.Collect$$libinit$$00000033)
    __rt_lib_init_signal_1                   0x0021c01b   Thumb Code     0  libinit2.o(.ARM.Collect$$libinit$$0000001D)
    __rt_lib_init_stdio_1                    0x0021c01b   Thumb Code     0  libinit2.o(.ARM.Collect$$libinit$$00000025)
    rand                                     0x0021c01d * Thumb Code    48  rand.o(.emb_text)
    common_main                              0x0021c051 * Thumb Code    74  system_rtl8762c.o(.text)
    WDG_SystemReset                          0x0021c09b * Thumb Code    10  system_rtl8762c.o(.text)
    flash_try_high_speed                     0x0021c0a5   Thumb Code    48  system_rtl8762c.o(.text)
    malloc                                   0x0021c0d5   Thumb Code    14  system_rtl8762c.o(.text)
    calloc                                   0x0021c0e3   Thumb Code    16  system_rtl8762c.o(.text)
    realloc                                  0x0021c0f3   Thumb Code    30  system_rtl8762c.o(.text)
    free                                     0x0021c111   Thumb Code     4  system_rtl8762c.o(.text)
    app_cb0_wdg_reset                        0x0021c115 * Thumb Code    16  system_rtl8762c.o(.text)
    app_cb5_dfu_status                       0x0021c125 * Thumb Code    12  system_rtl8762c.o(.text)
    UART_Init                                0x0021c191 * Thumb Code   194  rtl876x_uart.o(.text)
    UART_DeInit                              0x0021c253   Thumb Code    48  rtl876x_uart.o(.text)
    UART_StructInit                          0x0021c283 * Thumb Code    48  rtl876x_uart.o(.text)
    UART_ReceiveData                         0x0021c2b3 * Thumb Code    16  rtl876x_uart.o(.text)
    UART_SendData                            0x0021c2c3 * Thumb Code    16  rtl876x_uart.o(.text)
    UART_INTConfig                           0x0021c2d3 * Thumb Code    86  rtl876x_uart.o(.text)
    UART_GetFlagState                        0x0021c329 * Thumb Code    28  rtl876x_uart.o(.text)
    UART_LoopBackCmd                         0x0021c345   Thumb Code    20  rtl876x_uart.o(.text)
    link_mgr_add_device                      0x0021c379 * Thumb Code    82  link_mgr.o(.text)
    link_mgr_clear_device_list               0x0021c3cb * Thumb Code     8  link_mgr.o(.text)
    load_overlay                             0x0021c3d9 * Thumb Code    76  overlay_mgr.o(.text)
    get_current_scenario_index               0x0021c425   Thumb Code    38  overlay_mgr.o(.text)
    gap_lib_handle_btif_msg                  0x0021c455   Thumb Code    52  gap_lib.o(.text)
    gap_lib_init                             0x0021c489 * Thumb Code    74  gap_lib.o(.text)
    _printf_pre_padding                      0x0021c4dd * Thumb Code    44  _printf_pad.o(.text)
    _printf_post_padding                     0x0021c509 * Thumb Code    34  _printf_pad.o(.text)
    __printf                                 0x0021c52d * Thumb Code   308  __printf_flags_wp.o(.text)
    srand                                    0x0021c665 * Thumb Code    42  rand.o(.text)
    _rand_init                               0x0021c68f   Thumb Code     4  rand.o(.text)
    strncmp                                  0x0021c6a1 * Thumb Code   150  strncmp.o(.text)
    strcat                                   0x0021c737 * Thumb Code    24  strcat.o(.text)
    _is_digit                                0x0021c74f   Thumb Code    14  __printf_wp.o(i._is_digit)
    _fp_init                                 0x0021c75d   Thumb Code    10  fpinit.o(x$fpl$fpinit)
    __fplib_config_fpu_vfp                   0x0021c765   Thumb Code     0  fpinit.o(x$fpl$fpinit)
    __fplib_config_pureend_doubles           0x0021c765   Thumb Code     0  fpinit.o(x$fpl$fpinit)
    simp_ble_client_cbs                      0x0021c874   Data          24  simple_ble_client.o(.constdata)
    user_cmd_table                           0x0021c8a0   Data         416  user_cmd.o(.constdata)
    Image$$CACHE_DATA_ON$$RW$$Base           0x0021ccdc   Number         0  anon$$obj.o ABSOLUTE
    Image$$CACHE_DATA_ON$$ZI$$Base           0x0021ccdc   Number         0  anon$$obj.o ABSOLUTE
    img_header                               0x0080e000   Data         480  system_rtl8762c.o(.app.flash.header)
    auth_header                              0x0080e1e0   Data         544  system_rtl8762c.o(.app.flash.header)
    Image$$FLASH_START_ADDR$$RO$$Base        0x0080e400   Number         0  anon$$obj.o ABSOLUTE
    Load$$FLASH_START_ADDR$$RO$$Base         0x0080e400   Number         0  anon$$obj.o ABSOLUTE
    Reset_Handler                            0x0080e401   Thumb Code     4  startup_rtl8762c.o(RESET)
    __main                                   0x0080e409   Thumb Code     8  __main.o(!!!main)
    ram_init                                 0x0080e411   Thumb Code    62  system_rtl8762c.o(.app.flash.text)
    random_seed_init                         0x0080e44f   Thumb Code    92  system_rtl8762c.o(.app.flash.text)
    print_reset_reason                       0x0080e4ab   Thumb Code    76  system_rtl8762c.o(.app.flash.text)
    pre_main                                 0x0080e4f7   Thumb Code   104  system_rtl8762c.o(.app.flash.text)
    SystemInit                               0x0080e55f   Thumb Code   166  system_rtl8762c.o(.app.flash.text)
    bt_stack_config_init                     0x0080e699   Thumb Code     6  main.o(.app.flash.text)
    gap_config_bt_bd_addr                    0x0080e6a1   Thumb Code    42  gap_config.o(.app.flash.text)
    gap_config_ae_parameter                  0x0080e6cb   Thumb Code     8  gap_config.o(.app.flash.text)
    gap_config_cccd_not_check                0x0080e6d3   Thumb Code    18  gap_config.o(.app.flash.text)
    gap_config_le_min_rem_sca                0x0080e6e5   Thumb Code    22  gap_config.o(.app.flash.text)
    gap_config_bte_pool_size                 0x0080e6fb   Thumb Code    22  gap_config.o(.app.flash.text)
    gap_config_bt_report_buf_num             0x0080e711   Thumb Code    10  gap_config.o(.app.flash.text)
    gap_config_ccc_bits_count                0x0080e71b   Thumb Code    14  gap_config.o(.app.flash.text)
    gap_config_max_attribute_table_count     0x0080e729   Thumb Code    10  gap_config.o(.app.flash.text)
    gap_config_max_mtu_size                  0x0080e733   Thumb Code    10  gap_config.o(.app.flash.text)
    gap_config_le_key_storage_flag           0x0080e73d   Thumb Code    10  gap_config.o(.app.flash.text)
    gap_config_max_le_paired_device          0x0080e747   Thumb Code    10  gap_config.o(.app.flash.text)
    gap_config_bqb_en                        0x0080e751   Thumb Code    18  gap_config.o(.app.flash.text)
    gap_config_l2c_param                     0x0080e763   Thumb Code    18  gap_config.o(.app.flash.text)
    Load$$RAM_VECTOR_TABLE$$RO$$Base         0x0080e77c   Number         0  anon$$obj.o ABSOLUTE
    Load$$RAM_DATA_ON$$RO$$Base              0x0080e870   Number         0  anon$$obj.o ABSOLUTE
    Load$$RAM_DATA_ON$$RW$$Base              0x00813b94   Number         0  anon$$obj.o ABSOLUTE
    Load$$OVERLAY_A$$RO$$Base                0x00813c08   Number         0  anon$$obj.o ABSOLUTE
    Load$$CACHE_DATA_ON$$RO$$Base            0x00813cc8   Number         0  anon$$obj.o ABSOLUTE
    Load$$OVERLAY_A$$RW$$Base                0x00813cc8   Number         0  anon$$obj.o ABSOLUTE
    Load$$OVERLAY_B$$RO$$Base                0x00813cc8   Number         0  anon$$obj.o ABSOLUTE
    Load$$OVERLAY_B$$RW$$Base                0x00813cc8   Number         0  anon$$obj.o ABSOLUTE
    Load$$OVERLAY_C$$RO$$Base                0x00813cc8   Number         0  anon$$obj.o ABSOLUTE
    Load$$OVERLAY_C$$RW$$Base                0x00813cc8   Number         0  anon$$obj.o ABSOLUTE
    Load$$CACHE_DATA_ON$$RW$$Base            0x008149a4   Number         0  anon$$obj.o ABSOLUTE



==============================================================================

Memory Map of the image

  Image Entry point : 0x0080e409

  Load Region LOAD_FLASH (Base: 0x0080e000, Size: 0x000069a4, Max: 0x00017000, ABSOLUTE)

    Execution Region RAM_VECTOR_TABLE (Base: 0x00200000, Size: 0x000000f4, Max: 0x000000f4, OVERLAY)

    Base Addr    Size         Type   Attr      Idx    E Section Name        Object

    0x00200000   0x000000f4   Data   RO            1    VECTOR              startup_rtl8762c.o


    Execution Region RAM_DATA_ON (Base: 0x00207c00, Size: 0x000058d0, Max: 0x00008c00, OVERLAY)

    Base Addr    Size         Type   Attr      Idx    E Section Name        Object

    0x00207c00   0x00000000   Code   RO          891    .ARM.Collect$$rtentry$$00000000  c_w.l(__rtentry.o)
    0x00207c00   0x00000000   Code   RO          945    .ARM.Collect$$rtentry$$00000002  c_w.l(__rtentry2.o)
    0x00207c00   0x00000006   Code   RO          957    .ARM.Collect$$rtentry$$00000004  c_w.l(__rtentry4.o)
    0x00207c06   0x00000000   Code   RO          947    .ARM.Collect$$rtentry$$00000009  c_w.l(__rtentry2.o)
    0x00207c06   0x00000004   Code   RO          948    .ARM.Collect$$rtentry$$0000000A  c_w.l(__rtentry2.o)
    0x00207c0a   0x00000000   Code   RO          950    .ARM.Collect$$rtentry$$0000000C  c_w.l(__rtentry2.o)
    0x00207c0a   0x00000008   Code   RO          951    .ARM.Collect$$rtentry$$0000000D  c_w.l(__rtentry2.o)
    0x00207c12   0x00000002   PAD
    0x00207c14   0x00000124   Code   RO           17    .ram.dataon.data    system_rtl8762c.o
    0x00207d38   0x00000050   Code   RO            3    .text               startup_rtl8762c.o
    0x00207d88   0x00000354   Code   RO          181    .text               rtl876x_rcc.o
    0x002080dc   0x00000184   Code   RO          243    .text               rtl876x_gpio.o
    0x00208260   0x000008a0   Code   RO          267    .text               simple_ble_client.o
    0x00208b00   0x00000590   Code   RO          316    .text               bas_client.o
    0x00209090   0x000004a8   Code   RO          337    .text               gaps_client.o
    0x00209538   0x00000576   Code   RO          358    .text               user_cmd.o
    0x00209aae   0x00000002   PAD
    0x00209ab0   0x000000d8   Code   RO          416    .text               app_task.o
    0x00209b88   0x00000da0   Code   RO          450    .text               central_app.o
    0x0020a928   0x0000018c   Code   RO          479    .text               main.o
    0x0020aab4   0x00000358   Code   RO          548    .text               data_uart.o
    0x0020ae0c   0x00000730   Code   RO          595    .text               user_cmd_parse.o
    0x0020b53c   0x000004f4   Code   RO          628    .text               mxchip_qc.o
    0x0020ba30   0x00000210   Code   RO          757    .text               gap_utils.lib(gap_lib_patch.o)
    0x0020bc40   0x00000110   Code   RO          808    .text               gap_utils.lib(gap_vendor_cmd.o)
    0x0020bd50   0x00000028   Code   RO          826    .text               c_w.l(noretval__2sprintf.o)
    0x0020bd78   0x00000078   Code   RO          832    .text               c_w.l(_printf_dec.o)
    0x0020bdf0   0x00000058   Code   RO          837    .text               c_w.l(_printf_hex_int.o)
    0x0020be48   0x00000048   Code   RO          883    .text               c_w.l(strcpy.o)
    0x0020be90   0x000000b2   Code   RO          892    .text               c_w.l(_printf_intcommon.o)
    0x0020bf42   0x00000002   PAD
    0x0020bf44   0x00000030   Code   RO          894    .text               c_w.l(_printf_char_common.o)
    0x0020bf74   0x0000000a   Code   RO          896    .text               c_w.l(_sputc.o)
    0x0020bf7e   0x00000002   PAD
    0x0020bf80   0x00000020   Data   RO           22    .constdata          system_rtl8762c.o
    0x0020bfa0   0x00000027   Data   RO          319    .constdata          bas_client.o
    0x0020bfc7   0x00000001   PAD
    0x0020bfc8   0x00000028   Data   RO          340    .constdata          gaps_client.o
    0x0020bff0   0x0000000e   Data   RO          550    .constdata          data_uart.o
    0x0020bffe   0x00000011   Data   RO          630    .constdata          mxchip_qc.o
    0x0020c00f   0x00000011   Data   RO          868    .constdata          c_w.l(__printf_flags_wp.o)
    0x0020c020   0x00000e70   Data   RO          362    .conststring        user_cmd.o
    0x0020ce90   0x00000092   Data   RO          453    .conststring        central_app.o
    0x0020cf22   0x00000002   PAD
    0x0020cf24   0x00000004   Data   RW           25    .data               system_rtl8762c.o
    0x0020cf28   0x00000001   Data   RW          271    .data               simple_ble_client.o
    0x0020cf29   0x00000001   Data   RW          320    .data               bas_client.o
    0x0020cf2a   0x00000001   Data   RW          341    .data               gaps_client.o
    0x0020cf2b   0x00000001   PAD
    0x0020cf2c   0x0000006c   Data   RW          610    .data               overlay_mgr.o
    0x0020cf98   0x00000010   Zero   RW           21    .bss                system_rtl8762c.o
    0x0020cfa8   0x0000000c   Zero   RW          269    .bss                simple_ble_client.o
    0x0020cfb4   0x0000000c   Zero   RW          318    .bss                bas_client.o
    0x0020cfc0   0x0000000c   Zero   RW          339    .bss                gaps_client.o
    0x0020cfcc   0x000001f6   Zero   RW          359    .bss                user_cmd.o
    0x0020d1c2   0x00000002   PAD
    0x0020d1c4   0x000001a4   Zero   RW          360    .bss                user_cmd.o
    0x0020d368   0x0000000c   Zero   RW          418    .bss                app_task.o
    0x0020d374   0x00000004   Zero   RW          452    .bss                central_app.o
    0x0020d378   0x0000002b   Zero   RW          524    .bss                link_mgr.o
    0x0020d3a3   0x00000028   Zero   RW          525    .bss                link_mgr.o
    0x0020d3cb   0x00000001   PAD
    0x0020d3cc   0x00000008   Zero   RW          549    .bss                data_uart.o
    0x0020d3d4   0x00000008   Zero   RW          608    .bss                overlay_mgr.o
    0x0020d3dc   0x00000010   Zero   RW          629    .bss                mxchip_qc.o
    0x0020d3ec   0x000000e4   Zero   RW          880    .bss                c_w.l(rand.o)


    Execution Region OVERLAY_A (Base: 0x0020d4d0, Size: 0x000000c0, Max: 0xffffffff, OVERLAY)

    Base Addr    Size         Type   Attr      Idx    E Section Name        Object

    0x0020d4d0   0x000000c0   Code   RO           16    .app.overlay_a      system_rtl8762c.o


    Execution Region OVERLAY_B (Base: 0x0020d4d0, Size: 0x00000000, Max: 0xffffffff, OVERLAY)

    **** No section assigned to this execution region ****


    Execution Region OVERLAY_C (Base: 0x0020d4d0, Size: 0x00000000, Max: 0xffffffff, OVERLAY)

    **** No section assigned to this execution region ****


    Execution Region CACHE_DATA_ON (Base: 0x0021c000, Size: 0x00000cdc, Max: 0x00004000, OVERLAY)

    Base Addr    Size         Type   Attr      Idx    E Section Name        Object

    0x0021c000   0x00000000   Code   RO          877    .ARM.Collect$$_printf_percent$$00000000  c_w.l(_printf_percent.o)
    0x0021c000   0x00000006   Code   RO          876    .ARM.Collect$$_printf_percent$$00000009  c_w.l(_printf_d.o)
    0x0021c006   0x00000006   Code   RO          875    .ARM.Collect$$_printf_percent$$0000000C  c_w.l(_printf_x.o)
    0x0021c00c   0x00000004   Code   RO          898    .ARM.Collect$$_printf_percent$$00000017  c_w.l(_printf_percent_end.o)
    0x0021c010   0x00000002   Code   RO          974    .ARM.Collect$$libinit$$00000000  c_w.l(libinit.o)
    0x0021c012   0x00000004   Code   RO          899    .ARM.Collect$$libinit$$00000001  c_w.l(libinit2.o)
    0x0021c016   0x00000000   Code   RO          902    .ARM.Collect$$libinit$$00000004  c_w.l(libinit2.o)
    0x0021c016   0x00000000   Code   RO          905    .ARM.Collect$$libinit$$0000000A  c_w.l(libinit2.o)
    0x0021c016   0x00000000   Code   RO          907    .ARM.Collect$$libinit$$0000000C  c_w.l(libinit2.o)
    0x0021c016   0x00000004   Code   RO          908    .ARM.Collect$$libinit$$0000000D  c_w.l(libinit2.o)
    0x0021c01a   0x00000000   Code   RO          909    .ARM.Collect$$libinit$$0000000E  c_w.l(libinit2.o)
    0x0021c01a   0x00000000   Code   RO          912    .ARM.Collect$$libinit$$00000011  c_w.l(libinit2.o)
    0x0021c01a   0x00000000   Code   RO          914    .ARM.Collect$$libinit$$00000013  c_w.l(libinit2.o)
    0x0021c01a   0x00000000   Code   RO          916    .ARM.Collect$$libinit$$00000015  c_w.l(libinit2.o)
    0x0021c01a   0x00000000   Code   RO          918    .ARM.Collect$$libinit$$00000017  c_w.l(libinit2.o)
    0x0021c01a   0x00000000   Code   RO          920    .ARM.Collect$$libinit$$00000019  c_w.l(libinit2.o)
    0x0021c01a   0x00000000   Code   RO          922    .ARM.Collect$$libinit$$0000001B  c_w.l(libinit2.o)
    0x0021c01a   0x00000000   Code   RO          924    .ARM.Collect$$libinit$$0000001D  c_w.l(libinit2.o)
    0x0021c01a   0x00000000   Code   RO          926    .ARM.Collect$$libinit$$0000001F  c_w.l(libinit2.o)
    0x0021c01a   0x00000000   Code   RO          928    .ARM.Collect$$libinit$$00000021  c_w.l(libinit2.o)
    0x0021c01a   0x00000000   Code   RO          930    .ARM.Collect$$libinit$$00000023  c_w.l(libinit2.o)
    0x0021c01a   0x00000000   Code   RO          932    .ARM.Collect$$libinit$$00000025  c_w.l(libinit2.o)
    0x0021c01a   0x00000000   Code   RO          936    .ARM.Collect$$libinit$$0000002C  c_w.l(libinit2.o)
    0x0021c01a   0x00000000   Code   RO          938    .ARM.Collect$$libinit$$0000002E  c_w.l(libinit2.o)
    0x0021c01a   0x00000000   Code   RO          940    .ARM.Collect$$libinit$$00000030  c_w.l(libinit2.o)
    0x0021c01a   0x00000000   Code   RO          942    .ARM.Collect$$libinit$$00000032  c_w.l(libinit2.o)
    0x0021c01a   0x00000002   Code   RO          943    .ARM.Collect$$libinit$$00000033  c_w.l(libinit2.o)
    0x0021c01c   0x00000034   Code   RO          878    .emb_text           c_w.l(rand.o)
    0x0021c050   0x00000140   Code   RO           18    .text               system_rtl8762c.o
    0x0021c190   0x000001e8   Code   RO          216    .text               rtl876x_uart.o
    0x0021c378   0x00000060   Code   RO          523    .text               link_mgr.o
    0x0021c3d8   0x0000007c   Code   RO          607    .text               overlay_mgr.o
    0x0021c454   0x00000088   Code   RO          728    .text               gap_utils.lib(gap_lib.o)
    0x0021c4dc   0x0000004e   Code   RO          830    .text               c_w.l(_printf_pad.o)
    0x0021c52a   0x00000002   PAD
    0x0021c52c   0x00000138   Code   RO          867    .text               c_w.l(__printf_flags_wp.o)
    0x0021c664   0x0000003c   Code   RO          879    .text               c_w.l(rand.o)
    0x0021c6a0   0x00000096   Code   RO          885    .text               c_w.l(strncmp.o)
    0x0021c736   0x00000018   Code   RO          887    .text               c_w.l(strcat.o)
    0x0021c74e   0x0000000e   Code   RO          865    i._is_digit         c_w.l(__printf_wp.o)
    0x0021c75c   0x0000000a   Code   RO          963    x$fpl$fpinit        fz_wm.l(fpinit.o)
    0x0021c766   0x00000002   PAD
    0x0021c768   0x0000010c   Data   RO           23    .constdata          system_rtl8762c.o
    0x0021c874   0x0000002c   Data   RO          270    .constdata          simple_ble_client.o
    0x0021c8a0   0x000001a0   Data   RO          361    .constdata          user_cmd.o
    0x0021ca40   0x0000000e   Data   RO          419    .constdata          app_task.o
    0x0021ca4e   0x00000002   PAD
    0x0021ca50   0x00000028   Data   RO          480    .constdata          main.o
    0x0021ca78   0x00000028   Data   RO          838    .constdata          c_w.l(_printf_hex_int.o)
    0x0021caa0   0x00000220   Data   RO           24    .conststring        system_rtl8762c.o
    0x0021ccc0   0x00000019   Data   RO          609    .conststring        overlay_mgr.o


    Execution Region app.bin (Base: 0x0080e000, Size: 0x00000400, Max: 0xffffffff, ABSOLUTE)

    Base Addr    Size         Type   Attr      Idx    E Section Name        Object

    0x0080e000   0x00000400   Data   RO           20    .app.flash.header   system_rtl8762c.o


    Execution Region APP_FLASH_HEADER_EXT (Base: 0x0080e400, Size: 0x00000000, Max: 0xffffffff, ABSOLUTE)

    **** No section assigned to this execution region ****


    Execution Region FLASH_START_ADDR (Base: 0x0080e400, Size: 0x00000008, Max: 0xffffffff, ABSOLUTE)

    Base Addr    Size         Type   Attr      Idx    E Section Name        Object

    0x0080e400   0x00000008   Code   RO            2    RESET               startup_rtl8762c.o


    Execution Region FLASH_TEXT (Base: 0x0080e408, Size: 0x00000374, Max: 0xffffffff, ABSOLUTE)

    Base Addr    Size         Type   Attr      Idx    E Section Name        Object

    0x0080e408   0x00000008   Code   RO          889  * !!!main             c_w.l(__main.o)
    0x0080e410   0x00000288   Code   RO           15    .app.flash.text     system_rtl8762c.o
    0x0080e698   0x00000006   Code   RO          478    .app.flash.text     main.o
    0x0080e69e   0x00000002   PAD
    0x0080e6a0   0x000000dc   Code   RO          669    .app.flash.text     gap_utils.lib(gap_config.o)
    0x0080e77c   0x00000000   Data   RO         1018    Region$$Table       anon$$obj.o



  Load Region LOAD_APP_TRACE (Base: 0x08800000, Size: 0x00002780, Max: 0x00400000, ABSOLUTE)

    Execution Region App.trace (Base: 0x08800000, Size: 0x00002780, Max: 0x00400000, ABSOLUTE)

    Base Addr    Size         Type   Attr      Idx    E Section Name        Object

    0x08800000   0x000000e6   Data   RO           19    .TRACE              system_rtl8762c.o
    0x088000e6   0x00000002   PAD
    0x088000e8   0x00000b43   Data   RO          268    .TRACE              simple_ble_client.o
    0x08800c2b   0x00000001   PAD
    0x08800c2c   0x000004fc   Data   RO          317    .TRACE              bas_client.o
    0x08801128   0x000004bf   Data   RO          338    .TRACE              gaps_client.o
    0x088015e7   0x00000001   PAD
    0x088015e8   0x0000001f   Data   RO          417    .TRACE              app_task.o
    0x08801607   0x00000001   PAD
    0x08801608   0x00000d89   Data   RO          451    .TRACE              central_app.o
    0x08802391   0x00000003   PAD
    0x08802394   0x00000193   Data   RO          671    .TRACE              gap_utils.lib(gap_config.o)
    0x08802527   0x00000001   PAD
    0x08802528   0x00000191   Data   RO          729    .TRACE              gap_utils.lib(gap_lib.o)
    0x088026b9   0x00000003   PAD
    0x088026bc   0x000000c1   Data   RO          758    .TRACE              gap_utils.lib(gap_lib_patch.o)


==============================================================================

Image component sizes


      Code (inc. data)   RO Data    RW Data    ZI Data      Debug   Object Name

       216         40         45          0         12       1289   app_task.o
      1424         54       1315          1         12      10088   bas_client.o
      3488        784       3611          0          4      12607   central_app.o
       856         66         14          0          8      10642   data_uart.o
      1192         50       1255          1         12       8702   gaps_client.o
        96          6          0          0         83       2942   link_mgr.o
       402         30         40          0          0       3652   main.o
      1268        304         17          0         16      16868   mxchip_qc.o
       124         10         25        108          8       3596   overlay_mgr.o
       388         10          0          0          0       7964   rtl876x_gpio.o
       852         34          0          0          0       3193   rtl876x_rcc.o
       488         32          0          0          0       8313   rtl876x_uart.o
      2208        104       2927          1         12      35250   simple_ble_client.o
        88         66        244          0          0       1040   startup_rtl8762c.o
      1452        256       2098          4         16      79726   system_rtl8762c.o
      1398        200       4112          0        922      22916   user_cmd.o
      1840        542          0          0          0       5833   user_cmd_parse.o

    ----------------------------------------------------------------------
     17784       2588      15719        116       1108     234621   Object Totals
         0          0          0          0          0          0   (incl. Generated)
         4          0         16          1          3          0   (incl. Padding)

    ----------------------------------------------------------------------

      Code (inc. data)   RO Data    RW Data    ZI Data      Debug   Library Member Name

         8          0          0          0          0         68   __main.o
       312          4         17          0          0         92   __printf_flags_wp.o
        14          0          0          0          0         68   __printf_wp.o
         0          0          0          0          0          0   __rtentry.o
        12          0          0          0          0          0   __rtentry2.o
         6          0          0          0          0          0   __rtentry4.o
        48          6          0          0          0         96   _printf_char_common.o
         6          0          0          0          0          0   _printf_d.o
       120         16          0          0          0         92   _printf_dec.o
        88          4         40          0          0         88   _printf_hex_int.o
       178          0          0          0          0         88   _printf_intcommon.o
        78          0          0          0          0        108   _printf_pad.o
         0          0          0          0          0          0   _printf_percent.o
         4          0          0          0          0          0   _printf_percent_end.o
         6          0          0          0          0          0   _printf_x.o
        10          0          0          0          0         68   _sputc.o
         2          0          0          0          0          0   libinit.o
        10          0          0          0          0          0   libinit2.o
        40          6          0          0          0         84   noretval__2sprintf.o
       112         18          0          0        228        160   rand.o
        24          0          0          0          0         68   strcat.o
        72          0          0          0          0         80   strcpy.o
       150          0          0          0          0         80   strncmp.o
        10          0          0          0          0        116   fpinit.o
       220          8        403          0          0      63959   gap_config.o
       136         10        401          0          0       8950   gap_lib.o
       528         40        193          0          0       5877   gap_lib_patch.o
       272         14          0          0          0       3767   gap_vendor_cmd.o

    ----------------------------------------------------------------------
      2476        126       1061          0        228      83909   Library Totals
        10          0          7          0          0          0   (incl. Padding)

    ----------------------------------------------------------------------

      Code (inc. data)   RO Data    RW Data    ZI Data      Debug   Library Name

      1300         54         57          0        228       1240   c_w.l
        10          0          0          0          0        116   fz_wm.l
      1156         72        997          0          0      82553   gap_utils.lib

    ----------------------------------------------------------------------
      2476        126       1061          0        228      83909   Library Totals

    ----------------------------------------------------------------------

==============================================================================


      Code (inc. data)   RO Data    RW Data    ZI Data      Debug   

     20260       2714      16780        116       1336     314454   Grand Totals
     20260       2714      16780        116       1336     314454   ELF Image Totals
     20260       2714      16780        116          0          0   ROM Totals

==============================================================================

    Total RO  Size (Code + RO Data)                37040 (  36.17kB)
    Total RW  Size (RW Data + ZI Data)              1452 (   1.42kB)
    Total ROM Size (Code + RO Data + RW Data)      37156 (  36.29kB)

==============================================================================

