Component: ARM Compiler 5.06 update 6 (build 750) Tool: armlink [4d35ed]

==============================================================================

Section Cross References

    startup_rtl8762c.o(VECTOR) refers to startup_rtl8762c.o(RESET) for Reset_Handler
    startup_rtl8762c.o(VECTOR) refers to startup_rtl8762c.o(.text) for NMI_Handler
    startup_rtl8762c.o(VECTOR) refers to main.o(.text) for ADC_Handler
    startup_rtl8762c.o(VECTOR) refers to system_rtl8762c.o(.ram.dataon.data) for GPIO_Group3_Handler
    startup_rtl8762c.o(RESET) refers to system_rtl8762c.o(.app.flash.text) for SystemInit
    system_rtl8762c.o(.app.flash.text) refers to overlay_mgr.o(.text) for load_overlay
    system_rtl8762c.o(.app.flash.text) refers to system_rtl8762c.o(.app.overlay_a) for AppUpdateVectorTable
    system_rtl8762c.o(.app.flash.text) refers to system_rtl8762c.o(.TRACE) for .TRACE
    system_rtl8762c.o(.app.flash.text) refers to system_rtl8762c.o(.text) for common_main
    system_rtl8762c.o(.app.overlay_a) refers to system_rtl8762c.o(.constdata) for .constdata
    system_rtl8762c.o(.app.overlay_a) refers to startup_rtl8762c.o(.text) for Default_Handler
    system_rtl8762c.o(.app.overlay_a) refers to system_rtl8762c.o(.TRACE) for .TRACE
    system_rtl8762c.o(.ram.dataon.data) refers to startup_rtl8762c.o(.text) for GPIO3_Handler
    system_rtl8762c.o(.text) refers to main.o(.text) for main
    system_rtl8762c.o(.text) refers to system_rtl8762c.o(.bss) for .bss
    system_rtl8762c.o(.app.flash.header) refers to system_rtl8762c.o(.constdata) for app_cb_table
    system_rtl8762c.o(.constdata) refers to system_rtl8762c.o(.text) for app_cb0_wdg_reset
    system_rtl8762c.o(.constdata) refers to system_rtl8762c.o(.conststring) for .conststring
    rtl876x_adc.o(.text) refers to rtl876x_rcc.o(.text) for RCC_PeriphClockCmd
    rtl876x_adc.o(.text) refers to adc_k_lib.o(.text) for ADC_GetVoltage
    overlay_mgr.o(.text) refers to overlay_mgr.o(.data) for .data
    overlay_mgr.o(.text) refers to overlay_mgr.o(.bss) for .bss
    overlay_mgr.o(.data) refers to overlay_mgr.o(.conststring) for .conststring
    main.o(.text) refers to rtl876x_adc.o(.text) for ADC_DeInit
    main.o(.text) refers to rtl876x_rcc.o(.text) for RCC_PeriphClockCmd
    adc_k_lib.o(.text) refers to dflt_clz.o(x$fpl$dflt) for __aeabi_i2d
    adc_k_lib.o(.text) refers to ddiv.o(x$fpl$ddiv) for __aeabi_ddiv
    adc_k_lib.o(.text) refers to dmul.o(x$fpl$dmul) for __aeabi_dmul
    adc_k_lib.o(.text) refers to d2f.o(x$fpl$d2f) for __aeabi_d2f
    adc_k_lib.o(.text) refers to f2d.o(x$fpl$f2d) for __aeabi_f2d
    adc_k_lib.o(.text) refers to daddsub_clz.o(x$fpl$dadd) for __aeabi_dadd
    adc_k_lib.o(.text) refers to adc_k_lib.o(.data) for .data
    adc_k_lib.o(.text) refers to adc_k_lib.o(.bss) for .bss
    __main.o(!!!main) refers to __rtentry.o(.ARM.Collect$$rtentry$$00000000) for __rt_entry
    d2f.o(x$fpl$d2f) refers (Special) to usenofp.o(x$fpl$usenofp) for __I$use$fp
    d2f.o(x$fpl$d2f) refers to fretinf.o(x$fpl$fretinf) for __fpl_fretinf
    d2f.o(x$fpl$d2f) refers to dnaninf.o(x$fpl$dnaninf) for __fpl_dnaninf
    daddsub_clz.o(x$fpl$dadd) refers (Special) to usenofp.o(x$fpl$usenofp) for __I$use$fp
    daddsub_clz.o(x$fpl$dadd) refers to daddsub_clz.o(x$fpl$dsub) for _dsub1
    daddsub_clz.o(x$fpl$dadd) refers to dretinf.o(x$fpl$dretinf) for __fpl_dretinf
    daddsub_clz.o(x$fpl$dadd) refers to dnaninf.o(x$fpl$dnaninf) for __fpl_dnaninf
    daddsub_clz.o(x$fpl$drsb) refers (Special) to usenofp.o(x$fpl$usenofp) for __I$use$fp
    daddsub_clz.o(x$fpl$drsb) refers to daddsub_clz.o(x$fpl$dadd) for _dadd1
    daddsub_clz.o(x$fpl$drsb) refers to daddsub_clz.o(x$fpl$dsub) for _dsub1
    daddsub_clz.o(x$fpl$dsub) refers (Special) to usenofp.o(x$fpl$usenofp) for __I$use$fp
    daddsub_clz.o(x$fpl$dsub) refers to daddsub_clz.o(x$fpl$dadd) for _dadd1
    daddsub_clz.o(x$fpl$dsub) refers to dnaninf.o(x$fpl$dnaninf) for __fpl_dnaninf
    ddiv.o(x$fpl$drdiv) refers (Special) to usenofp.o(x$fpl$usenofp) for __I$use$fp
    ddiv.o(x$fpl$drdiv) refers to ddiv.o(x$fpl$ddiv) for ddiv_entry
    ddiv.o(x$fpl$ddiv) refers (Special) to usenofp.o(x$fpl$usenofp) for __I$use$fp
    ddiv.o(x$fpl$ddiv) refers to dretinf.o(x$fpl$dretinf) for __fpl_dretinf
    ddiv.o(x$fpl$ddiv) refers to dnaninf.o(x$fpl$dnaninf) for __fpl_dnaninf
    dflt_clz.o(x$fpl$dfltu) refers (Special) to usenofp.o(x$fpl$usenofp) for __I$use$fp
    dflt_clz.o(x$fpl$dflt) refers (Special) to usenofp.o(x$fpl$usenofp) for __I$use$fp
    dflt_clz.o(x$fpl$dfltn) refers (Special) to usenofp.o(x$fpl$usenofp) for __I$use$fp
    dmul.o(x$fpl$dmul) refers (Special) to usenofp.o(x$fpl$usenofp) for __I$use$fp
    dmul.o(x$fpl$dmul) refers to dretinf.o(x$fpl$dretinf) for __fpl_dretinf
    dmul.o(x$fpl$dmul) refers to dnaninf.o(x$fpl$dnaninf) for __fpl_dnaninf
    f2d.o(x$fpl$f2d) refers (Special) to usenofp.o(x$fpl$usenofp) for __I$use$fp
[...]
    .ARM.Collect$$libinit$$00000011          0x00207c06   Section        0  libinit2.o(.ARM.Collect$$libinit$$00000011)
    .ARM.Collect$$libinit$$00000013          0x00207c06   Section        0  libinit2.o(.ARM.Collect$$libinit$$00000013)
    .ARM.Collect$$libinit$$00000015          0x00207c06   Section        0  libinit2.o(.ARM.Collect$$libinit$$00000015)
    .ARM.Collect$$libinit$$00000017          0x00207c06   Section        0  libinit2.o(.ARM.Collect$$libinit$$00000017)
    .ARM.Collect$$libinit$$00000019          0x00207c06   Section        0  libinit2.o(.ARM.Collect$$libinit$$00000019)
    .ARM.Collect$$libinit$$0000001B          0x00207c06   Section        0  libinit2.o(.ARM.Collect$$libinit$$0000001B)
    .ARM.Collect$$libinit$$0000001D          0x00207c06   Section        0  libinit2.o(.ARM.Collect$$libinit$$0000001D)
    .ARM.Collect$$libinit$$0000001F          0x00207c06   Section        0  libinit2.o(.ARM.Collect$$libinit$$0000001F)
    .ARM.Collect$$libinit$$00000021          0x00207c06   Section        0  libinit2.o(.ARM.Collect$$libinit$$00000021)
    .ARM.Collect$$libinit$$00000023          0x00207c06   Section        0  libinit2.o(.ARM.Collect$$libinit$$00000023)
    .ARM.Collect$$libinit$$00000025          0x00207c06   Section        0  libinit2.o(.ARM.Collect$$libinit$$00000025)
    .ARM.Collect$$libinit$$0000002C          0x00207c06   Section        0  libinit2.o(.ARM.Collect$$libinit$$0000002C)
    .ARM.Collect$$libinit$$0000002E          0x00207c06   Section        0  libinit2.o(.ARM.Collect$$libinit$$0000002E)
    .ARM.Collect$$libinit$$00000030          0x00207c06   Section        0  libinit2.o(.ARM.Collect$$libinit$$00000030)
    .ARM.Collect$$libinit$$00000032          0x00207c06   Section        0  libinit2.o(.ARM.Collect$$libinit$$00000032)
    .ARM.Collect$$libinit$$00000033          0x00207c06   Section        2  libinit2.o(.ARM.Collect$$libinit$$00000033)
    .ARM.Collect$$rtentry$$00000000          0x00207c08   Section        0  __rtentry.o(.ARM.Collect$$rtentry$$00000000)
    .ARM.Collect$$rtentry$$00000002          0x00207c08   Section        0  __rtentry2.o(.ARM.Collect$$rtentry$$00000002)
    .ARM.Collect$$rtentry$$00000004          0x00207c08   Section        6  __rtentry4.o(.ARM.Collect$$rtentry$$00000004)
    .ARM.Collect$$rtentry$$00000009          0x00207c0e   Section        0  __rtentry2.o(.ARM.Collect$$rtentry$$00000009)
    .ARM.Collect$$rtentry$$0000000A          0x00207c0e   Section        4  __rtentry2.o(.ARM.Collect$$rtentry$$0000000A)
    .ARM.Collect$$rtentry$$0000000C          0x00207c12   Section        0  __rtentry2.o(.ARM.Collect$$rtentry$$0000000C)
    .ARM.Collect$$rtentry$$0000000D          0x00207c12   Section        8  __rtentry2.o(.ARM.Collect$$rtentry$$0000000D)
    .ram.dataon.data                         0x00207c1c   Section        0  system_rtl8762c.o(.ram.dataon.data)
    .text                                    0x00207d40   Section       80  startup_rtl8762c.o(.text)
    $v0                                      0x00207d40   Number         0  startup_rtl8762c.o(.text)
    DEFAULT_HANDLER_TXT                      0x00207d52   Data           0  startup_rtl8762c.o(.text)
    .text                                    0x00207d90   Section        0  system_rtl8762c.o(.text)
    .text                                    0x00207e50   Section        0  rtl876x_rcc.o(.text)
    .text                                    0x002081a8   Section        0  rtl876x_adc.o(.text)
    .text                                    0x00208404   Section        0  overlay_mgr.o(.text)
    .text                                    0x00208480   Section        0  main.o(.text)
    .text                                    0x00208560   Section        0  adc_k_lib.o(.text)
    x$fpl$d2f                                0x00208b00   Section       98  d2f.o(x$fpl$d2f)
    $v0                                      0x00208b00   Number         0  d2f.o(x$fpl$d2f)
    x$fpl$dadd                               0x00208b64   Section      336  daddsub_clz.o(x$fpl$dadd)
    $v0                                      0x00208b64   Number         0  daddsub_clz.o(x$fpl$dadd)
    _dadd1                                   0x00208b75   Thumb Code     0  daddsub_clz.o(x$fpl$dadd)
    x$fpl$ddiv                               0x00208cb4   Section      688  ddiv.o(x$fpl$ddiv)
    $v0                                      0x00208cb4   Number         0  ddiv.o(x$fpl$ddiv)
    ddiv_entry                               0x00208cbb   Thumb Code     0  ddiv.o(x$fpl$ddiv)
    x$fpl$dflt                               0x00208f64   Section       46  dflt_clz.o(x$fpl$dflt)
    $v0                                      0x00208f64   Number         0  dflt_clz.o(x$fpl$dflt)
    x$fpl$dmul                               0x00208f94   Section      340  dmul.o(x$fpl$dmul)
    $v0                                      0x00208f94   Number         0  dmul.o(x$fpl$dmul)
    x$fpl$dnaninf                            0x002090e8   Section      156  dnaninf.o(x$fpl$dnaninf)
    $v0                                      0x002090e8   Number         0  dnaninf.o(x$fpl$dnaninf)
    x$fpl$dretinf                            0x00209184   Section       12  dretinf.o(x$fpl$dretinf)
    $v0                                      0x00209184   Number         0  dretinf.o(x$fpl$dretinf)
    x$fpl$dsub                               0x00209190   Section      468  daddsub_clz.o(x$fpl$dsub)
    $v0                                      0x00209190   Number         0  daddsub_clz.o(x$fpl$dsub)
    _dsub1                                   0x002091a1   Thumb Code     0  daddsub_clz.o(x$fpl$dsub)
    x$fpl$f2d                                0x00209364   Section       86  f2d.o(x$fpl$f2d)
    $v0                                      0x00209364   Number         0  f2d.o(x$fpl$f2d)
    x$fpl$fnaninf                            0x002093ba   Section      140  fnaninf.o(x$fpl$fnaninf)
    $v0                                      0x002093ba   Number         0  fnaninf.o(x$fpl$fnaninf)
    x$fpl$fpinit                             0x00209446   Section       10  fpinit.o(x$fpl$fpinit)
    $v0                                      0x00209446   Number         0  fpinit.o(x$fpl$fpinit)
    x$fpl$fretinf                            0x00209450   Section       10  fretinf.o(x$fpl$fretinf)
    $v0                                      0x00209450   Number         0  fretinf.o(x$fpl$fretinf)
    x$fpl$usenofp                            0x0020945a   Section        0  usenofp.o(x$fpl$usenofp)
    .constdata                               0x0020945c   Section       12  system_rtl8762c.o(.constdata)
    .constdata                               0x00209468   Section      244  system_rtl8762c.o(.constdata)
    .conststring                             0x0020955c   Section      544  system_rtl8762c.o(.conststring)
    .conststring                             0x0020977c   Section       25  overlay_mgr.o(.conststring)
    .data                                    0x00209798   Section      108  overlay_mgr.o(.data)
    overlay_sections                         0x00209798   Data         108  overlay_mgr.o(.data)
    .data                                    0x00209804   Section       64  adc_k_lib.o(.data)
    .bss                                     0x00209844   Section        4  system_rtl8762c.o(.bss)
    .bss                                     0x00209848   Section        8  overlay_mgr.o(.bss)
    .bss                                     0x00209850   Section       84  adc_k_lib.o(.bss)
    .app.overlay_a                           0x002098a4   Section        0  system_rtl8762c.o(.app.overlay_a)
    AppUpdateVectorTable                     0x002098a5 * Thumb Code   162  system_rtl8762c.o(.app.overlay_a)
    .app.flash.header                        0x0080e000   Section     1024  system_rtl8762c.o(.app.flash.header)
    __tagsym$$used                           0x0080e000   Number         0  system_rtl8762c.o(.app.flash.header)
    __tagsym$$used                           0x0080e1e0   Number         0  system_rtl8762c.o(.app.flash.header)
    RESET                                    0x0080e400   Section        8  startup_rtl8762c.o(RESET)
    $v0                                      0x0080e400   Number         0  startup_rtl8762c.o(RESET)
    !!!main                                  0x0080e408   Section        8  __main.o(!!!main)
    !!!scatter                               0x0080e410   Section       52  __scatter.o(!!!scatter)
    !!handler_copy                           0x0080e444   Section       26  __scatter_copy.o(!!handler_copy)
    !!handler_zi                             0x0080e460   Section       28  __scatter_zi.o(!!handler_zi)
    .app.flash.text                          0x0080e47c   Section        0  system_rtl8762c.o(.app.flash.text)
    .TRACE                                   0x08800000   Section      106  system_rtl8762c.o(.TRACE)
    __tagsym$$used                           0x08800000   Number         0  system_rtl8762c.o(.TRACE)
    format                                   0x08800000   Data          31  system_rtl8762c.o(.TRACE)
    __tagsym$$used                           0x08800020   Number         0  system_rtl8762c.o(.TRACE)
    format                                   0x08800020   Data          34  system_rtl8762c.o(.TRACE)
    __tagsym$$used                           0x08800044   Number         0  system_rtl8762c.o(.TRACE)
    format                                   0x08800044   Data          38  system_rtl8762c.o(.TRACE)

    Global Symbols

    Symbol Name                              Value     Ov Type        Size  Object(Section)

    BuildAttributes$$THM_ISAv4$E$P$D$K$B$S$7EM$VFPi3$EXTD16$VFPS$VFMA$PE$A:L22UL41UL21$X:L11$S22US41US21$IEEE1$IW$USESV6$~STKCKD$USESV7$~SHL$OSPACE$ROPI$EBA8$UX$STANDARDLIB$REQ8$PRES8$EABIv2 0x00000000   Number         0  anon$$obj.o ABSOLUTE
    Image$$CACHE_DATA_ON$$RO$$Length         0x00000000   Number         0  anon$$obj.o ABSOLUTE
    Image$$OVERLAY_A$$RW$$Length             0x00000000   Number         0  anon$$obj.o ABSOLUTE
    Image$$OVERLAY_A$$ZI$$Length             0x00000000   Number         0  anon$$obj.o ABSOLUTE
    Image$$OVERLAY_B$$RO$$Length             0x00000000   Number         0  anon$$obj.o ABSOLUTE
    Image$$OVERLAY_B$$RW$$Length             0x00000000   Number         0  anon$$obj.o ABSOLUTE
    Image$$OVERLAY_B$$ZI$$Length             0x00000000   Number         0  anon$$obj.o ABSOLUTE
    Image$$OVERLAY_C$$RO$$Length             0x00000000   Number         0  anon$$obj.o ABSOLUTE
    Image$$OVERLAY_C$$RW$$Length             0x00000000   Number         0  anon$$obj.o ABSOLUTE
    Image$$OVERLAY_C$$ZI$$Length             0x00000000   Number         0  anon$$obj.o ABSOLUTE
    __ARM_use_no_argv                        0x00000000   Number         0  main.o ABSOLUTE
    __ARM_exceptions_init                     - Undefined Weak Reference
    __alloca_initialize                       - Undefined Weak Reference
    __arm_preinit_                            - Undefined Weak Reference
    __cpp_initialize__aeabi_                  - Undefined Weak Reference
    __rt_locale                               - Undefined Weak Reference
    __sigvec_lookup                           - Undefined Weak Reference
    _atexit_init                              - Undefined Weak Reference
    _clock_init                               - Undefined Weak Reference
    _fp_trap_init                             - Undefined Weak Reference
    _get_lc_collate                           - Undefined Weak Reference
    _get_lc_ctype                             - Undefined Weak Reference
    _get_lc_monetary                          - Undefined Weak Reference
    _get_lc_numeric                           - Undefined Weak Reference
    _get_lc_time                              - Undefined Weak Reference
    _getenv_init                              - Undefined Weak Reference
    _handle_redirection                       - Undefined Weak Reference
    _init_alloc                               - Undefined Weak Reference
    _init_user_alloc                          - Undefined Weak Reference
    _initio                                   - Undefined Weak Reference
    _rand_init                                - Undefined Weak Reference
    _signal_init                              - Undefined Weak Reference
    Image$$RAM_DATA_ON$$ZI$$Length           0x00000060   Number         0  anon$$obj.o ABSOLUTE
    Image$$RAM_DATA_ON$$RW$$Length           0x000000ac   Number         0  anon$$obj.o ABSOLUTE
    Image$$OVERLAY_A$$RO$$Length             0x000000c0   Number         0  anon$$obj.o ABSOLUTE
    Image$$RAM_VECTOR_TABLE$$RO$$Length      0x000000f4   Number         0  anon$$obj.o ABSOLUTE
    __Vectors_Size                           0x000000f4   Number         0  startup_rtl8762c.o ABSOLUTE
    get_active_ota_bank_addr                 0x000011cd   Thumb Code     0  ROM.lib ABSOLUTE
    SHA256_Init                              0x00001a17   Thumb Code     0  ROM.lib ABSOLUTE
    SHA256_Update                            0x00001a33   Thumb Code     0  ROM.lib ABSOLUTE
    SHA256_Final                             0x00001ab3   Thumb Code     0  ROM.lib ABSOLUTE
    Image$$RAM_DATA_ON$$RO$$Length           0x00001b98   Number         0  anon$$obj.o ABSOLUTE
    SHA256_Alloc                             0x00001bf7   Thumb Code     0  ROM.lib ABSOLUTE
    SHA256_Free                              0x00001c37   Thumb Code     0  ROM.lib ABSOLUTE
    SHA256                                   0x00001c3b   Thumb Code     0  ROM.lib ABSOLUTE
    RamVectorTableInit                       0x00004ca9   Thumb Code     0  ROM.lib ABSOLUTE
    RamVectorTableUpdate                     0x00004ccb   Thumb Code     0  ROM.lib ABSOLUTE
    SystemCall                               0x000072a1   Thumb Code     0  ROM.lib ABSOLUTE
    btxfcs                                   0x000073d5   Thumb Code     0  ROM.lib ABSOLUTE
    platform_random                          0x000077b3   Thumb Code     0  ROM.lib ABSOLUTE
    platform_ramdom_seed_update              0x000077c7   Thumb Code     0  ROM.lib ABSOLUTE
    log_direct                               0x000079b1   Thumb Code     0  ROM.lib ABSOLUTE
    log_buffer                               0x00007a5f   Thumb Code     0  ROM.lib ABSOLUTE
    log_index                                0x00007b97   Thumb Code     0  ROM.lib ABSOLUTE
    log_snoop                                0x00007c93   Thumb Code     0  ROM.lib ABSOLUTE
    trace_bdaddr                             0x00007dd9   Thumb Code     0  ROM.lib ABSOLUTE
    trace_string                             0x00007e6b   Thumb Code     0  ROM.lib ABSOLUTE
    trace_binary                             0x00007f0b   Thumb Code     0  ROM.lib ABSOLUTE
    LogBufferLowerStack                      0x00007fa9   Thumb Code     0  ROM.lib ABSOLUTE
    LogBufferLowerStackData                  0x000080bb   Thumb Code     0  ROM.lib ABSOLUTE
    log_module_trace_init                    0x000081d5   Thumb Code     0  ROM.lib ABSOLUTE
    log_module_trace_set                     0x000081fd   Thumb Code     0  ROM.lib ABSOLUTE
    log_module_bitmap_trace_set              0x00008243   Thumb Code     0  ROM.lib ABSOLUTE
    dlps_check_cb_reg                        0x000085ff   Thumb Code     0  ROM.lib ABSOLUTE
    dlps_hw_control_cb_reg                   0x000086ef   Thumb Code     0  ROM.lib ABSOLUTE
    dlps_hw_control_cb_unreg                 0x00008729   Thumb Code     0  ROM.lib ABSOLUTE
    lps_mode_pause                           0x00008825   Thumb Code     0  ROM.lib ABSOLUTE
    lps_mode_resume                          0x00008841   Thumb Code     0  ROM.lib ABSOLUTE
    lps_mode_set                             0x0000885f   Thumb Code     0  ROM.lib ABSOLUTE
    lps_mode_get                             0x0000886f   Thumb Code     0  ROM.lib ABSOLUTE
    lps_mode_stack_get                       0x00008875   Thumb Code     0  ROM.lib ABSOLUTE
    hw_aes_encrypt128_use_dma                0x00008b47   Thumb Code     0  ROM.lib ABSOLUTE
    hw_aes_decrypt128_use_dma                0x00008b77   Thumb Code     0  ROM.lib ABSOLUTE
    hw_aes_encrypt256_use_dma                0x00008ba7   Thumb Code     0  ROM.lib ABSOLUTE
    hw_aes_decrypt256_use_dma                0x00008bd7   Thumb Code     0  ROM.lib ABSOLUTE
    aes128_ecb_encrypt                       0x00008c07   Thumb Code     0  ROM.lib ABSOLUTE
    aes128_ecb_decrypt                       0x00008c63   Thumb Code     0  ROM.lib ABSOLUTE
    aes128_ecb_encrypt_msb2lsb               0x00008cbd   Thumb Code     0  ROM.lib ABSOLUTE
    aes128_ecb_decrypt_msb2lsb               0x00008cd5   Thumb Code     0  ROM.lib ABSOLUTE
    aes256_ecb_encrypt                       0x00008ced   Thumb Code     0  ROM.lib ABSOLUTE
    aes256_ecb_decrypt                       0x00008d49   Thumb Code     0  ROM.lib ABSOLUTE
    aes256_ecb_encrypt_msb2lsb               0x00008da3   Thumb Code     0  ROM.lib ABSOLUTE
    aes256_ecb_decrypt_msb2lsb               0x00008dbb   Thumb Code     0  ROM.lib ABSOLUTE
    hw_aes_decrypt_code_init_slim            0x00008de5   Thumb Code     0  ROM.lib ABSOLUTE
    hw_aes_decrypt_16byte                    0x00008e11   Thumb Code     0  ROM.lib ABSOLUTE
    BTIF_VendorGetResponse                   0x00008f65   Thumb Code     0  ROM.lib ABSOLUTE
    flash_cmd_rx                             0x0000929d   Thumb Code     0  ROM.lib ABSOLUTE
    flash_cmd_tx                             0x00009369   Thumb Code     0  ROM.lib ABSOLUTE
    flash_write_enable                       0x00009421   Thumb Code     0  ROM.lib ABSOLUTE
    flash_get_rdid                           0x00009905   Thumb Code     0  ROM.lib ABSOLUTE
    flash_load_query_info                    0x00009d4b   Thumb Code     0  ROM.lib ABSOLUTE
    flash_lock                               0x0000a103   Thumb Code     0  ROM.lib ABSOLUTE
    flash_unlock                             0x0000a1ab   Thumb Code     0  ROM.lib ABSOLUTE
    flash_set_bit                            0x0000a237   Thumb Code     0  ROM.lib ABSOLUTE
    flash_get_bit                            0x0000a23f   Thumb Code     0  ROM.lib ABSOLUTE
    flash_split_read                         0x0000a39d   Thumb Code     0  ROM.lib ABSOLUTE
    flash_auto_write                         0x0000a4cd   Thumb Code     0  ROM.lib ABSOLUTE
    flash_get_block_protect                  0x0000a53b   Thumb Code     0  ROM.lib ABSOLUTE
    flash_set_block_protect                  0x0000a58f   Thumb Code     0  ROM.lib ABSOLUTE
    flash_sw_protect_unlock_by_addr          0x0000a637   Thumb Code     0  ROM.lib ABSOLUTE
    flash_set_top_bottom                     0x0000a803   Thumb Code     0  ROM.lib ABSOLUTE
    flash_get_query_info                     0x0000a9a9   Thumb Code     0  ROM.lib ABSOLUTE
    ftl_ioctl                                0x0000b3a7   Thumb Code     0  ROM.lib ABSOLUTE
    ftl_load                                 0x0000b907   Thumb Code     0  ROM.lib ABSOLUTE
    ftl_save                                 0x0000b919   Thumb Code     0  ROM.lib ABSOLUTE
    flash_dump_flash_info                    0x0000beb9   Thumb Code     0  ROM.lib ABSOLUTE
    crc16                                    0x0000bf13   Thumb Code     0  ROM.lib ABSOLUTE
    flash_get_flash_exist                    0x0000bf3b   Thumb Code     0  ROM.lib ABSOLUTE
    flash_get_bank_addr                      0x0000bf41   Thumb Code     0  ROM.lib ABSOLUTE
    flash_get_bank_size                      0x0000bfb9   Thumb Code     0  ROM.lib ABSOLUTE
    flash_erase_locked                       0x0000c027   Thumb Code     0  ROM.lib ABSOLUTE
    flash_ioctl                              0x0000c073   Thumb Code     0  ROM.lib ABSOLUTE
    flash_write_locked                       0x0000c48b   Thumb Code     0  ROM.lib ABSOLUTE
    flash_auto_write_locked                  0x0000c4b3   Thumb Code     0  ROM.lib ABSOLUTE
    flash_auto_write_buffer_locked           0x0000c4d5   Thumb Code     0  ROM.lib ABSOLUTE
    flash_read_locked                        0x0000c4fb   Thumb Code     0  ROM.lib ABSOLUTE
    flash_auto_read_locked                   0x0000c523   Thumb Code     0  ROM.lib ABSOLUTE
    flash_ds_erase                           0x0000c5c7   Thumb Code     0  ROM.lib ABSOLUTE
    flash_ds_auto_write                      0x0000c5e3   Thumb Code     0  ROM.lib ABSOLUTE
    flash_ds_auto_read                       0x0000c5fd   Thumb Code     0  ROM.lib ABSOLUTE
    flash_ds_write                           0x0000c617   Thumb Code     0  ROM.lib ABSOLUTE
    flash_ds_read                            0x0000c635   Thumb Code     0  ROM.lib ABSOLUTE
    set_hci_mode_flag                        0x0000c741   Thumb Code     0  ROM.lib ABSOLUTE
    check_hci_mode_flag                      0x0000c761   Thumb Code     0  ROM.lib ABSOLUTE
    set_datatrans_patch_flag                 0x0000c76d   Thumb Code     0  ROM.lib ABSOLUTE
    check_datatrans_patch_flag               0x0000c78d   Thumb Code     0  ROM.lib ABSOLUTE
    check_image_chksum                       0x0000c79d   Thumb Code     0  ROM.lib ABSOLUTE
    check_header_valid                       0x0000c7a9   Thumb Code     0  ROM.lib ABSOLUTE
    get_header_addr_by_img_id                0x0000c7e5   Thumb Code     0  ROM.lib ABSOLUTE
    is_ota_support_bank_switch               0x0000c843   Thumb Code     0  ROM.lib ABSOLUTE
    get_temp_ota_bank_addr_by_img_id         0x0000c881   Thumb Code     0  ROM.lib ABSOLUTE
    xQueueGenericSend                        0x0000cb85   Thumb Code     0  ROM.lib ABSOLUTE
    xQueueGenericSendFromISR                 0x0000cf87   Thumb Code     0  ROM.lib ABSOLUTE
    hw_aes_init                              0x00010c21   Thumb Code     0  ROM.lib ABSOLUTE
    hw_aes_cpu_operate                       0x00010d91   Thumb Code     0  ROM.lib ABSOLUTE
    hw_aes_set_dma_tx_done                   0x00010d9d   Thumb Code     0  ROM.lib ABSOLUTE
    hw_aes_set_dma_rx_done                   0x00010da3   Thumb Code     0  ROM.lib ABSOLUTE
    hw_aes_dma_operate                       0x00010da9   Thumb Code     0  ROM.lib ABSOLUTE
    hw_aes_is_dma_rx_done                    0x00011005   Thumb Code     0  ROM.lib ABSOLUTE
    hw_aes_is_dma_tx_done                    0x0001100b   Thumb Code     0  ROM.lib ABSOLUTE
    hw_aes_dma_done                          0x00011011   Thumb Code     0  ROM.lib ABSOLUTE
    hw_aes_set_dma_move_src                  0x0001101b   Thumb Code     0  ROM.lib ABSOLUTE
    hw_aes_set_dma_move_dst                  0x00011021   Thumb Code     0  ROM.lib ABSOLUTE
    hw_aes_set_dma_carry_size                0x00011027   Thumb Code     0  ROM.lib ABSOLUTE
    aes_cmac_inverse                         0x0001119b   Thumb Code     0  ROM.lib ABSOLUTE
    get_secure_reg_cfg_val                   0x00011269   Thumb Code     0  ROM.lib ABSOLUTE
    NVIC_Init                                0x000112c1   Thumb Code     0  ROM.lib ABSOLUTE
    Pinmux_Config                            0x00011375   Thumb Code     0  ROM.lib ABSOLUTE
    Pinmux_Deinit                            0x000113a9   Thumb Code     0  ROM.lib ABSOLUTE
    Pinmux_Reset                             0x000113c5   Thumb Code     0  ROM.lib ABSOLUTE
    Pad_Config                               0x000113dd   Thumb Code     0  ROM.lib ABSOLUTE
    System_WakeUpDebounceTime                0x0001146b   Thumb Code     0  ROM.lib ABSOLUTE
    Pad_WKDebounceConfig                     0x0001148d   Thumb Code     0  ROM.lib ABSOLUTE
    Pad_WakeupEnableValue                    0x000114b3   Thumb Code     0  ROM.lib ABSOLUTE
    Pad_WakeupPolarityValue                  0x000114d9   Thumb Code     0  ROM.lib ABSOLUTE
    System_WakeUpPinEnable                   0x000114ff   Thumb Code     0  ROM.lib ABSOLUTE
    System_WakeUpPinDisable                  0x00011531   Thumb Code     0  ROM.lib ABSOLUTE
    Pad_WakeupInterruptValue                 0x0001154f   Thumb Code     0  ROM.lib ABSOLUTE
    System_WakeUpInterruptValue              0x00011577   Thumb Code     0  ROM.lib ABSOLUTE
    Pad_ClearAllWakeupINT                    0x00011597   Thumb Code     0  ROM.lib ABSOLUTE
    Pad_OutputEnableValue                    0x000115f5   Thumb Code     0  ROM.lib ABSOLUTE
    Pad_OutputControlValue                   0x0001161b   Thumb Code     0  ROM.lib ABSOLUTE
    Pad_PullEnableValue                      0x00011641   Thumb Code     0  ROM.lib ABSOLUTE
    Pad_PullUpOrDownValue                    0x00011667   Thumb Code     0  ROM.lib ABSOLUTE
    Pad_ControlSelectValue                   0x0001168d   Thumb Code     0  ROM.lib ABSOLUTE
    Pad_ClearWakeupINTPendingBit             0x000116b3   Thumb Code     0  ROM.lib ABSOLUTE
    Pad_PowerOrShutDownValue                 0x000116cb   Thumb Code     0  ROM.lib ABSOLUTE
    Pad_PullConfigValue                      0x000116f1   Thumb Code     0  ROM.lib ABSOLUTE
    RTC_WriteReg                             0x00011759   Thumb Code     0  ROM.lib ABSOLUTE
    RTC_DeInit                               0x00011795   Thumb Code     0  ROM.lib ABSOLUTE
    RTC_SetPrescaler                         0x00011815   Thumb Code     0  ROM.lib ABSOLUTE
    RTC_SetComp                              0x0001181d   Thumb Code     0  ROM.lib ABSOLUTE
    RTC_RunCmd                               0x00011827   Thumb Code     0  ROM.lib ABSOLUTE
    RTC_MaskINTConfig                        0x00011843   Thumb Code     0  ROM.lib ABSOLUTE
    RTC_CompINTConfig                        0x0001185f   Thumb Code     0  ROM.lib ABSOLUTE
    RTC_TickINTConfig                        0x0001187b   Thumb Code     0  ROM.lib ABSOLUTE
    RTC_GetINTStatus                         0x00011897   Thumb Code     0  ROM.lib ABSOLUTE
    RTC_SystemWakeupConfig                   0x000118ab   Thumb Code     0  ROM.lib ABSOLUTE
    WDG_ClockEnable                          0x000118d9   Thumb Code     0  ROM.lib ABSOLUTE
    WDG_Config                               0x00011903   Thumb Code     0  ROM.lib ABSOLUTE
    WDG_Enable                               0x00011931   Thumb Code     0  ROM.lib ABSOLUTE
    WDG_Disable                              0x00011943   Thumb Code     0  ROM.lib ABSOLUTE
    WDG_Restart                              0x00011955   Thumb Code     0  ROM.lib ABSOLUTE
    AON_WDG_Config                           0x00011a79   Thumb Code     0  ROM.lib ABSOLUTE
    AON_WDG_ConfigResetLevel                 0x00011acb   Thumb Code     0  ROM.lib ABSOLUTE
    AON_WDG_ConfigComp                       0x00011b0f   Thumb Code     0  ROM.lib ABSOLUTE
    AON_WDG_ConfigCntCtl                     0x00011b53   Thumb Code     0  ROM.lib ABSOLUTE
    AON_WDG_ConfigCntReload                  0x00011b97   Thumb Code     0  ROM.lib ABSOLUTE
    AON_WDG_Enable                           0x00011bdb   Thumb Code     0  ROM.lib ABSOLUTE
    AON_WDG_Disable                          0x00011c21   Thumb Code     0  ROM.lib ABSOLUTE
    AON_WDG_Restart                          0x00011c67   Thumb Code     0  ROM.lib ABSOLUTE
    AON_WDG_SystemReset                      0x00011c7f   Thumb Code     0  ROM.lib ABSOLUTE
    SPI_DeInit                               0x00011c95   Thumb Code     0  ROM.lib ABSOLUTE
    SPI_Init                                 0x00011caf   Thumb Code     0  ROM.lib ABSOLUTE
    SPI_StructInit                           0x00011da3   Thumb Code     0  ROM.lib ABSOLUTE
    SPI_Cmd                                  0x00011def   Thumb Code     0  ROM.lib ABSOLUTE
    SPI_SendBuffer                           0x00011e03   Thumb Code     0  ROM.lib ABSOLUTE
    SPI_SendWord                             0x00011e1f   Thumb Code     0  ROM.lib ABSOLUTE
    SPI_SendHalfWord                         0x00011e39   Thumb Code     0  ROM.lib ABSOLUTE
    SPI_INTConfig                            0x00011e55   Thumb Code     0  ROM.lib ABSOLUTE
    SPI_ClearINTPendingBit                   0x00011e69   Thumb Code     0  ROM.lib ABSOLUTE
    LPC_Init                                 0x00011ee5   Thumb Code     0  ROM.lib ABSOLUTE
    LPC_StructInit                           0x00011f23   Thumb Code     0  ROM.lib ABSOLUTE
    LPC_Cmd                                  0x00011f2f   Thumb Code     0  ROM.lib ABSOLUTE
    LPC_CounterCmd                           0x00011f57   Thumb Code     0  ROM.lib ABSOLUTE
    LPC_CounterReset                         0x00011f75   Thumb Code     0  ROM.lib ABSOLUTE
    LPC_WriteComparator                      0x00011f9f   Thumb Code     0  ROM.lib ABSOLUTE
    LPC_ReadComparator                       0x00011fa5   Thumb Code     0  ROM.lib ABSOLUTE
    LPC_ReadCounter                          0x00011fb3   Thumb Code     0  ROM.lib ABSOLUTE
    LPC_INTConfig                            0x00011fc1   Thumb Code     0  ROM.lib ABSOLUTE
    LPC_ClearINTPendingBit                   0x00011fdb   Thumb Code     0  ROM.lib ABSOLUTE
    LPC_GetINTStatus                         0x00012009   Thumb Code     0  ROM.lib ABSOLUTE
    hci_if_open                              0x00013cc9   Thumb Code     0  ROM.lib ABSOLUTE
    hci_if_close                             0x00013ccd   Thumb Code     0  ROM.lib ABSOLUTE
    hci_if_write                             0x00013cd1   Thumb Code     0  ROM.lib ABSOLUTE
    hci_if_confirm                           0x00013cff   Thumb Code     0  ROM.lib ABSOLUTE
    sm_le_sc_local_oob_init                  0x0001808d   Thumb Code     0  ROM.lib ABSOLUTE
    sm_le_sc_peer_oob_init                   0x000180a1   Thumb Code     0  ROM.lib ABSOLUTE
    btif_buffer_get                          0x0002148f   Thumb Code     0  ROM.lib ABSOLUTE
    btif_buffer_put                          0x000214a9   Thumb Code     0  ROM.lib ABSOLUTE
    btif_vendor_cmd_req                      0x000214ed   Thumb Code     0  ROM.lib ABSOLUTE
    btif_just_work_req_cfm                   0x0002165b   Thumb Code     0  ROM.lib ABSOLUTE
    btif_sw_reset_req                        0x000216e3   Thumb Code     0  ROM.lib ABSOLUTE
    btif_le_credit_based_conn_req            0x00021e61   Thumb Code     0  ROM.lib ABSOLUTE
    btif_le_credit_based_conn_cfm            0x00021eaf   Thumb Code     0  ROM.lib ABSOLUTE
    btif_le_credit_based_disconn_req         0x00021f05   Thumb Code     0  ROM.lib ABSOLUTE
    btif_le_credit_based_disconn_cfm         0x00021f23   Thumb Code     0  ROM.lib ABSOLUTE
    btif_le_send_credit_req                  0x00021f41   Thumb Code     0  ROM.lib ABSOLUTE
    btif_le_credit_based_data_req            0x00021f63   Thumb Code     0  ROM.lib ABSOLUTE
    btif_le_credit_based_data_cfm            0x00021f9d   Thumb Code     0  ROM.lib ABSOLUTE
    btif_le_credit_based_security_reg_req    0x00021fbf   Thumb Code     0  ROM.lib ABSOLUTE
    btif_le_credit_based_psm_reg_req         0x00021fed   Thumb Code     0  ROM.lib ABSOLUTE
    btif_le_set_adv_set_rand_addr_req        0x00022395   Thumb Code     0  ROM.lib ABSOLUTE
    btif_le_modify_adv_set_req               0x000223bf   Thumb Code     0  ROM.lib ABSOLUTE
    btif_le_ext_adv_enable_req               0x000223dd   Thumb Code     0  ROM.lib ABSOLUTE
    btif_le_ext_adv_param_set_req            0x00022417   Thumb Code     0  ROM.lib ABSOLUTE
    btif_le_ext_adv_data_set_req             0x0002248f   Thumb Code     0  ROM.lib ABSOLUTE
    btif_le_ext_scan_req                     0x00022503   Thumb Code     0  ROM.lib ABSOLUTE
    btif_le_ext_scan_param_set_req           0x00022529   Thumb Code     0  ROM.lib ABSOLUTE
    btif_le_set_suppl_test_params_req        0x0002257f   Thumb Code     0  ROM.lib ABSOLUTE
    btif_le_set_conn_suppl_params_req        0x000225ab   Thumb Code     0  ROM.lib ABSOLUTE
    btif_le_conn_suppl_request_enable_req    0x000225fb   Thumb Code     0  ROM.lib ABSOLUTE
    btif_le_conn_suppl_response_enable_req   0x00022627   Thumb Code     0  ROM.lib ABSOLUTE
    btif_le_read_antenna_info_req            0x00022645   Thumb Code     0  ROM.lib ABSOLUTE
    os_mem_alloc_intern                      0x00025d61   Thumb Code     0  ROM.lib ABSOLUTE
    os_mem_zalloc_intern                     0x00025db9   Thumb Code     0  ROM.lib ABSOLUTE
    os_mem_aligned_alloc_intern              0x00025e17   Thumb Code     0  ROM.lib ABSOLUTE
    os_mem_free                              0x00025e77   Thumb Code     0  ROM.lib ABSOLUTE
    os_mem_aligned_free                      0x00025e95   Thumb Code     0  ROM.lib ABSOLUTE
    os_mem_peek                              0x00025eb3   Thumb Code     0  ROM.lib ABSOLUTE
    os_msg_queue_create_intern               0x00025ef5   Thumb Code     0  ROM.lib ABSOLUTE
    os_msg_queue_delete_intern               0x00025f51   Thumb Code     0  ROM.lib ABSOLUTE
    os_msg_queue_peek_intern                 0x00025f95   Thumb Code     0  ROM.lib ABSOLUTE
    os_msg_send_intern                       0x00025fe5   Thumb Code     0  ROM.lib ABSOLUTE
    os_msg_recv_intern                       0x00026045   Thumb Code     0  ROM.lib ABSOLUTE
    os_msg_peek_intern                       0x000260a3   Thumb Code     0  ROM.lib ABSOLUTE
    os_pool_create_intern                    0x000261e7   Thumb Code     0  ROM.lib ABSOLUTE
    os_pool_extend_intern                    0x000262bb   Thumb Code     0  ROM.lib ABSOLUTE
    os_pool_delete_intern                    0x0002638b   Thumb Code     0  ROM.lib ABSOLUTE
    os_buffer_get_intern                     0x0002645d   Thumb Code     0  ROM.lib ABSOLUTE
    os_buffer_put_intern                     0x00026561   Thumb Code     0  ROM.lib ABSOLUTE
    os_pool_dump                             0x000265e1   Thumb Code     0  ROM.lib ABSOLUTE
    os_queue_init                            0x0002666d   Thumb Code     0  ROM.lib ABSOLUTE
    os_queue_in                              0x00026677   Thumb Code     0  ROM.lib ABSOLUTE
    os_queue_out                             0x000266a3   Thumb Code     0  ROM.lib ABSOLUTE
    os_queue_peek                            0x000266d1   Thumb Code     0  ROM.lib ABSOLUTE
    os_queue_insert                          0x000266d5   Thumb Code     0  ROM.lib ABSOLUTE
    os_queue_delete                          0x0002670f   Thumb Code     0  ROM.lib ABSOLUTE
    os_delay                                 0x00026771   Thumb Code     0  ROM.lib ABSOLUTE
    os_sys_time_get                          0x0002678f   Thumb Code     0  ROM.lib ABSOLUTE
    os_sys_tick_get                          0x000267a9   Thumb Code     0  ROM.lib ABSOLUTE
    os_sched_start                           0x000267c3   Thumb Code     0  ROM.lib ABSOLUTE
    os_sched_suspend                         0x000267fb   Thumb Code     0  ROM.lib ABSOLUTE
    os_sched_resume                          0x00026817   Thumb Code     0  ROM.lib ABSOLUTE
    os_lock                                  0x00026851   Thumb Code     0  ROM.lib ABSOLUTE
    os_unlock                                0x0002686b   Thumb Code     0  ROM.lib ABSOLUTE
    os_sem_create                            0x00026889   Thumb Code     0  ROM.lib ABSOLUTE
    os_sem_delete                            0x000268b3   Thumb Code     0  ROM.lib ABSOLUTE
    os_sem_take                              0x000268d5   Thumb Code     0  ROM.lib ABSOLUTE
    os_sem_give                              0x000268fb   Thumb Code     0  ROM.lib ABSOLUTE
    os_mutex_create                          0x0002691d   Thumb Code     0  ROM.lib ABSOLUTE
    os_mutex_delete                          0x0002693f   Thumb Code     0  ROM.lib ABSOLUTE
    os_mutex_take                            0x00026961   Thumb Code     0  ROM.lib ABSOLUTE
    os_mutex_give                            0x00026987   Thumb Code     0  ROM.lib ABSOLUTE
    os_task_create                           0x000269d1   Thumb Code     0  ROM.lib ABSOLUTE
    os_task_delete                           0x00026a17   Thumb Code     0  ROM.lib ABSOLUTE
    os_task_suspend                          0x00026a39   Thumb Code     0  ROM.lib ABSOLUTE
    os_task_resume                           0x00026a5b   Thumb Code     0  ROM.lib ABSOLUTE
    os_task_yield                            0x00026a7d   Thumb Code     0  ROM.lib ABSOLUTE
    os_task_handle_get                       0x00026a99   Thumb Code     0  ROM.lib ABSOLUTE
    os_task_priority_get                     0x00026abb   Thumb Code     0  ROM.lib ABSOLUTE
    os_task_priority_set                     0x00026ae1   Thumb Code     0  ROM.lib ABSOLUTE
    os_task_signal_send                      0x00026b07   Thumb Code     0  ROM.lib ABSOLUTE
    os_task_signal_recv                      0x00026b2d   Thumb Code     0  ROM.lib ABSOLUTE
    os_task_signal_clear                     0x00026b53   Thumb Code     0  ROM.lib ABSOLUTE
    os_timer_id_get                          0x00026ba1   Thumb Code     0  ROM.lib ABSOLUTE
    os_timer_create                          0x00026bd7   Thumb Code     0  ROM.lib ABSOLUTE
    os_timer_start                           0x00026c1d   Thumb Code     0  ROM.lib ABSOLUTE
    os_timer_restart                         0x00026c3f   Thumb Code     0  ROM.lib ABSOLUTE
    os_timer_stop                            0x00026c65   Thumb Code     0  ROM.lib ABSOLUTE
    os_timer_delete                          0x00026c87   Thumb Code     0  ROM.lib ABSOLUTE
    os_timer_dump                            0x00026ca9   Thumb Code     0  ROM.lib ABSOLUTE
    os_timer_state_get                       0x00026cc5   Thumb Code     0  ROM.lib ABSOLUTE
    rtk_write_modem_radio_reg                0x0002b11d   Thumb Code     0  ROM.lib ABSOLUTE
    rtk_read_modem_radio_reg                 0x0002b183   Thumb Code     0  ROM.lib ABSOLUTE
    hci_handle_le_receiver_test              0x0002d321   Thumb Code     0  ROM.lib ABSOLUTE
    btaon_fast_read                          0x0003eded   Thumb Code     0  ROM.lib ABSOLUTE
    btaon_fast_read_safe                     0x0003ee05   Thumb Code     0  ROM.lib ABSOLUTE
    btaon_fast_write                         0x0003ee25   Thumb Code     0  ROM.lib ABSOLUTE
    btaon_fast_write_safe                    0x0003ee47   Thumb Code     0  ROM.lib ABSOLUTE
    btaon_fast_update                        0x0003ee73   Thumb Code     0  ROM.lib ABSOLUTE
    dfu_report_target_ic_type                0x000474ab   Thumb Code     0  ROM.lib ABSOLUTE
    dfu_report_target_fw_info                0x000474f5   Thumb Code     0  ROM.lib ABSOLUTE
    dfu_flash_erase                          0x000475a5   Thumb Code     0  ROM.lib ABSOLUTE
    dfu_update                               0x000475eb   Thumb Code     0  ROM.lib ABSOLUTE
    dfu_reset                                0x000476f5   Thumb Code     0  ROM.lib ABSOLUTE
    dfu_fw_active_reset                      0x00047713   Thumb Code     0  ROM.lib ABSOLUTE
    dfu_checkbufcrc                          0x0004776b   Thumb Code     0  ROM.lib ABSOLUTE
    dfu_flash_check_blank                    0x000477cb   Thumb Code     0  ROM.lib ABSOLUTE
    dfu_check_checksum                       0x00047833   Thumb Code     0  ROM.lib ABSOLUTE
    dfu_init                                 0x00047a91   Thumb Code     0  ROM.lib ABSOLUTE
    dfu_switch_to_ota_mode                   0x00047ad7   Thumb Code     0  ROM.lib ABSOLUTE
    dfu_set_ota_mode_flag                    0x0004820d   Thumb Code     0  ROM.lib ABSOLUTE
    bt_crypto_f4                             0x00048ac9   Thumb Code     0  ROM.lib ABSOLUTE
    ecc_make_key                             0x00049969   Thumb Code     0  ROM.lib ABSOLUTE
    gap_register_extend_cb                   0x0004be11   Thumb Code     0  ROM.lib ABSOLUTE
    gap_start_bt_stack                       0x0004be6b   Thumb Code     0  ROM.lib ABSOLUTE
    gap_set_pairable_mode                    0x0004bedb   Thumb Code     0  ROM.lib ABSOLUTE
    gap_handle_msg                           0x0004bf45   Thumb Code     0  ROM.lib ABSOLUTE
    gap_register_app_cb                      0x0004bfa5   Thumb Code     0  ROM.lib ABSOLUTE
    gap_set_param                            0x0004bfab   Thumb Code     0  ROM.lib ABSOLUTE
    gap_get_param                            0x0004c037   Thumb Code     0  ROM.lib ABSOLUTE
    gap_write_airplan_mode                   0x0004c0a5   Thumb Code     0  ROM.lib ABSOLUTE
    gap_read_airplan_mode                    0x0004c0c7   Thumb Code     0  ROM.lib ABSOLUTE
    gap_buffer_free                          0x0004c0e5   Thumb Code     0  ROM.lib ABSOLUTE
    le_bond_clear_all_keys                   0x0004c151   Thumb Code     0  ROM.lib ABSOLUTE
    le_bond_delete_by_idx                    0x0004c16d   Thumb Code     0  ROM.lib ABSOLUTE
    le_bond_delete_by_bd                     0x0004c1a7   Thumb Code     0  ROM.lib ABSOLUTE
    le_bond_set_param                        0x0004c1ef   Thumb Code     0  ROM.lib ABSOLUTE
    le_bond_get_param                        0x0004c2e1   Thumb Code     0  ROM.lib ABSOLUTE
    le_bond_pair                             0x0004c353   Thumb Code     0  ROM.lib ABSOLUTE
    le_bond_passkey_input_confirm            0x0004c383   Thumb Code     0  ROM.lib ABSOLUTE
    le_bond_oob_input_confirm                0x0004c3b7   Thumb Code     0  ROM.lib ABSOLUTE
    le_bond_get_display_key                  0x0004c3eb   Thumb Code     0  ROM.lib ABSOLUTE
    le_bond_user_confirm                     0x0004c415   Thumb Code     0  ROM.lib ABSOLUTE
    le_bond_passkey_display_confirm          0x0004c475   Thumb Code     0  ROM.lib ABSOLUTE
    le_bond_keypress_notify                  0x0004c4a5   Thumb Code     0  ROM.lib ABSOLUTE
    le_bond_cfg_local_key_distribute         0x0004c4d5   Thumb Code     0  ROM.lib ABSOLUTE
    le_gap_init                              0x0004cbbd   Thumb Code     0  ROM.lib ABSOLUTE
    le_gap_msg_info_way                      0x0004cc23   Thumb Code     0  ROM.lib ABSOLUTE
    le_load_upper_stack_efuse                0x0004cc29   Thumb Code     0  ROM.lib ABSOLUTE
    le_get_max_link_num                      0x0004cc3b   Thumb Code     0  ROM.lib ABSOLUTE
    le_register_app_cb                       0x0004cc43   Thumb Code     0  ROM.lib ABSOLUTE
    le_set_gap_param                         0x0004cc49   Thumb Code     0  ROM.lib ABSOLUTE
    le_get_gap_param                         0x0004cd91   Thumb Code     0  ROM.lib ABSOLUTE
    le_modify_white_list                     0x0004ce55   Thumb Code     0  ROM.lib ABSOLUTE
    le_gen_rand_addr                         0x0004ce65   Thumb Code     0  ROM.lib ABSOLUTE
    le_set_rand_addr                         0x0004ce75   Thumb Code     0  ROM.lib ABSOLUTE
    le_set_host_chann_classif                0x0004ce93   Thumb Code     0  ROM.lib ABSOLUTE
    le_cfg_local_identity_address            0x0004cea3   Thumb Code     0  ROM.lib ABSOLUTE
    le_write_default_data_len                0x0004ceb3   Thumb Code     0  ROM.lib ABSOLUTE
    gap_send_dev_state                       0x0004cec3   Thumb Code     0  ROM.lib ABSOLUTE
    le_read_rssi                             0x0004cf2f   Thumb Code     0  ROM.lib ABSOLUTE
    le_read_chann_map                        0x0004cf59   Thumb Code     0  ROM.lib ABSOLUTE
    le_set_data_len                          0x0004cf83   Thumb Code     0  ROM.lib ABSOLUTE
    le_disable_slave_latency                 0x0004cfe9   Thumb Code     0  ROM.lib ABSOLUTE
    le_set_conn_tx_power                     0x0004d03f   Thumb Code     0  ROM.lib ABSOLUTE
    le_update_passed_chann_map               0x0004d093   Thumb Code     0  ROM.lib ABSOLUTE
    le_vendor_set_rem_min_sca                0x0004d0b9   Thumb Code     0  ROM.lib ABSOLUTE
    le_link_find_by_link_id                  0x0004d8f5   Thumb Code     0  ROM.lib ABSOLUTE
    le_get_conn_id                           0x0004d9bb   Thumb Code     0  ROM.lib ABSOLUTE
    le_link_check_conn_id_internal           0x0004da19   Thumb Code     0  ROM.lib ABSOLUTE
    le_get_conn_param                        0x0004da7f   Thumb Code     0  ROM.lib ABSOLUTE
    le_get_active_link_num                   0x0004db71   Thumb Code     0  ROM.lib ABSOLUTE
    le_get_idle_link_num                     0x0004db75   Thumb Code     0  ROM.lib ABSOLUTE
    le_get_conn_info                         0x0004db79   Thumb Code     0  ROM.lib ABSOLUTE
    le_get_conn_addr                         0x0004dbef   Thumb Code     0  ROM.lib ABSOLUTE
    le_disconnect                            0x0004dc25   Thumb Code     0  ROM.lib ABSOLUTE
    le_update_conn_param                     0x0004dc8b   Thumb Code     0  ROM.lib ABSOLUTE
    le_set_conn_param                        0x0004dccf   Thumb Code     0  ROM.lib ABSOLUTE
    le_connect                               0x0004dd79   Thumb Code     0  ROM.lib ABSOLUTE
    le_set_phy                               0x0004de43   Thumb Code     0  ROM.lib ABSOLUTE
    client_init                              0x0004e341   Thumb Code     0  ROM.lib ABSOLUTE
    client_register_general_client_cb        0x0004e36f   Thumb Code     0  ROM.lib ABSOLUTE
    client_register_spec_client_cb           0x0004e375   Thumb Code     0  ROM.lib ABSOLUTE
    client_all_primary_srv_discovery         0x0004e4f5   Thumb Code     0  ROM.lib ABSOLUTE
    client_by_uuid_srv_discovery             0x0004e529   Thumb Code     0  ROM.lib ABSOLUTE
    client_by_uuid128_srv_discovery          0x0004e55f   Thumb Code     0  ROM.lib ABSOLUTE
    client_relationship_discovery            0x0004e591   Thumb Code     0  ROM.lib ABSOLUTE
    client_all_char_discovery                0x0004e5bf   Thumb Code     0  ROM.lib ABSOLUTE
    client_by_uuid_char_discovery            0x0004e5fb   Thumb Code     0  ROM.lib ABSOLUTE
    client_by_uuid128_char_discovery         0x0004e63d   Thumb Code     0  ROM.lib ABSOLUTE
    client_all_char_descriptor_discovery     0x0004e685   Thumb Code     0  ROM.lib ABSOLUTE
    client_attr_read                         0x0004e6b3   Thumb Code     0  ROM.lib ABSOLUTE
    client_attr_read_using_uuid              0x0004e70d   Thumb Code     0  ROM.lib ABSOLUTE
    client_attr_write                        0x0004e8a1   Thumb Code     0  ROM.lib ABSOLUTE
    client_attr_ind_confirm                  0x0004ea1f   Thumb Code     0  ROM.lib ABSOLUTE
    client_get_notify_data_buffer            0x0004f29d   Thumb Code     0  ROM.lib ABSOLUTE
    server_builtin_service_reg               0x0004f4f1   Thumb Code     0  ROM.lib ABSOLUTE
    server_init                              0x0004f505   Thumb Code     0  ROM.lib ABSOLUTE
    server_register_app_cb                   0x0004f537   Thumb Code     0  ROM.lib ABSOLUTE
    server_add_service                       0x0004f66f   Thumb Code     0  ROM.lib ABSOLUTE
    server_add_service_by_start_handle       0x0004f681   Thumb Code     0  ROM.lib ABSOLUTE
    server_attr_read_confirm                 0x0004f693   Thumb Code     0  ROM.lib ABSOLUTE
    server_attr_write_confirm                0x0004f731   Thumb Code     0  ROM.lib ABSOLUTE
    server_exec_write_confirm                0x0004f779   Thumb Code     0  ROM.lib ABSOLUTE
    server_send_data                         0x0004f7a5   Thumb Code     0  ROM.lib ABSOLUTE
    server_get_write_cmd_data_buffer         0x0004fc1f   Thumb Code     0  ROM.lib ABSOLUTE
    le_find_key_entry                        0x0005018f   Thumb Code     0  ROM.lib ABSOLUTE
    le_find_key_entry_by_idx                 0x000502a1   Thumb Code     0  ROM.lib ABSOLUTE
    le_get_bond_dev_num                      0x00050323   Thumb Code     0  ROM.lib ABSOLUTE
    le_set_high_priority_bond                0x00050329   Thumb Code     0  ROM.lib ABSOLUTE
    le_get_high_priority_bond                0x00050341   Thumb Code     0  ROM.lib ABSOLUTE
    le_get_key                               0x00050365   Thumb Code     0  ROM.lib ABSOLUTE
    le_save_key                              0x00050427   Thumb Code     0  ROM.lib ABSOLUTE
    le_get_low_priority_bond                 0x000507a1   Thumb Code     0  ROM.lib ABSOLUTE
    le_get_cccd_data                         0x000507c1   Thumb Code     0  ROM.lib ABSOLUTE
    le_resolve_random_address                0x000509d5   Thumb Code     0  ROM.lib ABSOLUTE
    le_gen_bond_dev                          0x00050a59   Thumb Code     0  ROM.lib ABSOLUTE
    le_set_privacy_info                      0x00050b05   Thumb Code     0  ROM.lib ABSOLUTE
    le_get_privacy_info                      0x00050b7b   Thumb Code     0  ROM.lib ABSOLUTE
    flash_save_local_name                    0x00051071   Thumb Code     0  ROM.lib ABSOLUTE
    flash_load_local_name                    0x0005108f   Thumb Code     0  ROM.lib ABSOLUTE
    flash_save_local_appearance              0x000510af   Thumb Code     0  ROM.lib ABSOLUTE
    flash_load_local_appearance              0x000510d1   Thumb Code     0  ROM.lib ABSOLUTE
    flash_save_local_irk                     0x000510f3   Thumb Code     0  ROM.lib ABSOLUTE
    flash_load_local_irk                     0x00051115   Thumb Code     0  ROM.lib ABSOLUTE
    gaps_set_parameter                       0x000518a1   Thumb Code     0  ROM.lib ABSOLUTE
    gaps_set_peripheral_preferred_conn_param 0x0005193d   Thumb Code     0  ROM.lib ABSOLUTE
    gatts_service_changed_indicate           0x0005195f   Thumb Code     0  ROM.lib ABSOLUTE
    gatt_register_callback                   0x00051ac3   Thumb Code     0  ROM.lib ABSOLUTE
    le_privacy_set_param                     0x00051b3d   Thumb Code     0  ROM.lib ABSOLUTE
    le_privacy_get_param                     0x00051b91   Thumb Code     0  ROM.lib ABSOLUTE
    le_privacy_register_cb                   0x00051bf1   Thumb Code     0  ROM.lib ABSOLUTE
    le_privacy_set_addr_resolution           0x00051bf7   Thumb Code     0  ROM.lib ABSOLUTE
    le_privacy_read_peer_resolv_addr         0x00051c77   Thumb Code     0  ROM.lib ABSOLUTE
    le_privacy_read_local_resolv_addr        0x00051c87   Thumb Code     0  ROM.lib ABSOLUTE
    le_privacy_set_resolv_priv_addr_timeout  0x00051c97   Thumb Code     0  ROM.lib ABSOLUTE
    le_privacy_modify_resolv_list            0x00051cab   Thumb Code     0  ROM.lib ABSOLUTE
    le_privacy_set_mode                      0x00051d63   Thumb Code     0  ROM.lib ABSOLUTE
    le_privacy_convert_addr_type             0x00051d73   Thumb Code     0  ROM.lib ABSOLUTE
    le_adv_set_param                         0x00051e91   Thumb Code     0  ROM.lib ABSOLUTE
    le_adv_get_param                         0x00051f95   Thumb Code     0  ROM.lib ABSOLUTE
    le_adv_read_tx_power                     0x0005202b   Thumb Code     0  ROM.lib ABSOLUTE
    le_adv_start                             0x000520c7   Thumb Code     0  ROM.lib ABSOLUTE
    le_adv_update_param                      0x0005213d   Thumb Code     0  ROM.lib ABSOLUTE
    le_adv_stop                              0x0005218b   Thumb Code     0  ROM.lib ABSOLUTE
    le_adv_set_tx_power                      0x000521d3   Thumb Code     0  ROM.lib ABSOLUTE
    le_vendor_one_shot_adv                   0x000521f9   Thumb Code     0  ROM.lib ABSOLUTE
    le_scan_set_param                        0x00052375   Thumb Code     0  ROM.lib ABSOLUTE
    le_scan_get_param                        0x00052409   Thumb Code     0  ROM.lib ABSOLUTE
    le_scan_start                            0x00052475   Thumb Code     0  ROM.lib ABSOLUTE
    le_scan_stop                             0x000524d3   Thumb Code     0  ROM.lib ABSOLUTE
    gap_send_msg_to_app                      0x00052601   Thumb Code     0  ROM.lib ABSOLUTE
    le_dtm_receiver_test                     0x0005289d   Thumb Code     0  ROM.lib ABSOLUTE
    le_dtm_transmitter_test                  0x000528ad   Thumb Code     0  ROM.lib ABSOLUTE
    le_dtm_test_end                          0x000528bd   Thumb Code     0  ROM.lib ABSOLUTE
    le_dtm_enhanced_receiver_test            0x000528cd   Thumb Code     0  ROM.lib ABSOLUTE
    le_dtm_enhanced_transmitter_test         0x000528dd   Thumb Code     0  ROM.lib ABSOLUTE
    vsnprintf                                0x00059911   Thumb Code     0  ROM.lib ABSOLUTE
    setlocale                                0x00059df5   Thumb Code     0  ROM.lib ABSOLUTE
    memcmp                                   0x00059e05   Thumb Code     0  ROM.lib ABSOLUTE
    strlen                                   0x00059e5d   Thumb Code     0  ROM.lib ABSOLUTE
    __aeabi_memcpy                           0x00059e9b   Thumb Code     0  ROM.lib ABSOLUTE
    __rt_memcpy                              0x00059e9b   Thumb Code     0  ROM.lib ABSOLUTE
    __aeabi_memcpy4                          0x00059fa9   Thumb Code     0  ROM.lib ABSOLUTE
    __aeabi_memcpy8                          0x00059fa9   Thumb Code     0  ROM.lib ABSOLUTE
    __aeabi_memset                           0x0005a00d   Thumb Code     0  ROM.lib ABSOLUTE
    __aeabi_memclr                           0x0005a01d   Thumb Code     0  ROM.lib ABSOLUTE
    __rt_memclr                              0x0005a01d   Thumb Code     0  ROM.lib ABSOLUTE
    _memset                                  0x0005a021   Thumb Code     0  ROM.lib ABSOLUTE
    __aeabi_memclr4                          0x0005a061   Thumb Code     0  ROM.lib ABSOLUTE
    __aeabi_memclr8                          0x0005a061   Thumb Code     0  ROM.lib ABSOLUTE
    __rt_memclr_w                            0x0005a061   Thumb Code     0  ROM.lib ABSOLUTE
    _memset_w                                0x0005a065   Thumb Code     0  ROM.lib ABSOLUTE
    exit                                     0x0005ae25   Thumb Code     0  ROM.lib ABSOLUTE
    strcmp                                   0x0005ae39   Thumb Code     0  ROM.lib ABSOLUTE
    __Vectors                                0x00200000   Data           4  startup_rtl8762c.o(VECTOR)
    __Vectors_End                            0x002000f4   Data           0  startup_rtl8762c.o(VECTOR)
    platform_delay_us                        0x00200154   Data           0  ROM.lib ABSOLUTE
    platform_delay_ms                        0x00200158   Data           0  ROM.lib ABSOLUTE
    flash_lock_flag                          0x002004f9   Data           0  ROM.lib ABSOLUTE
    platform_seed                            0x00200504   Data           0  ROM.lib ABSOLUTE
    platform_poly                            0x00200508   Data           0  ROM.lib ABSOLUTE
    rand_gen_init                            0x0020050c   Data           0  ROM.lib ABSOLUTE
    rand_gen_read_random_number              0x00200510   Data           0  ROM.lib ABSOLUTE
    rand_gen_reset                           0x00200514   Data           0  ROM.lib ABSOLUTE
    app_pre_main                             0x00200c38   Data           0  ROM.lib ABSOLUTE
    app_main                                 0x00200c3c   Data           0  ROM.lib ABSOLUTE
    is_log_init                              0x00200c52   Data           0  ROM.lib ABSOLUTE
    DlpsErrorCode                            0x00200c7c   Data           0  ROM.lib ABSOLUTE
    DlpsRefuseReason                         0x00200c80   Data           0  ROM.lib ABSOLUTE
    g_BasePri                                0x00200cac   Data           0  ROM.lib ABSOLUTE
    flash_device_info                        0x00200cb0   Data           0  ROM.lib ABSOLUTE
    flash_split_read_info                    0x00200d04   Data           0  ROM.lib ABSOLUTE
    flash_dma_cfg                            0x00200d1c   Data           0  ROM.lib ABSOLUTE
    flash_sem                                0x00200d40   Data           0  ROM.lib ABSOLUTE
    gap_device_state                         0x00202e38   Data           0  ROM.lib ABSOLUTE
    gap_param_ds_pool_id                     0x00202e44   Data           0  ROM.lib ABSOLUTE
    gap_param_ds_data_offset                 0x00202e46   Data           0  ROM.lib ABSOLUTE
    gap_app_cb                               0x00202e48   Data           0  ROM.lib ABSOLUTE
    gap_link_table                           0x00202e64   Data           0  ROM.lib ABSOLUTE
    bond_storage_num                         0x00202ebc   Data           0  ROM.lib ABSOLUTE
    Image$$RAM_DATA_ON$$RO$$Base             0x00207c00   Number         0  anon$$obj.o ABSOLUTE
    __rt_lib_init                            0x00207c01   Thumb Code     0  libinit.o(.ARM.Collect$$libinit$$00000000)
    __rt_lib_init_fp_1                       0x00207c03   Thumb Code     0  libinit2.o(.ARM.Collect$$libinit$$00000001)
    __rt_lib_init_alloca_1                   0x00207c07   Thumb Code     0  libinit2.o(.ARM.Collect$$libinit$$0000002E)
    __rt_lib_init_argv_1                     0x00207c07   Thumb Code     0  libinit2.o(.ARM.Collect$$libinit$$0000002C)
    __rt_lib_init_atexit_1                   0x00207c07   Thumb Code     0  libinit2.o(.ARM.Collect$$libinit$$0000001B)
    __rt_lib_init_clock_1                    0x00207c07   Thumb Code     0  libinit2.o(.ARM.Collect$$libinit$$00000021)
    __rt_lib_init_cpp_1                      0x00207c07   Thumb Code     0  libinit2.o(.ARM.Collect$$libinit$$00000032)
    __rt_lib_init_exceptions_1               0x00207c07   Thumb Code     0  libinit2.o(.ARM.Collect$$libinit$$00000030)
    __rt_lib_init_fp_trap_1                  0x00207c07   Thumb Code     0  libinit2.o(.ARM.Collect$$libinit$$0000001F)
    __rt_lib_init_getenv_1                   0x00207c07   Thumb Code     0  libinit2.o(.ARM.Collect$$libinit$$00000023)
    __rt_lib_init_heap_1                     0x00207c07   Thumb Code     0  libinit2.o(.ARM.Collect$$libinit$$0000000A)
    __rt_lib_init_lc_collate_1               0x00207c07   Thumb Code     0  libinit2.o(.ARM.Collect$$libinit$$00000011)
    __rt_lib_init_lc_ctype_1                 0x00207c07   Thumb Code     0  libinit2.o(.ARM.Collect$$libinit$$00000013)
    __rt_lib_init_lc_monetary_1              0x00207c07   Thumb Code     0  libinit2.o(.ARM.Collect$$libinit$$00000015)
    __rt_lib_init_lc_numeric_1               0x00207c07   Thumb Code     0  libinit2.o(.ARM.Collect$$libinit$$00000017)
    __rt_lib_init_lc_time_1                  0x00207c07   Thumb Code     0  libinit2.o(.ARM.Collect$$libinit$$00000019)
    __rt_lib_init_preinit_1                  0x00207c07   Thumb Code     0  libinit2.o(.ARM.Collect$$libinit$$00000004)
    __rt_lib_init_rand_1                     0x00207c07   Thumb Code     0  libinit2.o(.ARM.Collect$$libinit$$0000000E)
    __rt_lib_init_return                     0x00207c07   Thumb Code     0  libinit2.o(.ARM.Collect$$libinit$$00000033)
    __rt_lib_init_signal_1                   0x00207c07   Thumb Code     0  libinit2.o(.ARM.Collect$$libinit$$0000001D)
    __rt_lib_init_stdio_1                    0x00207c07   Thumb Code     0  libinit2.o(.ARM.Collect$$libinit$$00000025)
    __rt_lib_init_user_alloc_1               0x00207c07   Thumb Code     0  libinit2.o(.ARM.Collect$$libinit$$0000000C)
    __rt_entry                               0x00207c09   Thumb Code     0  __rtentry.o(.ARM.Collect$$rtentry$$00000000)
    __rt_entry_presh_1                       0x00207c09   Thumb Code     0  __rtentry2.o(.ARM.Collect$$rtentry$$00000002)
    __rt_entry_sh                            0x00207c09   Thumb Code     0  __rtentry4.o(.ARM.Collect$$rtentry$$00000004)
    __rt_entry_li                            0x00207c0f   Thumb Code     0  __rtentry2.o(.ARM.Collect$$rtentry$$0000000A)
    __rt_entry_postsh_1                      0x00207c0f   Thumb Code     0  __rtentry2.o(.ARM.Collect$$rtentry$$00000009)
    __rt_entry_main                          0x00207c13   Thumb Code     0  __rtentry2.o(.ARM.Collect$$rtentry$$0000000D)
    __rt_entry_postli_1                      0x00207c13   Thumb Code     0  __rtentry2.o(.ARM.Collect$$rtentry$$0000000C)
    GPIO_Group3_Handler                      0x00207c1d   Thumb Code    76  system_rtl8762c.o(.ram.dataon.data)
    GPIO_Group2_Handler                      0x00207c69   Thumb Code    76  system_rtl8762c.o(.ram.dataon.data)
    GPIO_Group1_Handler                      0x00207cb5   Thumb Code    68  system_rtl8762c.o(.ram.dataon.data)
    GPIO_Group0_Handler                      0x00207cf9   Thumb Code    68  system_rtl8762c.o(.ram.dataon.data)
    BTMAC_Handler                            0x00207d41   Thumb Code     0  startup_rtl8762c.o(.text)
    BusFault_Handler                         0x00207d41   Thumb Code     0  startup_rtl8762c.o(.text)
    DebugMon_Handler                         0x00207d41   Thumb Code     0  startup_rtl8762c.o(.text)
    Default_Handler                          0x00207d41   Thumb Code    16  startup_rtl8762c.o(.text)
    GDMA0_Channel0_Handler                   0x00207d41   Thumb Code     0  startup_rtl8762c.o(.text)
    GDMA0_Channel1_Handler                   0x00207d41   Thumb Code     0  startup_rtl8762c.o(.text)
    GDMA0_Channel2_Handler                   0x00207d41   Thumb Code     0  startup_rtl8762c.o(.text)
    GDMA0_Channel3_Handler                   0x00207d41   Thumb Code     0  startup_rtl8762c.o(.text)
    GDMA0_Channel4_Handler                   0x00207d41   Thumb Code     0  startup_rtl8762c.o(.text)
    GDMA0_Channel5_Handler                   0x00207d41   Thumb Code     0  startup_rtl8762c.o(.text)
    GPIO0_Handler                            0x00207d41   Thumb Code     0  startup_rtl8762c.o(.text)
    GPIO10_Handler                           0x00207d41   Thumb Code     0  startup_rtl8762c.o(.text)
    GPIO11_Handler                           0x00207d41   Thumb Code     0  startup_rtl8762c.o(.text)
    GPIO12_Handler                           0x00207d41   Thumb Code     0  startup_rtl8762c.o(.text)
    GPIO13_Handler                           0x00207d41   Thumb Code     0  startup_rtl8762c.o(.text)
    GPIO14_Handler                           0x00207d41   Thumb Code     0  startup_rtl8762c.o(.text)
    GPIO15_Handler                           0x00207d41   Thumb Code     0  startup_rtl8762c.o(.text)
    GPIO16_Handler                           0x00207d41   Thumb Code     0  startup_rtl8762c.o(.text)
    GPIO17_Handler                           0x00207d41   Thumb Code     0  startup_rtl8762c.o(.text)
    GPIO18_Handler                           0x00207d41   Thumb Code     0  startup_rtl8762c.o(.text)
    GPIO19_Handler                           0x00207d41   Thumb Code     0  startup_rtl8762c.o(.text)
    GPIO1_Handler                            0x00207d41   Thumb Code     0  startup_rtl8762c.o(.text)
    GPIO20_Handler                           0x00207d41   Thumb Code     0  startup_rtl8762c.o(.text)
    GPIO21_Handler                           0x00207d41   Thumb Code     0  startup_rtl8762c.o(.text)
    GPIO22_Handler                           0x00207d41   Thumb Code     0  startup_rtl8762c.o(.text)
    GPIO23_Handler                           0x00207d41   Thumb Code     0  startup_rtl8762c.o(.text)
    GPIO24_Handler                           0x00207d41   Thumb Code     0  startup_rtl8762c.o(.text)
    GPIO25_Handler                           0x00207d41   Thumb Code     0  startup_rtl8762c.o(.text)
    GPIO26_Handler                           0x00207d41   Thumb Code     0  startup_rtl8762c.o(.text)
    GPIO27_Handler                           0x00207d41   Thumb Code     0  startup_rtl8762c.o(.text)
    GPIO28_Handler                           0x00207d41   Thumb Code     0  startup_rtl8762c.o(.text)
    GPIO29_Handler                           0x00207d41   Thumb Code     0  startup_rtl8762c.o(.text)
    GPIO2_Handler                            0x00207d41   Thumb Code     0  startup_rtl8762c.o(.text)
    GPIO30_Handler                           0x00207d41   Thumb Code     0  startup_rtl8762c.o(.text)
    GPIO31_Handler                           0x00207d41   Thumb Code     0  startup_rtl8762c.o(.text)
    GPIO3_Handler                            0x00207d41   Thumb Code     0  startup_rtl8762c.o(.text)
    GPIO4_Handler                            0x00207d41   Thumb Code     0  startup_rtl8762c.o(.text)
    GPIO5_Handler                            0x00207d41   Thumb Code     0  startup_rtl8762c.o(.text)
    GPIO6_Handler                            0x00207d41   Thumb Code     0  startup_rtl8762c.o(.text)
    GPIO7_Handler                            0x00207d41   Thumb Code     0  startup_rtl8762c.o(.text)
    GPIO8_Handler                            0x00207d41   Thumb Code     0  startup_rtl8762c.o(.text)
    GPIO9_Handler                            0x00207d41   Thumb Code     0  startup_rtl8762c.o(.text)
    HardFault_Handler                        0x00207d41   Thumb Code     0  startup_rtl8762c.o(.text)
    I2C0_Handler                             0x00207d41   Thumb Code     0  startup_rtl8762c.o(.text)
    I2C1_Handler                             0x00207d41   Thumb Code     0  startup_rtl8762c.o(.text)
    I2S0_RX_Handler                          0x00207d41   Thumb Code     0  startup_rtl8762c.o(.text)
    I2S0_TX_Handler                          0x00207d41   Thumb Code     0  startup_rtl8762c.o(.text)
    I2S1_RX_Handler                          0x00207d41   Thumb Code     0  startup_rtl8762c.o(.text)
    I2S1_TX_Handler                          0x00207d41   Thumb Code     0  startup_rtl8762c.o(.text)
    IR_Handler                               0x00207d41   Thumb Code     0  startup_rtl8762c.o(.text)
    Keyscan_Handler                          0x00207d41   Thumb Code     0  startup_rtl8762c.o(.text)
    LCD_Handler                              0x00207d41   Thumb Code     0  startup_rtl8762c.o(.text)
    LPCOMP_Handler                           0x00207d41   Thumb Code     0  startup_rtl8762c.o(.text)
    MemManage_Handler                        0x00207d41   Thumb Code     0  startup_rtl8762c.o(.text)
    NMI_Handler                              0x00207d41   Thumb Code     0  startup_rtl8762c.o(.text)
    PTA_Mailbox_Handler                      0x00207d41   Thumb Code     0  startup_rtl8762c.o(.text)
    PendSV_Handler                           0x00207d41   Thumb Code     0  startup_rtl8762c.o(.text)
    Peripheral_Handler                       0x00207d41   Thumb Code     0  startup_rtl8762c.o(.text)
    Qdecode_Handler                          0x00207d41   Thumb Code     0  startup_rtl8762c.o(.text)
    RTC_Handler                              0x00207d41   Thumb Code     0  startup_rtl8762c.o(.text)
    SPI0_Handler                             0x00207d41   Thumb Code     0  startup_rtl8762c.o(.text)
    SPI1_Handler                             0x00207d41   Thumb Code     0  startup_rtl8762c.o(.text)
    SPI2W_Handler                            0x00207d41   Thumb Code     0  startup_rtl8762c.o(.text)
    SPI_Flash_Handler                        0x00207d41   Thumb Code     0  startup_rtl8762c.o(.text)
    SVC_Handler                              0x00207d41   Thumb Code     0  startup_rtl8762c.o(.text)
    SysTick_Handler                          0x00207d41   Thumb Code     0  startup_rtl8762c.o(.text)
    System_Handler                           0x00207d41   Thumb Code     0  startup_rtl8762c.o(.text)
    Timer2_Handler                           0x00207d41   Thumb Code     0  startup_rtl8762c.o(.text)
    Timer3_Handler                           0x00207d41   Thumb Code     0  startup_rtl8762c.o(.text)
    Timer4_7_Handler                         0x00207d41   Thumb Code     0  startup_rtl8762c.o(.text)
    Timer4_Handler                           0x00207d41   Thumb Code     0  startup_rtl8762c.o(.text)
    Timer5_Handler                           0x00207d41   Thumb Code     0  startup_rtl8762c.o(.text)
    Timer6_Handler                           0x00207d41   Thumb Code     0  startup_rtl8762c.o(.text)
    Timer7_Handler                           0x00207d41   Thumb Code     0  startup_rtl8762c.o(.text)
    UART0_Handler                            0x00207d41   Thumb Code     0  startup_rtl8762c.o(.text)
    UART1_Handler                            0x00207d41   Thumb Code     0  startup_rtl8762c.o(.text)
    UART2_Handler                            0x00207d41   Thumb Code     0  startup_rtl8762c.o(.text)
    UsageFault_Handler                       0x00207d41   Thumb Code     0  startup_rtl8762c.o(.text)
    WDG_Handler                              0x00207d41   Thumb Code     0  startup_rtl8762c.o(.text)
    __user_setup_stackheap                   0x00207d51   Thumb Code     2  startup_rtl8762c.o(.text)
    common_main                              0x00207d91   Thumb Code    60  system_rtl8762c.o(.text)
    WDG_SystemReset                          0x00207dcd   Thumb Code    10  system_rtl8762c.o(.text)
    flash_try_high_speed                     0x00207dd7   Thumb Code    48  system_rtl8762c.o(.text)
    app_cb0_wdg_reset                        0x00207e07   Thumb Code    12  system_rtl8762c.o(.text)
    RCC_PeriphClockCmd                       0x00207e51   Thumb Code   292  rtl876x_rcc.o(.text)
    RCC_SPIClkDivConfig                      0x00207f75   Thumb Code   112  rtl876x_rcc.o(.text)
    RCC_I2CClkDivConfig                      0x00207fe5   Thumb Code   110  rtl876x_rcc.o(.text)
    RCC_UARTClkDivConfig                     0x00208053   Thumb Code   114  rtl876x_rcc.o(.text)
    RCC_PeriClockConfig                      0x002080c5   Thumb Code   106  rtl876x_rcc.o(.text)
    RCC_PeriFunctionConfig                   0x0020812f   Thumb Code    90  rtl876x_rcc.o(.text)
    ADC_Init                                 0x002081a9   Thumb Code   200  rtl876x_adc.o(.text)
    ADC_StructInit                           0x00208271   Thumb Code   100  rtl876x_adc.o(.text)
    ADC_DeInit                               0x002082d5   Thumb Code    12  rtl876x_adc.o(.text)
    ADC_INTConfig                            0x002082e1   Thumb Code    16  rtl876x_adc.o(.text)
    ADC_ReadByScheduleIndex                  0x002082f1   Thumb Code    22  rtl876x_adc.o(.text)
    ADC_Cmd                                  0x00208307   Thumb Code    94  rtl876x_adc.o(.text)
    ADC_SchTableConfig                       0x00208365   Thumb Code    26  rtl876x_adc.o(.text)
    ADC_GetFifoData                          0x0020837f   Thumb Code    16  rtl876x_adc.o(.text)
    ADC_BypassCmd                            0x0020838f   Thumb Code    22  rtl876x_adc.o(.text)
    ADC_GetRes                               0x002083a5   Thumb Code    42  rtl876x_adc.o(.text)
    ADC_AnalogCircuitConfig                  0x002083cf   Thumb Code    40  rtl876x_adc.o(.text)
    load_overlay                             0x00208405   Thumb Code    76  overlay_mgr.o(.text)
    get_current_scenario_index               0x00208451   Thumb Code    38  overlay_mgr.o(.text)
    Board_ADC_init                           0x00208481   Thumb Code    32  main.o(.text)
    Driver_ADC_init                          0x002084a1   Thumb Code   106  main.o(.text)
    ADC_Handler                              0x0020850b   Thumb Code    50  main.o(.text)
    main                                     0x0020853d   Thumb Code    26  main.o(.text)
    ADC_CalibrationInit                      0x00208561   Thumb Code   548  adc_k_lib.o(.text)
    ADC_GetVoltage                           0x00208785   Thumb Code   816  adc_k_lib.o(.text)
    ADC_GetResistance                        0x00208ab5   Thumb Code    66  adc_k_lib.o(.text)
    __aeabi_d2f                              0x00208b01   Thumb Code     0  d2f.o(x$fpl$d2f)
    _d2f                                     0x00208b01   Thumb Code    98  d2f.o(x$fpl$d2f)
    __aeabi_dadd                             0x00208b65   Thumb Code     0  daddsub_clz.o(x$fpl$dadd)
    _dadd                                    0x00208b65   Thumb Code   332  daddsub_clz.o(x$fpl$dadd)
    __aeabi_ddiv                             0x00208cb5   Thumb Code     0  ddiv.o(x$fpl$ddiv)
    _ddiv                                    0x00208cb5   Thumb Code   552  ddiv.o(x$fpl$ddiv)
    __aeabi_i2d                              0x00208f65   Thumb Code     0  dflt_clz.o(x$fpl$dflt)
    _dflt                                    0x00208f65   Thumb Code    46  dflt_clz.o(x$fpl$dflt)
    __aeabi_dmul                             0x00208f95   Thumb Code     0  dmul.o(x$fpl$dmul)
    _dmul                                    0x00208f95   Thumb Code   332  dmul.o(x$fpl$dmul)
    __fpl_dnaninf                            0x002090e9   Thumb Code   156  dnaninf.o(x$fpl$dnaninf)
    __fpl_dretinf                            0x00209185   Thumb Code    12  dretinf.o(x$fpl$dretinf)
    __aeabi_dsub                             0x00209191   Thumb Code     0  daddsub_clz.o(x$fpl$dsub)
    _dsub                                    0x00209191   Thumb Code   464  daddsub_clz.o(x$fpl$dsub)
    __aeabi_f2d                              0x00209365   Thumb Code     0  f2d.o(x$fpl$f2d)
    _f2d                                     0x00209365   Thumb Code    86  f2d.o(x$fpl$f2d)
    __fpl_fnaninf                            0x002093bb   Thumb Code   140  fnaninf.o(x$fpl$fnaninf)
    _fp_init                                 0x00209447   Thumb Code    10  fpinit.o(x$fpl$fpinit)
    __fplib_config_fpu_vfp                   0x0020944f   Thumb Code     0  fpinit.o(x$fpl$fpinit)
    __fplib_config_pureend_doubles           0x0020944f   Thumb Code     0  fpinit.o(x$fpl$fpinit)
    __fpl_fretinf                            0x00209451   Thumb Code    10  fretinf.o(x$fpl$fretinf)
    __I$use$fp                               0x0020945a   Number         0  usenofp.o(x$fpl$usenofp)
    app_cb_table                             0x0020945c   Data          12  system_rtl8762c.o(.constdata)
    Image$$RAM_DATA_ON$$RW$$Base             0x00209798   Number         0  anon$$obj.o ABSOLUTE
    ADC_K_Version                            0x00209804   Data           2  adc_k_lib.o(.data)
    EFUSE_ADC_Addr                           0x00209806   Data          62  adc_k_lib.o(.data)
    Image$$RAM_DATA_ON$$ZI$$Base             0x00209844   Number         0  anon$$obj.o ABSOLUTE
    user_wdg_cb                              0x00209844   Data           4  system_rtl8762c.o(.bss)
    scenario_name                            0x00209848   Data           8  overlay_mgr.o(.bss)
    ADC_Resistance_Value                     0x00209850   Data           2  adc_k_lib.o(.bss)
    EFUSE_ADC_Read_Value                     0x00209852   Data          33  adc_k_lib.o(.bss)
    ADC_Divide_Single_Value                  0x00209874   Data          12  adc_k_lib.o(.bss)
    ADC_Bypass_Single_Value                  0x00209880   Data          12  adc_k_lib.o(.bss)
    ADC_Divide_Diff_Value                    0x0020988c   Data          12  adc_k_lib.o(.bss)
    ADC_Bypass_Diff_Value                    0x00209898   Data          12  adc_k_lib.o(.bss)
    Image$$OVERLAY_A$$RO$$Base               0x002098a4   Number         0  anon$$obj.o ABSOLUTE
    Image$$OVERLAY_B$$RO$$Base               0x002098a4   Number         0  anon$$obj.o ABSOLUTE
    Image$$OVERLAY_B$$RW$$Base               0x002098a4   Number         0  anon$$obj.o ABSOLUTE
    Image$$OVERLAY_B$$ZI$$Base               0x002098a4   Number         0  anon$$obj.o ABSOLUTE
    Image$$OVERLAY_C$$RO$$Base               0x002098a4   Number         0  anon$$obj.o ABSOLUTE
    Image$$OVERLAY_C$$RW$$Base               0x002098a4   Number         0  anon$$obj.o ABSOLUTE
    Image$$OVERLAY_C$$ZI$$Base               0x002098a4   Number         0  anon$$obj.o ABSOLUTE
    Image$$OVERLAY_A$$RW$$Base               0x00209964   Number         0  anon$$obj.o ABSOLUTE
    Image$$OVERLAY_A$$ZI$$Base               0x00209964   Number         0  anon$$obj.o ABSOLUTE
    Image$$CACHE_DATA_ON$$RO$$Base           0x0021c000   Number         0  anon$$obj.o ABSOLUTE
    img_header                               0x0080e000   Data         480  system_rtl8762c.o(.app.flash.header)
    auth_header                              0x0080e1e0   Data         544  system_rtl8762c.o(.app.flash.header)
    Image$$FLASH_START_ADDR$$RO$$Base        0x0080e400   Number         0  anon$$obj.o ABSOLUTE
    Load$$FLASH_START_ADDR$$RO$$Base         0x0080e400   Number         0  anon$$obj.o ABSOLUTE
    Reset_Handler                            0x0080e401   Thumb Code     4  startup_rtl8762c.o(RESET)
    __main                                   0x0080e409   Thumb Code     8  __main.o(!!!main)
    __scatterload                            0x0080e411   Thumb Code     0  __scatter.o(!!!scatter)
    __scatterload_rt2                        0x0080e411   Thumb Code    44  __scatter.o(!!!scatter)
    __scatterload_rt2_thumb_only             0x0080e411   Thumb Code     0  __scatter.o(!!!scatter)
    __scatterload_null                       0x0080e41f   Thumb Code     0  __scatter.o(!!!scatter)
    __scatterload_copy                       0x0080e445   Thumb Code    26  __scatter_copy.o(!!handler_copy)
    __scatterload_zeroinit                   0x0080e461   Thumb Code    28  __scatter_zi.o(!!handler_zi)
    debug_monitor_enable                     0x0080e47d   Thumb Code    30  system_rtl8762c.o(.app.flash.text)
    ram_init                                 0x0080e49b   Thumb Code    44  system_rtl8762c.o(.app.flash.text)
    pre_main                                 0x0080e4c7   Thumb Code    68  system_rtl8762c.o(.app.flash.text)
    SystemInit                               0x0080e50b   Thumb Code   136  system_rtl8762c.o(.app.flash.text)
    Region$$Table$$Base                      0x0080e610   Number         0  anon$$obj.o(Region$$Table)
    Load$$RAM_VECTOR_TABLE$$RO$$Base         0x0080e650   Number         0  anon$$obj.o ABSOLUTE
    Region$$Table$$Limit                     0x0080e650   Number         0  anon$$obj.o(Region$$Table)
    Load$$RAM_DATA_ON$$RO$$Base              0x0080e744   Number         0  anon$$obj.o ABSOLUTE
    Load$$RAM_DATA_ON$$RW$$Base              0x008102dc   Number         0  anon$$obj.o ABSOLUTE
    Load$$OVERLAY_A$$RO$$Base                0x00810388   Number         0  anon$$obj.o ABSOLUTE
    Load$$CACHE_DATA_ON$$RO$$Base            0x00810448   Number         0  anon$$obj.o ABSOLUTE
    Load$$OVERLAY_A$$RW$$Base                0x00810448   Number         0  anon$$obj.o ABSOLUTE
    Load$$OVERLAY_B$$RO$$Base                0x00810448   Number         0  anon$$obj.o ABSOLUTE
    Load$$OVERLAY_B$$RW$$Base                0x00810448   Number         0  anon$$obj.o ABSOLUTE
    Load$$OVERLAY_C$$RO$$Base                0x00810448   Number         0  anon$$obj.o ABSOLUTE
    Load$$OVERLAY_C$$RW$$Base                0x00810448   Number         0  anon$$obj.o ABSOLUTE



==============================================================================

Memory Map of the image

  Image Entry point : 0x0080e409

  Load Region LOAD_FLASH (Base: 0x0080e000, Size: 0x00002448, Max: 0x00017000, ABSOLUTE)

    Execution Region RAM_VECTOR_TABLE (Exec base: 0x00200000, Load base: 0x0080e650, Size: 0x000000f4, Max: 0x000000f4, ABSOLUTE)

    Exec Addr    Load Addr    Size         Type   Attr      Idx    E Section Name        Object

    0x00200000   0x0080e650   0x000000f4   Data   RO            1    VECTOR              startup_rtl8762c.o


    Execution Region RAM_DATA_ON (Exec base: 0x00207c00, Load base: 0x0080e744, Size: 0x00001ca4, Max: 0x00008c00, ABSOLUTE)

    Exec Addr    Load Addr    Size         Type   Attr      Idx    E Section Name        Object

    0x00207c00   0x0080e744   0x00000002   Code   RO          355    .ARM.Collect$$libinit$$00000000  c_w.l(libinit.o)
    0x00207c02   0x0080e746   0x00000004   Code   RO          356    .ARM.Collect$$libinit$$00000001  c_w.l(libinit2.o)
    0x00207c06   0x0080e74a   0x00000000   Code   RO          359    .ARM.Collect$$libinit$$00000004  c_w.l(libinit2.o)
    0x00207c06   0x0080e74a   0x00000000   Code   RO          362    .ARM.Collect$$libinit$$0000000A  c_w.l(libinit2.o)
    0x00207c06   0x0080e74a   0x00000000   Code   RO          364    .ARM.Collect$$libinit$$0000000C  c_w.l(libinit2.o)
    0x00207c06   0x0080e74a   0x00000000   Code   RO          366    .ARM.Collect$$libinit$$0000000E  c_w.l(libinit2.o)
    0x00207c06   0x0080e74a   0x00000000   Code   RO          369    .ARM.Collect$$libinit$$00000011  c_w.l(libinit2.o)
    0x00207c06   0x0080e74a   0x00000000   Code   RO          371    .ARM.Collect$$libinit$$00000013  c_w.l(libinit2.o)
    0x00207c06   0x0080e74a   0x00000000   Code   RO          373    .ARM.Collect$$libinit$$00000015  c_w.l(libinit2.o)
    0x00207c06   0x0080e74a   0x00000000   Code   RO          375    .ARM.Collect$$libinit$$00000017  c_w.l(libinit2.o)
    0x00207c06   0x0080e74a   0x00000000   Code   RO          377    .ARM.Collect$$libinit$$00000019  c_w.l(libinit2.o)
    0x00207c06   0x0080e74a   0x00000000   Code   RO          379    .ARM.Collect$$libinit$$0000001B  c_w.l(libinit2.o)
    0x00207c06   0x0080e74a   0x00000000   Code   RO          381    .ARM.Collect$$libinit$$0000001D  c_w.l(libinit2.o)
    0x00207c06   0x0080e74a   0x00000000   Code   RO          383    .ARM.Collect$$libinit$$0000001F  c_w.l(libinit2.o)
    0x00207c06   0x0080e74a   0x00000000   Code   RO          385    .ARM.Collect$$libinit$$00000021  c_w.l(libinit2.o)
    0x00207c06   0x0080e74a   0x00000000   Code   RO          387    .ARM.Collect$$libinit$$00000023  c_w.l(libinit2.o)
    0x00207c06   0x0080e74a   0x00000000   Code   RO          389    .ARM.Collect$$libinit$$00000025  c_w.l(libinit2.o)
    0x00207c06   0x0080e74a   0x00000000   Code   RO          393    .ARM.Collect$$libinit$$0000002C  c_w.l(libinit2.o)
    0x00207c06   0x0080e74a   0x00000000   Code   RO          395    .ARM.Collect$$libinit$$0000002E  c_w.l(libinit2.o)
    0x00207c06   0x0080e74a   0x00000000   Code   RO          397    .ARM.Collect$$libinit$$00000030  c_w.l(libinit2.o)
    0x00207c06   0x0080e74a   0x00000000   Code   RO          399    .ARM.Collect$$libinit$$00000032  c_w.l(libinit2.o)
    0x00207c06   0x0080e74a   0x00000002   Code   RO          400    .ARM.Collect$$libinit$$00000033  c_w.l(libinit2.o)
    0x00207c08   0x0080e74c   0x00000000   Code   RO          325    .ARM.Collect$$rtentry$$00000000  c_w.l(__rtentry.o)
    0x00207c08   0x0080e74c   0x00000000   Code   RO          336    .ARM.Collect$$rtentry$$00000002  c_w.l(__rtentry2.o)
    0x00207c08   0x0080e74c   0x00000006   Code   RO          348    .ARM.Collect$$rtentry$$00000004  c_w.l(__rtentry4.o)
    0x00207c0e   0x0080e752   0x00000000   Code   RO          338    .ARM.Collect$$rtentry$$00000009  c_w.l(__rtentry2.o)
    0x00207c0e   0x0080e752   0x00000004   Code   RO          339    .ARM.Collect$$rtentry$$0000000A  c_w.l(__rtentry2.o)
    0x00207c12   0x0080e756   0x00000000   Code   RO          341    .ARM.Collect$$rtentry$$0000000C  c_w.l(__rtentry2.o)
    0x00207c12   0x0080e756   0x00000008   Code   RO          342    .ARM.Collect$$rtentry$$0000000D  c_w.l(__rtentry2.o)
    0x00207c1a   0x0080e75e   0x00000002   PAD
    0x00207c1c   0x0080e760   0x00000124   Code   RO           17    .ram.dataon.data    system_rtl8762c.o
    0x00207d40   0x0080e884   0x00000050   Code   RO            3    .text               startup_rtl8762c.o
    0x00207d90   0x0080e8d4   0x000000c0   Code   RO           18    .text               system_rtl8762c.o
    0x00207e50   0x0080e994   0x00000358   Code   RO          151    .text               rtl876x_rcc.o
    0x002081a8   0x0080ecec   0x0000025c   Code   RO          182    .text               rtl876x_adc.o
    0x00208404   0x0080ef48   0x0000007c   Code   RO          214    .text               overlay_mgr.o
    0x00208480   0x0080efc4   0x000000e0   Code   RO          235    .text               main.o
    0x00208560   0x0080f0a4   0x000005a0   Code   RO          276    .text               bee2_adc_lib.lib(adc_k_lib.o)
    0x00208b00   0x0080f644   0x00000062   Code   RO          303    x$fpl$d2f           fz_wm.l(d2f.o)
    0x00208b62   0x0080f6a6   0x00000002   PAD
    0x00208b64   0x0080f6a8   0x00000150   Code   RO          305    x$fpl$dadd          fz_wm.l(daddsub_clz.o)
    0x00208cb4   0x0080f7f8   0x000002b0   Code   RO          312    x$fpl$ddiv          fz_wm.l(ddiv.o)
    0x00208f64   0x0080faa8   0x0000002e   Code   RO          316    x$fpl$dflt          fz_wm.l(dflt_clz.o)
    0x00208f92   0x0080fad6   0x00000002   PAD
    0x00208f94   0x0080fad8   0x00000154   Code   RO          321    x$fpl$dmul          fz_wm.l(dmul.o)
    0x002090e8   0x0080fc2c   0x0000009c   Code   RO          326    x$fpl$dnaninf       fz_wm.l(dnaninf.o)
    0x00209184   0x0080fcc8   0x0000000c   Code   RO          328    x$fpl$dretinf       fz_wm.l(dretinf.o)
    0x00209190   0x0080fcd4   0x000001d4   Code   RO          307    x$fpl$dsub          fz_wm.l(daddsub_clz.o)
    0x00209364   0x0080fea8   0x00000056   Code   RO          323    x$fpl$f2d           fz_wm.l(f2d.o)
    0x002093ba   0x0080fefe   0x0000008c   Code   RO          330    x$fpl$fnaninf       fz_wm.l(fnaninf.o)
    0x00209446   0x0080ff8a   0x0000000a   Code   RO          403    x$fpl$fpinit        fz_wm.l(fpinit.o)
    0x00209450   0x0080ff94   0x0000000a   Code   RO          332    x$fpl$fretinf       fz_wm.l(fretinf.o)
    0x0020945a   0x0080ff9e   0x00000000   Code   RO          334    x$fpl$usenofp       fz_wm.l(usenofp.o)
    0x0020945a   0x0080ff9e   0x00000002   PAD
    0x0020945c   0x0080ffa0   0x0000000c   Data   RO           22    .constdata          system_rtl8762c.o
    0x00209468   0x0080ffac   0x000000f4   Data   RO           23    .constdata          system_rtl8762c.o
    0x0020955c   0x008100a0   0x00000220   Data   RO           24    .conststring        system_rtl8762c.o
    0x0020977c   0x008102c0   0x00000019   Data   RO          216    .conststring        overlay_mgr.o
    0x00209795   0x008102d9   0x00000003   PAD
    0x00209798   0x008102dc   0x0000006c   Data   RW          217    .data               overlay_mgr.o
    0x00209804   0x00810348   0x00000040   Data   RW          278    .data               bee2_adc_lib.lib(adc_k_lib.o)
    0x00209844        -       0x00000004   Zero   RW           21    .bss                system_rtl8762c.o
    0x00209848        -       0x00000008   Zero   RW          215    .bss                overlay_mgr.o
    0x00209850        -       0x00000054   Zero   RW          277    .bss                bee2_adc_lib.lib(adc_k_lib.o)


    Execution Region OVERLAY_A (Exec base: 0x002098a4, Load base: 0x00810388, Size: 0x000000c0, Max: 0xffffffff, OVERLAY)

    Exec Addr    Load Addr    Size         Type   Attr      Idx    E Section Name        Object

    0x002098a4   0x00810388   0x000000c0   Code   RO           16    .app.overlay_a      system_rtl8762c.o


    Execution Region OVERLAY_B (Exec base: 0x002098a4, Load base: 0x00810448, Size: 0x00000000, Max: 0xffffffff, OVERLAY)

    **** No section assigned to this execution region ****


    Execution Region OVERLAY_C (Exec base: 0x002098a4, Load base: 0x00810448, Size: 0x00000000, Max: 0xffffffff, OVERLAY)

    **** No section assigned to this execution region ****


    Execution Region CACHE_DATA_ON (Exec base: 0x0021c000, Load base: 0x00810448, Size: 0x00000000, Max: 0x00004000, ABSOLUTE)

    **** No section assigned to this execution region ****


    Execution Region app.bin (Exec base: 0x0080e000, Load base: 0x0080e000, Size: 0x00000400, Max: 0xffffffff, ABSOLUTE)

    Exec Addr    Load Addr    Size         Type   Attr      Idx    E Section Name        Object

    0x0080e000   0x0080e000   0x00000400   Data   RO           20    .app.flash.header   system_rtl8762c.o


    Execution Region APP_FLASH_HEADER_EXT (Exec base: 0x0080e400, Load base: 0x0080e400, Size: 0x00000000, Max: 0xffffffff, ABSOLUTE)

    **** No section assigned to this execution region ****


    Execution Region FLASH_START_ADDR (Exec base: 0x0080e400, Load base: 0x0080e400, Size: 0x00000008, Max: 0xffffffff, ABSOLUTE)

    Exec Addr    Load Addr    Size         Type   Attr      Idx    E Section Name        Object

    0x0080e400   0x0080e400   0x00000008   Code   RO            2    RESET               startup_rtl8762c.o


    Execution Region FLASH_TEXT (Exec base: 0x0080e408, Load base: 0x0080e408, Size: 0x00000248, Max: 0xffffffff, ABSOLUTE)

    Exec Addr    Load Addr    Size         Type   Attr      Idx    E Section Name        Object

    0x0080e408   0x0080e408   0x00000008   Code   RO          301  * !!!main             c_w.l(__main.o)
    0x0080e410   0x0080e410   0x00000034   Code   RO          454    !!!scatter          c_w.l(__scatter.o)
    0x0080e444   0x0080e444   0x0000001a   Code   RO          456    !!handler_copy      c_w.l(__scatter_copy.o)
    0x0080e45e   0x0080e45e   0x00000002   PAD
    0x0080e460   0x0080e460   0x0000001c   Code   RO          458    !!handler_zi        c_w.l(__scatter_zi.o)
    0x0080e47c   0x0080e47c   0x00000194   Code   RO           15    .app.flash.text     system_rtl8762c.o
    0x0080e610   0x0080e610   0x00000040   Data   RO          452    Region$$Table       anon$$obj.o



  Load Region LOAD_APP_TRACE (Base: 0x08800000, Size: 0x0000006c, Max: 0x00400000, ABSOLUTE)

    Execution Region App.trace (Exec base: 0x08800000, Load base: 0x08800000, Size: 0x0000006c, Max: 0x00400000, ABSOLUTE)

    Exec Addr    Load Addr    Size         Type   Attr      Idx    E Section Name        Object

    0x08800000   0x08800000   0x0000006a   Data   RO           19    .TRACE              system_rtl8762c.o


==============================================================================

Image component sizes


      Code (inc. data)   RO Data    RW Data    ZI Data      Debug   Object Name

       224         10          0          0          0       9116   main.o
       124         10         25        108          8       3836   overlay_mgr.o
       604         14          0          0          0      11107   rtl876x_adc.o
       856         32          0          0          0       3369   rtl876x_rcc.o
        88         66        244          0          0       1192   startup_rtl8762c.o
      1080        222       1930          0          4      75590   system_rtl8762c.o

    ----------------------------------------------------------------------
      2976        354       2268        108         12     104210   Object Totals
         0          0         64          0          0          0   (incl. Generated)
         0          0          5          0          0          0   (incl. Padding)

    ----------------------------------------------------------------------

      Code (inc. data)   RO Data    RW Data    ZI Data      Debug   Library Member Name

      1440         50          0         64         84       8292   adc_k_lib.o
         8          0          0          0          0         68   __main.o
         0          0          0          0          0          0   __rtentry.o
        12          0          0          0          0          0   __rtentry2.o
         6          0          0          0          0          0   __rtentry4.o
        52          8          0          0          0          0   __scatter.o
        26          0          0          0          0          0   __scatter_copy.o
        28          0          0          0          0          0   __scatter_zi.o
         2          0          0          0          0          0   libinit.o
         6          0          0          0          0          0   libinit2.o
        98          4          0          0          0        140   d2f.o
       804         16          0          0          0        368   daddsub_clz.o
       688        140          0          0          0        256   ddiv.o
        46          0          0          0          0        116   dflt_clz.o
       340         12          0          0          0        152   dmul.o
       156          4          0          0          0        140   dnaninf.o
        12          0          0          0          0        116   dretinf.o
        86          4          0          0          0        132   f2d.o
       140          4          0          0          0        132   fnaninf.o
        10          0          0          0          0        116   fpinit.o
        10          0          0          0          0        116   fretinf.o
         0          0          0          0          0          0   usenofp.o

    ----------------------------------------------------------------------
      3980        242          0         64         84      10144   Library Totals
        10          0          0          0          0          0   (incl. Padding)

    ----------------------------------------------------------------------

      Code (inc. data)   RO Data    RW Data    ZI Data      Debug   Library Name

      1440         50          0         64         84       8292   bee2_adc_lib.lib
       140          8          0          0          0         68   c_w.l
      2390        184          0          0          0       1784   fz_wm.l

    ----------------------------------------------------------------------
      3980        242          0         64         84      10144   Library Totals

    ----------------------------------------------------------------------

==============================================================================


      Code (inc. data)   RO Data    RW Data    ZI Data      Debug   

      6956        596       2268        172         96     112258   Grand Totals
      6956        596       2268        172         96     112258   ELF Image Totals
      6956        596       2268        172          0          0   ROM Totals

==============================================================================

    Total RO  Size (Code + RO Data)                 9224 (   9.01kB)
    Total RW  Size (RW Data + ZI Data)               268 (   0.26kB)
    Total ROM Size (Code + RO Data + RW Data)       9396 (   9.18kB)

==============================================================================

