Component: ARM Compiler 5.06 update 4 (build 422) Tool: armlink [4d35d2]

==============================================================================

Section Cross References

    system_rtl8762c.o(.app.flash.text) refers to rand.o(.text) for srand
    system_rtl8762c.o(.app.flash.text) refers to rand.o(.emb_text) for rand
    system_rtl8762c.o(.app.flash.text) refers to overlay_mgr.o(.text) for load_overlay
    system_rtl8762c.o(.app.flash.text) refers to system_rtl8762c.o(.text) for NVIC_DisableIRQ
    system_rtl8762c.o(.app.flash.text) refers to system_rtl8762c.o(.app.overlay_a) for AppUpdateVectorTable
    system_rtl8762c.o(.app.flash.text) refers to system_rtl8762c.o(.bss) for .bss
    system_rtl8762c.o(.app.flash.text) refers to system_rtl8762c.o(.data) for .data
    system_rtl8762c.o(.app.flash.text) refers to system_rtl8762c.o(.TRACE) for .TRACE
    system_rtl8762c.o(.app.overlay_a) refers to system_rtl8762c.o(.constdata) for .constdata
    system_rtl8762c.o(.app.overlay_a) refers to startup_rtl8762c.o(.text) for Default_Handler
    system_rtl8762c.o(.app.overlay_a) refers to system_rtl8762c.o(.TRACE) for .TRACE
    system_rtl8762c.o(.ram.dataon.data) refers to startup_rtl8762c.o(.text) for GPIO3_Handler
    system_rtl8762c.o(.ram.dataon.data) refers to iohandle.o(.text) for GPIO20_Handler
    system_rtl8762c.o(.text) refers to __main.o(!!!main) for __main
    system_rtl8762c.o(.text) refers to system_rtl8762c.o(.constdata) for .constdata
    system_rtl8762c.o(.text) refers to system_rtl8762c.o(.data) for .data
    system_rtl8762c.o(.text) refers to system_rtl8762c.o(.bss) for .bss
    system_rtl8762c.o(.app.flash.header) refers to system_rtl8762c.o(.constdata) for app_cb_table
    system_rtl8762c.o(.constdata) refers to system_rtl8762c.o(.text) for app_cb0_wdg_reset
    system_rtl8762c.o(.constdata) refers to system_rtl8762c.o(.conststring) for .conststring
    app_task.o(.text) refers to iohandle.o(.text) for driver_init
    app_task.o(.text) refers to pxp_app.o(.text) for app_handle_io_msg
    app_task.o(.text) refers to app_task.o(.constdata) for .constdata
    app_task.o(.text) refers to app_task.o(.bss) for .bss
    app_task.o(.text) refers to app_task.o(.TRACE) for .TRACE
    iohandle.o(.text) refers to rtl876x_rcc.o(.text) for RCC_PeriphClockCmd
    iohandle.o(.text) refers to rtl876x_gpio.o(.text) for GPIO_StructInit
    iohandle.o(.text) refers to app_task.o(.text) for app_send_msg_to_apptask
    iohandle.o(.text) refers to iohandle.o(.bss) for .bss
    iohandle.o(.text) refers to iohandle.o(.TRACE) for .TRACE
    iohandle.o(.text) refers to main.o(.data) for allowedPxpEnterDlps
    iohandle.o(.text) refers to pxp_app.o(.bss) for gPxpState
    main.o(.text) refers to ias.o(.text) for ias_add_service
    main.o(.text) refers to lls.o(.text) for lls_add_service
    main.o(.text) refers to tps.o(.text) for tps_add_service
    main.o(.text) refers to kns.o(.text) for kns_add_service
    main.o(.text) refers to bas.o(.text) for bas_add_service
    main.o(.text) refers to dis.o(.text) for dis_add_service
    main.o(.text) refers to iohandle.o(.text) for RCC_Configuration
    main.o(.text) refers to rtl876x_io_dlps.o(.text) for DLPS_IORegister
    main.o(.text) refers to app_task.o(.text) for app_task_init
    main.o(.text) refers to rand.o(.text) for srand
    main.o(.text) refers to gap_lib.o(.text) for gap_lib_init
    main.o(.text) refers to main.o(.constdata) for .constdata
    main.o(.text) refers to main.o(.data) for .data
    main.o(.text) refers to pxp_app.o(.text) for app_gap_callback
    main.o(.text) refers to pxp_app.o(.bss) for ias_srv_id
    main.o(.text) refers to main.o(.TRACE) for .TRACE
    main.o(.text) refers to iohandle.o(.bss) for keystatus
    main.o(.text) refers to rtl876x_io_dlps.o(.bss) for User_IO_EnterDlpsCB
    main.o(.text) refers to system_rtl8762c.o(.bss) for random_seed_value
    rtl876x_io_dlps.o(.ram.dataon.data) refers to rtl876x_io_dlps.o(.bss) for .bss
    rtl876x_io_dlps.o(.ram.dataon.data) refers to rtl876x_io_dlps.o(.TRACE) for .TRACE
    rtl876x_io_dlps.o(.text) refers to rtl876x_io_dlps.o(.ram.dataon.data) for DLPS_IO_EnterDlpsCb
    rtl876x_gpio.o(.text) refers to rtl876x_rcc.o(.text) for RCC_PeriphClockCmd
    ias.o(.text) refers to ias.o(.TRACE) for .TRACE
    ias.o(.text) refers to ias.o(.bss) for .bss
    ias.o(.text) refers to ias.o(.constdata) for .constdata
    ias.o(.constdata) refers to ias.o(.text) for ias_attr_write_cb
    lls.o(.text) refers to lls.o(.TRACE) for .TRACE
    lls.o(.text) refers to lls.o(.bss) for .bss
    lls.o(.text) refers to lls.o(.constdata) for .constdata
    lls.o(.constdata) refers to lls.o(.text) for lls_attr_read_cb
    tps.o(.text) refers to tps.o(.TRACE) for .TRACE
    tps.o(.text) refers to tps.o(.bss) for .bss
    tps.o(.text) refers to tps.o(.constdata) for .constdata
    tps.o(.constdata) refers to tps.o(.text) for tps_attr_read_cb
[...]
    LogBufferLowerStackData                  0x000080bb   Thumb Code     0  ROM.lib ABSOLUTE
    log_module_trace_init                    0x000081d5   Thumb Code     0  ROM.lib ABSOLUTE
    log_module_trace_set                     0x000081fd   Thumb Code     0  ROM.lib ABSOLUTE
    log_module_bitmap_trace_set              0x00008243   Thumb Code     0  ROM.lib ABSOLUTE
    dlps_check_cb_reg                        0x000085ff   Thumb Code     0  ROM.lib ABSOLUTE
    dlps_hw_control_cb_reg                   0x000086ef   Thumb Code     0  ROM.lib ABSOLUTE
    dlps_hw_control_cb_unreg                 0x00008729   Thumb Code     0  ROM.lib ABSOLUTE
    lps_mode_pause                           0x00008825   Thumb Code     0  ROM.lib ABSOLUTE
    lps_mode_resume                          0x00008841   Thumb Code     0  ROM.lib ABSOLUTE
    lps_mode_set                             0x0000885f   Thumb Code     0  ROM.lib ABSOLUTE
    lps_mode_get                             0x0000886f   Thumb Code     0  ROM.lib ABSOLUTE
    lps_mode_stack_get                       0x00008875   Thumb Code     0  ROM.lib ABSOLUTE
    hw_aes_encrypt128                        0x00008abb   Thumb Code     0  ROM.lib ABSOLUTE
    hw_aes_decrypt128                        0x00008adf   Thumb Code     0  ROM.lib ABSOLUTE
    hw_aes_encrypt256                        0x00008aff   Thumb Code     0  ROM.lib ABSOLUTE
    hw_aes_decrypt256                        0x00008b23   Thumb Code     0  ROM.lib ABSOLUTE
    hw_aes_encrypt128_use_dma                0x00008b47   Thumb Code     0  ROM.lib ABSOLUTE
    hw_aes_decrypt128_use_dma                0x00008b77   Thumb Code     0  ROM.lib ABSOLUTE
    hw_aes_encrypt256_use_dma                0x00008ba7   Thumb Code     0  ROM.lib ABSOLUTE
    hw_aes_decrypt256_use_dma                0x00008bd7   Thumb Code     0  ROM.lib ABSOLUTE
    aes128_ecb_encrypt                       0x00008c07   Thumb Code     0  ROM.lib ABSOLUTE
    aes128_ecb_decrypt                       0x00008c63   Thumb Code     0  ROM.lib ABSOLUTE
    aes128_ecb_encrypt_msb2lsb               0x00008cbd   Thumb Code     0  ROM.lib ABSOLUTE
    aes128_ecb_decrypt_msb2lsb               0x00008cd5   Thumb Code     0  ROM.lib ABSOLUTE
    aes256_ecb_encrypt                       0x00008ced   Thumb Code     0  ROM.lib ABSOLUTE
    aes256_ecb_decrypt                       0x00008d49   Thumb Code     0  ROM.lib ABSOLUTE
    aes256_ecb_encrypt_msb2lsb               0x00008da3   Thumb Code     0  ROM.lib ABSOLUTE
    aes256_ecb_decrypt_msb2lsb               0x00008dbb   Thumb Code     0  ROM.lib ABSOLUTE
    hw_aes_decrypt_code_init_slim            0x00008de5   Thumb Code     0  ROM.lib ABSOLUTE
    hw_aes_decrypt_16byte                    0x00008e11   Thumb Code     0  ROM.lib ABSOLUTE
    BTIF_VendorGetResponse                   0x00008f65   Thumb Code     0  ROM.lib ABSOLUTE
    spic_wait_busy                           0x00009051   Thumb Code     0  ROM.lib ABSOLUTE
    flash_cmd_rx                             0x0000929d   Thumb Code     0  ROM.lib ABSOLUTE
    flash_wait_busy                          0x0000932f   Thumb Code     0  ROM.lib ABSOLUTE
    flash_cmd_tx                             0x00009369   Thumb Code     0  ROM.lib ABSOLUTE
    flash_write_enable                       0x00009421   Thumb Code     0  ROM.lib ABSOLUTE
    flash_get_status_regs                    0x0000956f   Thumb Code     0  ROM.lib ABSOLUTE
    flash_set_status_regs                    0x000095e5   Thumb Code     0  ROM.lib ABSOLUTE
    flash_get_rdid                           0x00009905   Thumb Code     0  ROM.lib ABSOLUTE
    flash_load_query_info                    0x00009d4b   Thumb Code     0  ROM.lib ABSOLUTE
    flash_lock                               0x0000a103   Thumb Code     0  ROM.lib ABSOLUTE
    flash_unlock                             0x0000a1ab   Thumb Code     0  ROM.lib ABSOLUTE
    flash_set_bit                            0x0000a237   Thumb Code     0  ROM.lib ABSOLUTE
    flash_get_bit                            0x0000a23f   Thumb Code     0  ROM.lib ABSOLUTE
    flash_write_internal                     0x0000a24b   Thumb Code     0  ROM.lib ABSOLUTE
    flash_read                               0x0000a359   Thumb Code     0  ROM.lib ABSOLUTE
    flash_split_read                         0x0000a39d   Thumb Code     0  ROM.lib ABSOLUTE
    flash_auto_write                         0x0000a4cd   Thumb Code     0  ROM.lib ABSOLUTE
    flash_get_block_protect                  0x0000a53b   Thumb Code     0  ROM.lib ABSOLUTE
    flash_set_block_protect                  0x0000a58f   Thumb Code     0  ROM.lib ABSOLUTE
    flash_sw_protect_unlock_by_addr          0x0000a637   Thumb Code     0  ROM.lib ABSOLUTE
    flash_set_top_bottom                     0x0000a803   Thumb Code     0  ROM.lib ABSOLUTE
    flash_get_query_info                     0x0000a9a9   Thumb Code     0  ROM.lib ABSOLUTE
    spic_get_dr                              0x0000aad1   Thumb Code     0  ROM.lib ABSOLUTE
    spic_set_dummy_len                       0x0000aaeb   Thumb Code     0  ROM.lib ABSOLUTE
    flash_read_internal                      0x0000ab45   Thumb Code     0  ROM.lib ABSOLUTE
    ftl_ioctl                                0x0000b3a7   Thumb Code     0  ROM.lib ABSOLUTE
    ftl_load                                 0x0000b907   Thumb Code     0  ROM.lib ABSOLUTE
    ftl_save                                 0x0000b919   Thumb Code     0  ROM.lib ABSOLUTE
    flash_dump_flash_info                    0x0000beb9   Thumb Code     0  ROM.lib ABSOLUTE
    crc16                                    0x0000bf13   Thumb Code     0  ROM.lib ABSOLUTE
    flash_get_flash_exist                    0x0000bf3b   Thumb Code     0  ROM.lib ABSOLUTE
    flash_get_bank_addr                      0x0000bf41   Thumb Code     0  ROM.lib ABSOLUTE
    flash_get_bank_size                      0x0000bfb9   Thumb Code     0  ROM.lib ABSOLUTE
    flash_erase_locked                       0x0000c027   Thumb Code     0  ROM.lib ABSOLUTE
    flash_ioctl                              0x0000c073   Thumb Code     0  ROM.lib ABSOLUTE
    flash_write_locked                       0x0000c48b   Thumb Code     0  ROM.lib ABSOLUTE
    flash_auto_write_locked                  0x0000c4b3   Thumb Code     0  ROM.lib ABSOLUTE
    flash_auto_write_buffer_locked           0x0000c4d5   Thumb Code     0  ROM.lib ABSOLUTE
    flash_read_locked                        0x0000c4fb   Thumb Code     0  ROM.lib ABSOLUTE
    flash_auto_read_locked                   0x0000c523   Thumb Code     0  ROM.lib ABSOLUTE
    flash_ds_erase                           0x0000c5c7   Thumb Code     0  ROM.lib ABSOLUTE
    flash_ds_auto_write                      0x0000c5e3   Thumb Code     0  ROM.lib ABSOLUTE
    flash_ds_auto_read                       0x0000c5fd   Thumb Code     0  ROM.lib ABSOLUTE
    flash_ds_write                           0x0000c617   Thumb Code     0  ROM.lib ABSOLUTE
    flash_ds_read                            0x0000c635   Thumb Code     0  ROM.lib ABSOLUTE
    set_hci_mode_flag                        0x0000c741   Thumb Code     0  ROM.lib ABSOLUTE
    check_hci_mode_flag                      0x0000c761   Thumb Code     0  ROM.lib ABSOLUTE
    set_datatrans_patch_flag                 0x0000c76d   Thumb Code     0  ROM.lib ABSOLUTE
    check_datatrans_patch_flag               0x0000c78d   Thumb Code     0  ROM.lib ABSOLUTE
    check_image_chksum                       0x0000c79d   Thumb Code     0  ROM.lib ABSOLUTE
    check_header_valid                       0x0000c7a9   Thumb Code     0  ROM.lib ABSOLUTE
    get_header_addr_by_img_id                0x0000c7e5   Thumb Code     0  ROM.lib ABSOLUTE
    is_ota_support_bank_switch               0x0000c843   Thumb Code     0  ROM.lib ABSOLUTE
    get_temp_ota_bank_addr_by_img_id         0x0000c881   Thumb Code     0  ROM.lib ABSOLUTE
    vListInitialise                          0x0000c941   Thumb Code     0  ROM.lib ABSOLUTE
    vListInitialiseItem                      0x0000c957   Thumb Code     0  ROM.lib ABSOLUTE
    vListInsertEnd                           0x0000c95d   Thumb Code     0  ROM.lib ABSOLUTE
    vListInsert                              0x0000c975   Thumb Code     0  ROM.lib ABSOLUTE
    uxListRemove                             0x0000c9a5   Thumb Code     0  ROM.lib ABSOLUTE
    xQueueGenericSend                        0x0000cb85   Thumb Code     0  ROM.lib ABSOLUTE
    xQueueGenericSendFromISR                 0x0000cf87   Thumb Code     0  ROM.lib ABSOLUTE
    xTaskGenericNotify                       0x0000e42d   Thumb Code     0  ROM.lib ABSOLUTE
    xTaskGenericNotifyFromISR                0x0000e4e3   Thumb Code     0  ROM.lib ABSOLUTE
    rtlEnterCritical                         0x0000f421   Thumb Code     0  ROM.lib ABSOLUTE
    rtlExitCritical                          0x0000f451   Thumb Code     0  ROM.lib ABSOLUTE
    pvPortMalloc                             0x0000f70b   Thumb Code     0  ROM.lib ABSOLUTE
    vPortFree                                0x0000f817   Thumb Code     0  ROM.lib ABSOLUTE
    hw_aes_init                              0x00010c21   Thumb Code     0  ROM.lib ABSOLUTE
    hw_aes_cpu_operate                       0x00010d91   Thumb Code     0  ROM.lib ABSOLUTE
    hw_aes_set_dma_tx_done                   0x00010d9d   Thumb Code     0  ROM.lib ABSOLUTE
    hw_aes_set_dma_rx_done                   0x00010da3   Thumb Code     0  ROM.lib ABSOLUTE
    hw_aes_dma_operate                       0x00010da9   Thumb Code     0  ROM.lib ABSOLUTE
    hw_aes_is_dma_rx_done                    0x00011005   Thumb Code     0  ROM.lib ABSOLUTE
    hw_aes_is_dma_tx_done                    0x0001100b   Thumb Code     0  ROM.lib ABSOLUTE
    hw_aes_dma_done                          0x00011011   Thumb Code     0  ROM.lib ABSOLUTE
    hw_aes_set_dma_move_src                  0x0001101b   Thumb Code     0  ROM.lib ABSOLUTE
    hw_aes_set_dma_move_dst                  0x00011021   Thumb Code     0  ROM.lib ABSOLUTE
    hw_aes_set_dma_carry_size                0x00011027   Thumb Code     0  ROM.lib ABSOLUTE
    aes_cmac_inverse                         0x0001119b   Thumb Code     0  ROM.lib ABSOLUTE
    get_secure_reg_cfg_val                   0x00011269   Thumb Code     0  ROM.lib ABSOLUTE
    NVIC_Init                                0x000112c1   Thumb Code     0  ROM.lib ABSOLUTE
    Pinmux_Config                            0x00011375   Thumb Code     0  ROM.lib ABSOLUTE
    Pinmux_Deinit                            0x000113a9   Thumb Code     0  ROM.lib ABSOLUTE
    Pinmux_Reset                             0x000113c5   Thumb Code     0  ROM.lib ABSOLUTE
    Pad_Config                               0x000113dd   Thumb Code     0  ROM.lib ABSOLUTE
    System_WakeUpDebounceTime                0x0001146b   Thumb Code     0  ROM.lib ABSOLUTE
    Pad_WKDebounceConfig                     0x0001148d   Thumb Code     0  ROM.lib ABSOLUTE
    Pad_WakeupEnableValue                    0x000114b3   Thumb Code     0  ROM.lib ABSOLUTE
    Pad_WakeupPolarityValue                  0x000114d9   Thumb Code     0  ROM.lib ABSOLUTE
    System_WakeUpPinEnable                   0x000114ff   Thumb Code     0  ROM.lib ABSOLUTE
    System_WakeUpPinDisable                  0x00011531   Thumb Code     0  ROM.lib ABSOLUTE
    Pad_WakeupInterruptValue                 0x0001154f   Thumb Code     0  ROM.lib ABSOLUTE
    System_WakeUpInterruptValue              0x00011577   Thumb Code     0  ROM.lib ABSOLUTE
    Pad_ClearAllWakeupINT                    0x00011597   Thumb Code     0  ROM.lib ABSOLUTE
    Pad_OutputEnableValue                    0x000115f5   Thumb Code     0  ROM.lib ABSOLUTE
    Pad_OutputControlValue                   0x0001161b   Thumb Code     0  ROM.lib ABSOLUTE
    Pad_PullEnableValue                      0x00011641   Thumb Code     0  ROM.lib ABSOLUTE
    Pad_PullUpOrDownValue                    0x00011667   Thumb Code     0  ROM.lib ABSOLUTE
    Pad_ControlSelectValue                   0x0001168d   Thumb Code     0  ROM.lib ABSOLUTE
    Pad_ClearWakeupINTPendingBit             0x000116b3   Thumb Code     0  ROM.lib ABSOLUTE
    Pad_PowerOrShutDownValue                 0x000116cb   Thumb Code     0  ROM.lib ABSOLUTE
    Pad_PullConfigValue                      0x000116f1   Thumb Code     0  ROM.lib ABSOLUTE
    RTC_WriteReg                             0x00011759   Thumb Code     0  ROM.lib ABSOLUTE
    RTC_DeInit                               0x00011795   Thumb Code     0  ROM.lib ABSOLUTE
    RTC_SetPrescaler                         0x00011815   Thumb Code     0  ROM.lib ABSOLUTE
    RTC_SetComp                              0x0001181d   Thumb Code     0  ROM.lib ABSOLUTE
    RTC_RunCmd                               0x00011827   Thumb Code     0  ROM.lib ABSOLUTE
    RTC_MaskINTConfig                        0x00011843   Thumb Code     0  ROM.lib ABSOLUTE
    RTC_CompINTConfig                        0x0001185f   Thumb Code     0  ROM.lib ABSOLUTE
    RTC_TickINTConfig                        0x0001187b   Thumb Code     0  ROM.lib ABSOLUTE
    RTC_GetINTStatus                         0x00011897   Thumb Code     0  ROM.lib ABSOLUTE
    RTC_SystemWakeupConfig                   0x000118ab   Thumb Code     0  ROM.lib ABSOLUTE
    WDG_ClockEnable                          0x000118d9   Thumb Code     0  ROM.lib ABSOLUTE
    WDG_Config                               0x00011903   Thumb Code     0  ROM.lib ABSOLUTE
    WDG_Enable                               0x00011931   Thumb Code     0  ROM.lib ABSOLUTE
    WDG_Disable                              0x00011943   Thumb Code     0  ROM.lib ABSOLUTE
    WDG_Restart                              0x00011955   Thumb Code     0  ROM.lib ABSOLUTE
    AON_WDG_Config                           0x00011a79   Thumb Code     0  ROM.lib ABSOLUTE
    AON_WDG_ConfigResetLevel                 0x00011acb   Thumb Code     0  ROM.lib ABSOLUTE
    AON_WDG_ConfigComp                       0x00011b0f   Thumb Code     0  ROM.lib ABSOLUTE
    AON_WDG_ConfigCntCtl                     0x00011b53   Thumb Code     0  ROM.lib ABSOLUTE
    AON_WDG_ConfigCntReload                  0x00011b97   Thumb Code     0  ROM.lib ABSOLUTE
    AON_WDG_Enable                           0x00011bdb   Thumb Code     0  ROM.lib ABSOLUTE
    AON_WDG_Disable                          0x00011c21   Thumb Code     0  ROM.lib ABSOLUTE
    AON_WDG_Restart                          0x00011c67   Thumb Code     0  ROM.lib ABSOLUTE
    AON_WDG_SystemReset                      0x00011c7f   Thumb Code     0  ROM.lib ABSOLUTE
    SPI_DeInit                               0x00011c95   Thumb Code     0  ROM.lib ABSOLUTE
    SPI_Init                                 0x00011caf   Thumb Code     0  ROM.lib ABSOLUTE
    SPI_StructInit                           0x00011da3   Thumb Code     0  ROM.lib ABSOLUTE
    SPI_Cmd                                  0x00011def   Thumb Code     0  ROM.lib ABSOLUTE
    SPI_SendBuffer                           0x00011e03   Thumb Code     0  ROM.lib ABSOLUTE
    SPI_SendWord                             0x00011e1f   Thumb Code     0  ROM.lib ABSOLUTE
    SPI_SendHalfWord                         0x00011e39   Thumb Code     0  ROM.lib ABSOLUTE
    SPI_INTConfig                            0x00011e55   Thumb Code     0  ROM.lib ABSOLUTE
    SPI_ClearINTPendingBit                   0x00011e69   Thumb Code     0  ROM.lib ABSOLUTE
    hci_if_open                              0x00013cc9   Thumb Code     0  ROM.lib ABSOLUTE
    hci_if_close                             0x00013ccd   Thumb Code     0  ROM.lib ABSOLUTE
    hci_if_write                             0x00013cd1   Thumb Code     0  ROM.lib ABSOLUTE
    hci_if_confirm                           0x00013cff   Thumb Code     0  ROM.lib ABSOLUTE
    sm_le_sc_local_oob_init                  0x0001808d   Thumb Code     0  ROM.lib ABSOLUTE
    sm_le_sc_peer_oob_init                   0x000180a1   Thumb Code     0  ROM.lib ABSOLUTE
    btif_buffer_get                          0x0002148f   Thumb Code     0  ROM.lib ABSOLUTE
    btif_buffer_put                          0x000214a9   Thumb Code     0  ROM.lib ABSOLUTE
    btif_vendor_cmd_req                      0x000214ed   Thumb Code     0  ROM.lib ABSOLUTE
    btif_just_work_req_cfm                   0x0002165b   Thumb Code     0  ROM.lib ABSOLUTE
    btif_sw_reset_req                        0x000216e3   Thumb Code     0  ROM.lib ABSOLUTE
    btif_le_credit_based_conn_req            0x00021e61   Thumb Code     0  ROM.lib ABSOLUTE
    btif_le_credit_based_conn_cfm            0x00021eaf   Thumb Code     0  ROM.lib ABSOLUTE
    btif_le_credit_based_disconn_req         0x00021f05   Thumb Code     0  ROM.lib ABSOLUTE
    btif_le_credit_based_disconn_cfm         0x00021f23   Thumb Code     0  ROM.lib ABSOLUTE
    btif_le_send_credit_req                  0x00021f41   Thumb Code     0  ROM.lib ABSOLUTE
    btif_le_credit_based_data_req            0x00021f63   Thumb Code     0  ROM.lib ABSOLUTE
    btif_le_credit_based_data_cfm            0x00021f9d   Thumb Code     0  ROM.lib ABSOLUTE
    btif_le_credit_based_security_reg_req    0x00021fbf   Thumb Code     0  ROM.lib ABSOLUTE
    btif_le_credit_based_psm_reg_req         0x00021fed   Thumb Code     0  ROM.lib ABSOLUTE
    btif_le_gen_rand_addr                    0x000220f3   Thumb Code     0  ROM.lib ABSOLUTE
    btif_le_set_adv_set_rand_addr_req        0x00022395   Thumb Code     0  ROM.lib ABSOLUTE
    btif_le_modify_adv_set_req               0x000223bf   Thumb Code     0  ROM.lib ABSOLUTE
    btif_le_ext_adv_enable_req               0x000223dd   Thumb Code     0  ROM.lib ABSOLUTE
    btif_le_ext_adv_param_set_req            0x00022417   Thumb Code     0  ROM.lib ABSOLUTE
    btif_le_ext_adv_data_set_req             0x0002248f   Thumb Code     0  ROM.lib ABSOLUTE
    btif_le_ext_scan_req                     0x00022503   Thumb Code     0  ROM.lib ABSOLUTE
    btif_le_ext_scan_param_set_req           0x00022529   Thumb Code     0  ROM.lib ABSOLUTE
    btif_le_set_suppl_test_params_req        0x0002257f   Thumb Code     0  ROM.lib ABSOLUTE
    btif_le_set_conn_suppl_params_req        0x000225ab   Thumb Code     0  ROM.lib ABSOLUTE
    btif_le_conn_suppl_request_enable_req    0x000225fb   Thumb Code     0  ROM.lib ABSOLUTE
    btif_le_conn_suppl_response_enable_req   0x00022627   Thumb Code     0  ROM.lib ABSOLUTE
    btif_le_read_antenna_info_req            0x00022645   Thumb Code     0  ROM.lib ABSOLUTE
    os_mem_alloc_intern                      0x00025d61   Thumb Code     0  ROM.lib ABSOLUTE
    os_mem_zalloc_intern                     0x00025db9   Thumb Code     0  ROM.lib ABSOLUTE
    os_mem_aligned_alloc_intern              0x00025e17   Thumb Code     0  ROM.lib ABSOLUTE
    os_mem_free                              0x00025e77   Thumb Code     0  ROM.lib ABSOLUTE
    os_mem_aligned_free                      0x00025e95   Thumb Code     0  ROM.lib ABSOLUTE
    os_mem_peek                              0x00025eb3   Thumb Code     0  ROM.lib ABSOLUTE
    os_msg_queue_create_intern               0x00025ef5   Thumb Code     0  ROM.lib ABSOLUTE
    os_msg_queue_delete_intern               0x00025f51   Thumb Code     0  ROM.lib ABSOLUTE
    os_msg_queue_peek_intern                 0x00025f95   Thumb Code     0  ROM.lib ABSOLUTE
    os_msg_send_intern                       0x00025fe5   Thumb Code     0  ROM.lib ABSOLUTE
    os_msg_recv_intern                       0x00026045   Thumb Code     0  ROM.lib ABSOLUTE
    os_msg_peek_intern                       0x000260a3   Thumb Code     0  ROM.lib ABSOLUTE
    os_pool_create_intern                    0x000261e7   Thumb Code     0  ROM.lib ABSOLUTE
    os_pool_extend_intern                    0x000262bb   Thumb Code     0  ROM.lib ABSOLUTE
    os_pool_delete_intern                    0x0002638b   Thumb Code     0  ROM.lib ABSOLUTE
    os_buffer_get_intern                     0x0002645d   Thumb Code     0  ROM.lib ABSOLUTE
    os_buffer_put_intern                     0x00026561   Thumb Code     0  ROM.lib ABSOLUTE
    os_pool_dump                             0x000265e1   Thumb Code     0  ROM.lib ABSOLUTE
    os_queue_init                            0x0002666d   Thumb Code     0  ROM.lib ABSOLUTE
    os_queue_in                              0x00026677   Thumb Code     0  ROM.lib ABSOLUTE
    os_queue_out                             0x000266a3   Thumb Code     0  ROM.lib ABSOLUTE
    os_queue_peek                            0x000266d1   Thumb Code     0  ROM.lib ABSOLUTE
    os_queue_insert                          0x000266d5   Thumb Code     0  ROM.lib ABSOLUTE
    os_queue_delete                          0x0002670f   Thumb Code     0  ROM.lib ABSOLUTE
    os_delay                                 0x00026771   Thumb Code     0  ROM.lib ABSOLUTE
    os_sys_time_get                          0x0002678f   Thumb Code     0  ROM.lib ABSOLUTE
    os_sys_tick_get                          0x000267a9   Thumb Code     0  ROM.lib ABSOLUTE
    os_sched_start                           0x000267c3   Thumb Code     0  ROM.lib ABSOLUTE
    os_sched_suspend                         0x000267fb   Thumb Code     0  ROM.lib ABSOLUTE
    os_sched_resume                          0x00026817   Thumb Code     0  ROM.lib ABSOLUTE
    os_lock                                  0x00026851   Thumb Code     0  ROM.lib ABSOLUTE
    os_unlock                                0x0002686b   Thumb Code     0  ROM.lib ABSOLUTE
    os_sem_create                            0x00026889   Thumb Code     0  ROM.lib ABSOLUTE
    os_sem_delete                            0x000268b3   Thumb Code     0  ROM.lib ABSOLUTE
    os_sem_take                              0x000268d5   Thumb Code     0  ROM.lib ABSOLUTE
    os_sem_give                              0x000268fb   Thumb Code     0  ROM.lib ABSOLUTE
    os_mutex_create                          0x0002691d   Thumb Code     0  ROM.lib ABSOLUTE
    os_mutex_delete                          0x0002693f   Thumb Code     0  ROM.lib ABSOLUTE
    os_mutex_take                            0x00026961   Thumb Code     0  ROM.lib ABSOLUTE
    os_mutex_give                            0x00026987   Thumb Code     0  ROM.lib ABSOLUTE
    os_task_create                           0x000269d1   Thumb Code     0  ROM.lib ABSOLUTE
    os_task_delete                           0x00026a17   Thumb Code     0  ROM.lib ABSOLUTE
    os_task_suspend                          0x00026a39   Thumb Code     0  ROM.lib ABSOLUTE
    os_task_resume                           0x00026a5b   Thumb Code     0  ROM.lib ABSOLUTE
    os_task_yield                            0x00026a7d   Thumb Code     0  ROM.lib ABSOLUTE
    os_task_handle_get                       0x00026a99   Thumb Code     0  ROM.lib ABSOLUTE
    os_task_priority_get                     0x00026abb   Thumb Code     0  ROM.lib ABSOLUTE
    os_task_priority_set                     0x00026ae1   Thumb Code     0  ROM.lib ABSOLUTE
    os_task_signal_send                      0x00026b07   Thumb Code     0  ROM.lib ABSOLUTE
    os_task_signal_recv                      0x00026b2d   Thumb Code     0  ROM.lib ABSOLUTE
    os_task_signal_clear                     0x00026b53   Thumb Code     0  ROM.lib ABSOLUTE
    os_timer_id_get                          0x00026ba1   Thumb Code     0  ROM.lib ABSOLUTE
    os_timer_create                          0x00026bd7   Thumb Code     0  ROM.lib ABSOLUTE
    os_timer_start                           0x00026c1d   Thumb Code     0  ROM.lib ABSOLUTE
    os_timer_restart                         0x00026c3f   Thumb Code     0  ROM.lib ABSOLUTE
    os_timer_stop                            0x00026c65   Thumb Code     0  ROM.lib ABSOLUTE
    os_timer_delete                          0x00026c87   Thumb Code     0  ROM.lib ABSOLUTE
    os_timer_dump                            0x00026ca9   Thumb Code     0  ROM.lib ABSOLUTE
    os_timer_state_get                       0x00026cc5   Thumb Code     0  ROM.lib ABSOLUTE
    rtk_write_modem_radio_reg                0x0002b11d   Thumb Code     0  ROM.lib ABSOLUTE
    rtk_read_modem_radio_reg                 0x0002b183   Thumb Code     0  ROM.lib ABSOLUTE
    hci_handle_le_receiver_test              0x0002d321   Thumb Code     0  ROM.lib ABSOLUTE
    btaon_fast_read                          0x0003eded   Thumb Code     0  ROM.lib ABSOLUTE
    btaon_fast_read_safe                     0x0003ee05   Thumb Code     0  ROM.lib ABSOLUTE
    btaon_fast_write                         0x0003ee25   Thumb Code     0  ROM.lib ABSOLUTE
    btaon_fast_write_safe                    0x0003ee47   Thumb Code     0  ROM.lib ABSOLUTE
    btaon_fast_update                        0x0003ee73   Thumb Code     0  ROM.lib ABSOLUTE
    dfu_report_target_ic_type                0x000474ab   Thumb Code     0  ROM.lib ABSOLUTE
    dfu_report_target_fw_info                0x000474f5   Thumb Code     0  ROM.lib ABSOLUTE
    dfu_flash_erase                          0x000475a5   Thumb Code     0  ROM.lib ABSOLUTE
    dfu_update                               0x000475eb   Thumb Code     0  ROM.lib ABSOLUTE
    dfu_reset                                0x000476f5   Thumb Code     0  ROM.lib ABSOLUTE
    dfu_fw_active_reset                      0x00047713   Thumb Code     0  ROM.lib ABSOLUTE
    dfu_checkbufcrc                          0x0004776b   Thumb Code     0  ROM.lib ABSOLUTE
    dfu_flash_check_blank                    0x000477cb   Thumb Code     0  ROM.lib ABSOLUTE
    dfu_check_checksum                       0x00047833   Thumb Code     0  ROM.lib ABSOLUTE
    dfu_init                                 0x00047a91   Thumb Code     0  ROM.lib ABSOLUTE
    dfu_switch_to_ota_mode                   0x00047ad7   Thumb Code     0  ROM.lib ABSOLUTE
    dfu_set_ota_mode_flag                    0x0004820d   Thumb Code     0  ROM.lib ABSOLUTE
    bt_crypto_f4                             0x00048ac9   Thumb Code     0  ROM.lib ABSOLUTE
    ecc_make_key                             0x00049969   Thumb Code     0  ROM.lib ABSOLUTE
    gap_register_extend_cb                   0x0004be11   Thumb Code     0  ROM.lib ABSOLUTE
    gap_start_bt_stack                       0x0004be6b   Thumb Code     0  ROM.lib ABSOLUTE
    gap_set_pairable_mode                    0x0004bedb   Thumb Code     0  ROM.lib ABSOLUTE
    gap_handle_msg                           0x0004bf45   Thumb Code     0  ROM.lib ABSOLUTE
    gap_register_app_cb                      0x0004bfa5   Thumb Code     0  ROM.lib ABSOLUTE
    gap_set_param                            0x0004bfab   Thumb Code     0  ROM.lib ABSOLUTE
    gap_get_param                            0x0004c037   Thumb Code     0  ROM.lib ABSOLUTE
    gap_write_airplan_mode                   0x0004c0a5   Thumb Code     0  ROM.lib ABSOLUTE
    gap_read_airplan_mode                    0x0004c0c7   Thumb Code     0  ROM.lib ABSOLUTE
    gap_buffer_free                          0x0004c0e5   Thumb Code     0  ROM.lib ABSOLUTE
    le_bond_clear_all_keys                   0x0004c151   Thumb Code     0  ROM.lib ABSOLUTE
    le_bond_delete_by_idx                    0x0004c16d   Thumb Code     0  ROM.lib ABSOLUTE
    le_bond_delete_by_bd                     0x0004c1a7   Thumb Code     0  ROM.lib ABSOLUTE
    le_bond_set_param                        0x0004c1ef   Thumb Code     0  ROM.lib ABSOLUTE
    le_bond_get_param                        0x0004c2e1   Thumb Code     0  ROM.lib ABSOLUTE
    le_bond_pair                             0x0004c353   Thumb Code     0  ROM.lib ABSOLUTE
    le_bond_passkey_input_confirm            0x0004c383   Thumb Code     0  ROM.lib ABSOLUTE
    le_bond_oob_input_confirm                0x0004c3b7   Thumb Code     0  ROM.lib ABSOLUTE
    le_bond_get_display_key                  0x0004c3eb   Thumb Code     0  ROM.lib ABSOLUTE
    le_bond_user_confirm                     0x0004c415   Thumb Code     0  ROM.lib ABSOLUTE
    le_bond_passkey_display_confirm          0x0004c475   Thumb Code     0  ROM.lib ABSOLUTE
    le_bond_keypress_notify                  0x0004c4a5   Thumb Code     0  ROM.lib ABSOLUTE
    le_bond_cfg_local_key_distribute         0x0004c4d5   Thumb Code     0  ROM.lib ABSOLUTE
    le_gap_init                              0x0004cbbd   Thumb Code     0  ROM.lib ABSOLUTE
    le_gap_msg_info_way                      0x0004cc23   Thumb Code     0  ROM.lib ABSOLUTE
    le_load_upper_stack_efuse                0x0004cc29   Thumb Code     0  ROM.lib ABSOLUTE
    le_get_max_link_num                      0x0004cc3b   Thumb Code     0  ROM.lib ABSOLUTE
    le_register_app_cb                       0x0004cc43   Thumb Code     0  ROM.lib ABSOLUTE
    le_set_gap_param                         0x0004cc49   Thumb Code     0  ROM.lib ABSOLUTE
    le_get_gap_param                         0x0004cd91   Thumb Code     0  ROM.lib ABSOLUTE
    le_modify_white_list                     0x0004ce55   Thumb Code     0  ROM.lib ABSOLUTE
    le_set_rand_addr                         0x0004ce75   Thumb Code     0  ROM.lib ABSOLUTE
    le_set_host_chann_classif                0x0004ce93   Thumb Code     0  ROM.lib ABSOLUTE
    le_cfg_local_identity_address            0x0004cea3   Thumb Code     0  ROM.lib ABSOLUTE
    le_write_default_data_len                0x0004ceb3   Thumb Code     0  ROM.lib ABSOLUTE
    gap_send_dev_state                       0x0004cec3   Thumb Code     0  ROM.lib ABSOLUTE
    le_read_rssi                             0x0004cf2f   Thumb Code     0  ROM.lib ABSOLUTE
    le_read_chann_map                        0x0004cf59   Thumb Code     0  ROM.lib ABSOLUTE
    le_set_data_len                          0x0004cf83   Thumb Code     0  ROM.lib ABSOLUTE
    le_disable_slave_latency                 0x0004cfe9   Thumb Code     0  ROM.lib ABSOLUTE
    le_set_conn_tx_power                     0x0004d03f   Thumb Code     0  ROM.lib ABSOLUTE
    le_update_passed_chann_map               0x0004d093   Thumb Code     0  ROM.lib ABSOLUTE
    le_vendor_set_rem_min_sca                0x0004d0b9   Thumb Code     0  ROM.lib ABSOLUTE
    le_link_find_by_link_id                  0x0004d8f5   Thumb Code     0  ROM.lib ABSOLUTE
    le_get_conn_id                           0x0004d9bb   Thumb Code     0  ROM.lib ABSOLUTE
    le_link_check_conn_id_internal           0x0004da19   Thumb Code     0  ROM.lib ABSOLUTE
    le_get_conn_param                        0x0004da7f   Thumb Code     0  ROM.lib ABSOLUTE
    le_get_active_link_num                   0x0004db71   Thumb Code     0  ROM.lib ABSOLUTE
    le_get_idle_link_num                     0x0004db75   Thumb Code     0  ROM.lib ABSOLUTE
    le_get_conn_info                         0x0004db79   Thumb Code     0  ROM.lib ABSOLUTE
    le_get_conn_addr                         0x0004dbef   Thumb Code     0  ROM.lib ABSOLUTE
    le_disconnect                            0x0004dc25   Thumb Code     0  ROM.lib ABSOLUTE
    le_update_conn_param                     0x0004dc8b   Thumb Code     0  ROM.lib ABSOLUTE
    le_set_conn_param                        0x0004dccf   Thumb Code     0  ROM.lib ABSOLUTE
    le_connect                               0x0004dd79   Thumb Code     0  ROM.lib ABSOLUTE
    le_set_phy                               0x0004de43   Thumb Code     0  ROM.lib ABSOLUTE
    client_init                              0x0004e341   Thumb Code     0  ROM.lib ABSOLUTE
    client_register_general_client_cb        0x0004e36f   Thumb Code     0  ROM.lib ABSOLUTE
    client_register_spec_client_cb           0x0004e375   Thumb Code     0  ROM.lib ABSOLUTE
    client_all_primary_srv_discovery         0x0004e4f5   Thumb Code     0  ROM.lib ABSOLUTE
    client_by_uuid_srv_discovery             0x0004e529   Thumb Code     0  ROM.lib ABSOLUTE
    client_by_uuid128_srv_discovery          0x0004e55f   Thumb Code     0  ROM.lib ABSOLUTE
    client_relationship_discovery            0x0004e591   Thumb Code     0  ROM.lib ABSOLUTE
    client_all_char_discovery                0x0004e5bf   Thumb Code     0  ROM.lib ABSOLUTE
    client_by_uuid_char_discovery            0x0004e5fb   Thumb Code     0  ROM.lib ABSOLUTE
    client_by_uuid128_char_discovery         0x0004e63d   Thumb Code     0  ROM.lib ABSOLUTE
    client_all_char_descriptor_discovery     0x0004e685   Thumb Code     0  ROM.lib ABSOLUTE
    client_attr_read                         0x0004e6b3   Thumb Code     0  ROM.lib ABSOLUTE
    client_attr_read_using_uuid              0x0004e70d   Thumb Code     0  ROM.lib ABSOLUTE
    client_attr_write                        0x0004e8a1   Thumb Code     0  ROM.lib ABSOLUTE
    client_attr_ind_confirm                  0x0004ea1f   Thumb Code     0  ROM.lib ABSOLUTE
    client_get_notify_data_buffer            0x0004f29d   Thumb Code     0  ROM.lib ABSOLUTE
    server_builtin_service_reg               0x0004f4f1   Thumb Code     0  ROM.lib ABSOLUTE
    server_init                              0x0004f505   Thumb Code     0  ROM.lib ABSOLUTE
    server_register_app_cb                   0x0004f537   Thumb Code     0  ROM.lib ABSOLUTE
    server_add_service                       0x0004f66f   Thumb Code     0  ROM.lib ABSOLUTE
    server_add_service_by_start_handle       0x0004f681   Thumb Code     0  ROM.lib ABSOLUTE
    server_attr_read_confirm                 0x0004f693   Thumb Code     0  ROM.lib ABSOLUTE
    server_attr_write_confirm                0x0004f731   Thumb Code     0  ROM.lib ABSOLUTE
    server_exec_write_confirm                0x0004f779   Thumb Code     0  ROM.lib ABSOLUTE
    server_send_data                         0x0004f7a5   Thumb Code     0  ROM.lib ABSOLUTE
    server_get_write_cmd_data_buffer         0x0004fc1f   Thumb Code     0  ROM.lib ABSOLUTE
    le_find_key_entry                        0x0005018f   Thumb Code     0  ROM.lib ABSOLUTE
    le_find_key_entry_by_idx                 0x000502a1   Thumb Code     0  ROM.lib ABSOLUTE
    le_get_bond_dev_num                      0x00050323   Thumb Code     0  ROM.lib ABSOLUTE
    le_set_high_priority_bond                0x00050329   Thumb Code     0  ROM.lib ABSOLUTE
    le_get_high_priority_bond                0x00050341   Thumb Code     0  ROM.lib ABSOLUTE
    le_get_key                               0x00050365   Thumb Code     0  ROM.lib ABSOLUTE
    le_save_key                              0x00050427   Thumb Code     0  ROM.lib ABSOLUTE
    le_get_low_priority_bond                 0x000507a1   Thumb Code     0  ROM.lib ABSOLUTE
    le_get_cccd_data                         0x000507c1   Thumb Code     0  ROM.lib ABSOLUTE
    le_resolve_random_address                0x000509d5   Thumb Code     0  ROM.lib ABSOLUTE
    le_gen_bond_dev                          0x00050a59   Thumb Code     0  ROM.lib ABSOLUTE
    le_set_privacy_info                      0x00050b05   Thumb Code     0  ROM.lib ABSOLUTE
    le_get_privacy_info                      0x00050b7b   Thumb Code     0  ROM.lib ABSOLUTE
    flash_save_local_name                    0x00051071   Thumb Code     0  ROM.lib ABSOLUTE
    flash_load_local_name                    0x0005108f   Thumb Code     0  ROM.lib ABSOLUTE
    flash_save_local_appearance              0x000510af   Thumb Code     0  ROM.lib ABSOLUTE
    flash_load_local_appearance              0x000510d1   Thumb Code     0  ROM.lib ABSOLUTE
    flash_save_local_irk                     0x000510f3   Thumb Code     0  ROM.lib ABSOLUTE
    flash_load_local_irk                     0x00051115   Thumb Code     0  ROM.lib ABSOLUTE
    gaps_set_parameter                       0x000518a1   Thumb Code     0  ROM.lib ABSOLUTE
    gaps_set_peripheral_preferred_conn_param 0x0005193d   Thumb Code     0  ROM.lib ABSOLUTE
    gatts_service_changed_indicate           0x0005195f   Thumb Code     0  ROM.lib ABSOLUTE
    gatt_register_callback                   0x00051ac3   Thumb Code     0  ROM.lib ABSOLUTE
    le_privacy_set_param                     0x00051b3d   Thumb Code     0  ROM.lib ABSOLUTE
    le_privacy_get_param                     0x00051b91   Thumb Code     0  ROM.lib ABSOLUTE
    le_privacy_register_cb                   0x00051bf1   Thumb Code     0  ROM.lib ABSOLUTE
    le_privacy_set_addr_resolution           0x00051bf7   Thumb Code     0  ROM.lib ABSOLUTE
    le_privacy_read_peer_resolv_addr         0x00051c77   Thumb Code     0  ROM.lib ABSOLUTE
    le_privacy_read_local_resolv_addr        0x00051c87   Thumb Code     0  ROM.lib ABSOLUTE
    le_privacy_set_resolv_priv_addr_timeout  0x00051c97   Thumb Code     0  ROM.lib ABSOLUTE
    le_privacy_modify_resolv_list            0x00051cab   Thumb Code     0  ROM.lib ABSOLUTE
    le_privacy_set_mode                      0x00051d63   Thumb Code     0  ROM.lib ABSOLUTE
    le_privacy_convert_addr_type             0x00051d73   Thumb Code     0  ROM.lib ABSOLUTE
    le_adv_set_param                         0x00051e91   Thumb Code     0  ROM.lib ABSOLUTE
    le_adv_get_param                         0x00051f95   Thumb Code     0  ROM.lib ABSOLUTE
    le_adv_read_tx_power                     0x0005202b   Thumb Code     0  ROM.lib ABSOLUTE
    le_adv_start                             0x000520c7   Thumb Code     0  ROM.lib ABSOLUTE
    le_adv_update_param                      0x0005213d   Thumb Code     0  ROM.lib ABSOLUTE
    le_adv_stop                              0x0005218b   Thumb Code     0  ROM.lib ABSOLUTE
    le_adv_set_tx_power                      0x000521d3   Thumb Code     0  ROM.lib ABSOLUTE
    le_vendor_one_shot_adv                   0x000521f9   Thumb Code     0  ROM.lib ABSOLUTE
    le_scan_set_param                        0x00052375   Thumb Code     0  ROM.lib ABSOLUTE
    le_scan_get_param                        0x00052409   Thumb Code     0  ROM.lib ABSOLUTE
    le_scan_start                            0x00052475   Thumb Code     0  ROM.lib ABSOLUTE
    le_scan_stop                             0x000524d3   Thumb Code     0  ROM.lib ABSOLUTE
    gap_send_msg_to_app                      0x00052601   Thumb Code     0  ROM.lib ABSOLUTE
    le_dtm_receiver_test                     0x0005289d   Thumb Code     0  ROM.lib ABSOLUTE
    le_dtm_transmitter_test                  0x000528ad   Thumb Code     0  ROM.lib ABSOLUTE
    le_dtm_test_end                          0x000528bd   Thumb Code     0  ROM.lib ABSOLUTE
    le_dtm_enhanced_receiver_test            0x000528cd   Thumb Code     0  ROM.lib ABSOLUTE
    le_dtm_enhanced_transmitter_test         0x000528dd   Thumb Code     0  ROM.lib ABSOLUTE
    vsnprintf                                0x00059911   Thumb Code     0  ROM.lib ABSOLUTE
    setlocale                                0x00059df5   Thumb Code     0  ROM.lib ABSOLUTE
    memcmp                                   0x00059e05   Thumb Code     0  ROM.lib ABSOLUTE
    strlen                                   0x00059e5d   Thumb Code     0  ROM.lib ABSOLUTE
    __aeabi_memcpy                           0x00059e9b   Thumb Code     0  ROM.lib ABSOLUTE
    __rt_memcpy                              0x00059e9b   Thumb Code     0  ROM.lib ABSOLUTE
    __aeabi_memcpy4                          0x00059fa9   Thumb Code     0  ROM.lib ABSOLUTE
    __aeabi_memcpy8                          0x00059fa9   Thumb Code     0  ROM.lib ABSOLUTE
    __aeabi_memset                           0x0005a00d   Thumb Code     0  ROM.lib ABSOLUTE
    __aeabi_memclr                           0x0005a01d   Thumb Code     0  ROM.lib ABSOLUTE
    __rt_memclr                              0x0005a01d   Thumb Code     0  ROM.lib ABSOLUTE
    _memset                                  0x0005a021   Thumb Code     0  ROM.lib ABSOLUTE
    __aeabi_memclr4                          0x0005a061   Thumb Code     0  ROM.lib ABSOLUTE
    __aeabi_memclr8                          0x0005a061   Thumb Code     0  ROM.lib ABSOLUTE
    __rt_memclr_w                            0x0005a061   Thumb Code     0  ROM.lib ABSOLUTE
    _memset_w                                0x0005a065   Thumb Code     0  ROM.lib ABSOLUTE
    exit                                     0x0005ae25   Thumb Code     0  ROM.lib ABSOLUTE
    strcmp                                   0x0005ae39   Thumb Code     0  ROM.lib ABSOLUTE
    __Vectors                                0x00200000   Data           4  startup_rtl8762c.o(VECTOR)
    __Vectors_End                            0x002000f4   Data           0  startup_rtl8762c.o(VECTOR)
    platform_delay_us                        0x00200154   Data           0  ROM.lib ABSOLUTE
    platform_delay_ms                        0x00200158   Data           0  ROM.lib ABSOLUTE
    flash_lock_flag                          0x002004f9   Data           0  ROM.lib ABSOLUTE
    platform_seed                            0x00200504   Data           0  ROM.lib ABSOLUTE
    platform_poly                            0x00200508   Data           0  ROM.lib ABSOLUTE
    rand_gen_init                            0x0020050c   Data           0  ROM.lib ABSOLUTE
    rand_gen_read_random_number              0x00200510   Data           0  ROM.lib ABSOLUTE
    rand_gen_reset                           0x00200514   Data           0  ROM.lib ABSOLUTE
    rtk_read_modem_radio_reg_pi              0x002005c0   Data           0  ROM.lib ABSOLUTE
    rtk_write_modem_radio_reg_pi             0x002005c4   Data           0  ROM.lib ABSOLUTE
    rtk_update_rfc_reg_pi                    0x002005ec   Data           0  ROM.lib ABSOLUTE
    phy_auto_gated_on                        0x0020094c   Data           0  ROM.lib ABSOLUTE
    phy_auto_gated_off                       0x00200950   Data           0  ROM.lib ABSOLUTE
    app_pre_main                             0x00200c38   Data           0  ROM.lib ABSOLUTE
    app_main                                 0x00200c3c   Data           0  ROM.lib ABSOLUTE
    is_log_init                              0x00200c52   Data           0  ROM.lib ABSOLUTE
    DlpsErrorCode                            0x00200c7c   Data           0  ROM.lib ABSOLUTE
    DlpsRefuseReason                         0x00200c80   Data           0  ROM.lib ABSOLUTE
    g_BasePri                                0x00200cac   Data           0  ROM.lib ABSOLUTE
    flash_device_info                        0x00200cb0   Data           0  ROM.lib ABSOLUTE
    flash_erase_enter                        0x00200ce8   Data           0  ROM.lib ABSOLUTE
    flash_erase_exit                         0x00200cec   Data           0  ROM.lib ABSOLUTE
    flash_split_read_info                    0x00200d04   Data           0  ROM.lib ABSOLUTE
    flash_dma_cfg                            0x00200d1c   Data           0  ROM.lib ABSOLUTE
    flash_sem                                0x00200d40   Data           0  ROM.lib ABSOLUTE
    pTaskHandleList                          0x00200d80   Data           0  ROM.lib ABSOLUTE
    xFreeBytesRemaining                      0x00200ebc   Data           0  ROM.lib ABSOLUTE
    xMinimumEverFreeBytesRemaining           0x00200ec4   Data           0  ROM.lib ABSOLUTE
    xHeapTotalSize                           0x00200ecc   Data           0  ROM.lib ABSOLUTE
    xStart                                   0x00200ed4   Data           0  ROM.lib ABSOLUTE
    patch_osif_os_task_signal_send           0x00201144   Data           0  ROM.lib ABSOLUTE
    patch_osif_os_msg_send_intern            0x00201184   Data           0  ROM.lib ABSOLUTE
    patch_osif_os_timer_create               0x002011d4   Data           0  ROM.lib ABSOLUTE
    patch_vTaskSwitchContext                 0x00201238   Data           0  ROM.lib ABSOLUTE
    gap_common_app_cb                        0x00202df4   Data           0  ROM.lib ABSOLUTE
    gap_device_state                         0x00202e38   Data           0  ROM.lib ABSOLUTE
    gap_param_ds_pool_id                     0x00202e44   Data           0  ROM.lib ABSOLUTE
    gap_param_ds_data_offset                 0x00202e46   Data           0  ROM.lib ABSOLUTE
    gap_app_cb                               0x00202e48   Data           0  ROM.lib ABSOLUTE
    gap_link_table                           0x00202e64   Data           0  ROM.lib ABSOLUTE
    bond_storage_num                         0x00202ebc   Data           0  ROM.lib ABSOLUTE
    GPIO_Group3_Handler                      0x00207c01   Thumb Code    76  system_rtl8762c.o(.ram.dataon.data)
    Image$$RAM_DATA_ON$$RO$$Base             0x00207c00   Number         0  anon$$obj.o ABSOLUTE
    GPIO_Group2_Handler                      0x00207c4d   Thumb Code    76  system_rtl8762c.o(.ram.dataon.data)
    GPIO_Group1_Handler                      0x00207c99   Thumb Code    68  system_rtl8762c.o(.ram.dataon.data)
    GPIO_Group0_Handler                      0x00207cdd   Thumb Code    68  system_rtl8762c.o(.ram.dataon.data)
    DLPS_IO_EnterDlpsCb                      0x00207d25   Thumb Code   244  rtl876x_io_dlps.o(.ram.dataon.data)
    DLPS_IO_ExitDlpsCb                       0x00207e19   Thumb Code   204  rtl876x_io_dlps.o(.ram.dataon.data)
    Image$$RAM_DATA_ON$$RW$$Base             0x00207f4c   Number         0  anon$$obj.o ABSOLUTE
    allowedPxpEnterDlps                      0x00207f50   Data           1  main.o(.data)
    gParaValue                               0x00207f74   Data           4  kns.o(.data)
    dis_ieee_data_list_len                   0x00207f78   Data           1  dis.o(.data)
    g_pxp_linkloss_alert_level               0x00207fa8   Data           1  pxp_app.o(.data)
    gTimeParaValue                           0x00207fac   Data           4  pxp_app.o(.data)
    Image$$RAM_DATA_ON$$ZI$$Base             0x0020801c   Number         0  anon$$obj.o ABSOLUTE
    user_wdg_cb                              0x0020801c   Data           4  system_rtl8762c.o(.bss)
    user_dfu_status_cb                       0x00208020   Data           4  system_rtl8762c.o(.bss)
    app_pre_main_cb                          0x00208024   Data           4  system_rtl8762c.o(.bss)
    random_seed_value                        0x00208028   Data           4  system_rtl8762c.o(.bss)
    app_task_handle                          0x0020802c   Data           4  app_task.o(.bss)
    evt_queue_handle                         0x00208030   Data           4  app_task.o(.bss)
    io_queue_handle                          0x00208034   Data           4  app_task.o(.bss)
    gIoMode                                  0x00208038   Data           1  iohandle.o(.bss)
    gKeyStatus                               0x00208039   Data           1  iohandle.o(.bss)
    keystatus                                0x0020803a   Data           1  iohandle.o(.bss)
    xPeriodLow                               0x0020803c   Data           4  iohandle.o(.bss)
    xPeriodHigh                              0x00208040   Data           4  iohandle.o(.bss)
    gActCnt                                  0x00208044   Data           4  iohandle.o(.bss)
    xTimerPxpIO                              0x00208048   Data           4  iohandle.o(.bss)
    xTimerLongPress                          0x0020804c   Data           4  iohandle.o(.bss)
    PeriIntStoreReg                          0x00208050   Data           4  rtl876x_io_dlps.o(.bss)
    User_IO_ExitDlpsCB                       0x00208054   Data           4  rtl876x_io_dlps.o(.bss)
    User_IO_EnterDlpsCB                      0x00208058   Data           4  rtl876x_io_dlps.o(.bss)
    CPU_StoreReg                             0x0020805c   Data         132  rtl876x_io_dlps.o(.bss)
    Pinmux_StoreReg                          0x002080e0   Data          40  rtl876x_io_dlps.o(.bss)
    GPIO_StoreReg                            0x00208108   Data          36  rtl876x_io_dlps.o(.bss)
    dis_manufacturer_name_len                0x0020814c   Data           1  dis.o(.bss)
    dis_model_number_len                     0x0020814d   Data           1  dis.o(.bss)
    dis_serial_number_len                    0x0020814e   Data           1  dis.o(.bss)
    dis_hardware_rev_len                     0x0020814f   Data           1  dis.o(.bss)
    dis_firmware_rev_len                     0x00208150   Data           1  dis.o(.bss)
    dis_software_rev_len                     0x00208151   Data           1  dis.o(.bss)
    gPxpState                                0x002081d0   Data           1  pxp_app.o(.bss)
    gIoState                                 0x002081d1   Data           1  pxp_app.o(.bss)
    gPowerFlg                                0x002081d2   Data           1  pxp_app.o(.bss)
    gap_dev_state                            0x002081d3   Data           1  pxp_app.o(.bss)
    gap_conn_state                           0x002081d4   Data           1  pxp_app.o(.bss)
    ias_srv_id                               0x002081d5   Data           1  pxp_app.o(.bss)
    lls_srv_id                               0x002081d6   Data           1  pxp_app.o(.bss)
    tps_srv_id                               0x002081d7   Data           1  pxp_app.o(.bss)
    kns_srv_id                               0x002081d8   Data           1  pxp_app.o(.bss)
    bas_srv_id                               0x002081d9   Data           1  pxp_app.o(.bss)
    dis_srv_id                               0x002081da   Data           1  pxp_app.o(.bss)
    g_pxp_immediate_alert_level              0x002081db   Data           1  pxp_app.o(.bss)
    scenario_name                            0x002081dc   Data           8  overlay_mgr.o(.bss)
    _random_number_data                      0x002081e4   Data         228  rand.o(.bss)
    Image$$OVERLAY_A$$RO$$Base               0x002082c8   Number         0  anon$$obj.o ABSOLUTE
    Image$$OVERLAY_B$$RO$$Base               0x002082c8   Number         0  anon$$obj.o ABSOLUTE
    Image$$OVERLAY_B$$RW$$Base               0x002082c8   Number         0  anon$$obj.o ABSOLUTE
    Image$$OVERLAY_B$$ZI$$Base               0x002082c8   Number         0  anon$$obj.o ABSOLUTE
    Image$$OVERLAY_C$$RO$$Base               0x002082c8   Number         0  anon$$obj.o ABSOLUTE
    Image$$OVERLAY_C$$RW$$Base               0x002082c8   Number         0  anon$$obj.o ABSOLUTE
    Image$$OVERLAY_C$$ZI$$Base               0x002082c8   Number         0  anon$$obj.o ABSOLUTE
    Image$$OVERLAY_A$$RW$$Base               0x00208388   Number         0  anon$$obj.o ABSOLUTE
    Image$$OVERLAY_A$$ZI$$Base               0x00208388   Number         0  anon$$obj.o ABSOLUTE
    Image$$CACHE_DATA_ON$$RO$$Base           0x0021c000   Number         0  anon$$obj.o ABSOLUTE
    Image$$CACHE_DATA_ON$$RW$$Base           0x0021c000   Number         0  anon$$obj.o ABSOLUTE
    Image$$CACHE_DATA_ON$$ZI$$Base           0x0021c000   Number         0  anon$$obj.o ABSOLUTE
    img_header                               0x0080e000   Data         480  system_rtl8762c.o(.app.flash.header)
    auth_header                              0x0080e1e0   Data         544  system_rtl8762c.o(.app.flash.header)
    Image$$FLASH_START_ADDR$$RO$$Base        0x0080e400   Number         0  anon$$obj.o ABSOLUTE
    Load$$FLASH_START_ADDR$$RO$$Base         0x0080e400   Number         0  anon$$obj.o ABSOLUTE
    Reset_Handler                            0x0080e401   Thumb Code     4  startup_rtl8762c.o(RESET)
    __main                                   0x0080e409   Thumb Code     8  __main.o(!!!main)
    __scatterload                            0x0080e411   Thumb Code     0  __scatter.o(!!!scatter)
    __scatterload_rt2                        0x0080e411   Thumb Code    44  __scatter.o(!!!scatter)
    __scatterload_rt2_thumb_only             0x0080e411   Thumb Code     0  __scatter.o(!!!scatter)
    __scatterload_null                       0x0080e41f   Thumb Code     0  __scatter.o(!!!scatter)
    __scatterload_copy                       0x0080e445   Thumb Code    26  __scatter_copy.o(!!handler_copy)
    __scatterload_zeroinit                   0x0080e461   Thumb Code    28  __scatter_zi.o(!!handler_zi)
    __rt_lib_init                            0x0080e47d   Thumb Code     0  libinit.o(.ARM.Collect$$libinit$$00000000)
    __rt_lib_init_fp_1                       0x0080e47f   Thumb Code     0  libinit2.o(.ARM.Collect$$libinit$$00000001)
    __rt_lib_init_heap_1                     0x0080e483   Thumb Code     0  libinit2.o(.ARM.Collect$$libinit$$0000000A)
    __rt_lib_init_preinit_1                  0x0080e483   Thumb Code     0  libinit2.o(.ARM.Collect$$libinit$$00000004)
    __rt_lib_init_rand_2                     0x0080e483   Thumb Code     0  libinit2.o(.ARM.Collect$$libinit$$0000000D)
    __rt_lib_init_user_alloc_1               0x0080e483   Thumb Code     0  libinit2.o(.ARM.Collect$$libinit$$0000000C)
    __rt_lib_init_alloca_1                   0x0080e487   Thumb Code     0  libinit2.o(.ARM.Collect$$libinit$$0000002E)
    __rt_lib_init_argv_1                     0x0080e487   Thumb Code     0  libinit2.o(.ARM.Collect$$libinit$$0000002C)
    __rt_lib_init_atexit_1                   0x0080e487   Thumb Code     0  libinit2.o(.ARM.Collect$$libinit$$0000001B)
    __rt_lib_init_clock_1                    0x0080e487   Thumb Code     0  libinit2.o(.ARM.Collect$$libinit$$00000021)
    __rt_lib_init_cpp_1                      0x0080e487   Thumb Code     0  libinit2.o(.ARM.Collect$$libinit$$00000032)
    __rt_lib_init_exceptions_1               0x0080e487   Thumb Code     0  libinit2.o(.ARM.Collect$$libinit$$00000030)
    __rt_lib_init_fp_trap_1                  0x0080e487   Thumb Code     0  libinit2.o(.ARM.Collect$$libinit$$0000001F)
    __rt_lib_init_getenv_1                   0x0080e487   Thumb Code     0  libinit2.o(.ARM.Collect$$libinit$$00000023)
    __rt_lib_init_lc_collate_1               0x0080e487   Thumb Code     0  libinit2.o(.ARM.Collect$$libinit$$00000011)
    __rt_lib_init_lc_ctype_1                 0x0080e487   Thumb Code     0  libinit2.o(.ARM.Collect$$libinit$$00000013)
    __rt_lib_init_lc_monetary_1              0x0080e487   Thumb Code     0  libinit2.o(.ARM.Collect$$libinit$$00000015)
    __rt_lib_init_lc_numeric_1               0x0080e487   Thumb Code     0  libinit2.o(.ARM.Collect$$libinit$$00000017)
    __rt_lib_init_lc_time_1                  0x0080e487   Thumb Code     0  libinit2.o(.ARM.Collect$$libinit$$00000019)
    __rt_lib_init_rand_1                     0x0080e487   Thumb Code     0  libinit2.o(.ARM.Collect$$libinit$$0000000E)
    __rt_lib_init_return                     0x0080e487   Thumb Code     0  libinit2.o(.ARM.Collect$$libinit$$00000033)
    __rt_lib_init_signal_1                   0x0080e487   Thumb Code     0  libinit2.o(.ARM.Collect$$libinit$$0000001D)
    __rt_lib_init_stdio_1                    0x0080e487   Thumb Code     0  libinit2.o(.ARM.Collect$$libinit$$00000025)
    __rt_entry                               0x0080e489   Thumb Code     0  __rtentry.o(.ARM.Collect$$rtentry$$00000000)
    __rt_entry_presh_1                       0x0080e489   Thumb Code     0  __rtentry2.o(.ARM.Collect$$rtentry$$00000002)
    __rt_entry_sh                            0x0080e489   Thumb Code     0  __rtentry4.o(.ARM.Collect$$rtentry$$00000004)
    __rt_entry_li                            0x0080e48f   Thumb Code     0  __rtentry2.o(.ARM.Collect$$rtentry$$0000000A)
    __rt_entry_postsh_1                      0x0080e48f   Thumb Code     0  __rtentry2.o(.ARM.Collect$$rtentry$$00000009)
    __rt_entry_main                          0x0080e493   Thumb Code     0  __rtentry2.o(.ARM.Collect$$rtentry$$0000000D)
    __rt_entry_postli_1                      0x0080e493   Thumb Code     0  __rtentry2.o(.ARM.Collect$$rtentry$$0000000C)
    ram_init                                 0x0080e49d   Thumb Code    62  system_rtl8762c.o(.app.flash.text)
    random_seed_init                         0x0080e4db   Thumb Code    92  system_rtl8762c.o(.app.flash.text)
    print_reset_reason                       0x0080e537   Thumb Code    76  system_rtl8762c.o(.app.flash.text)
    pre_main                                 0x0080e583   Thumb Code   104  system_rtl8762c.o(.app.flash.text)
    SystemInit                               0x0080e5eb   Thumb Code   158  system_rtl8762c.o(.app.flash.text)
    rand                                     0x0080e71d   Thumb Code    48  rand.o(.emb_text)
    common_main                              0x0080e751   Thumb Code    74  system_rtl8762c.o(.text)
    WDG_SystemReset                          0x0080e79b   Thumb Code    10  system_rtl8762c.o(.text)
    flash_try_high_speed                     0x0080e7a5   Thumb Code    48  system_rtl8762c.o(.text)
    malloc                                   0x0080e7d5   Thumb Code    14  system_rtl8762c.o(.text)
    calloc                                   0x0080e7e3   Thumb Code    16  system_rtl8762c.o(.text)
    realloc                                  0x0080e7f3   Thumb Code    30  system_rtl8762c.o(.text)
    free                                     0x0080e811   Thumb Code     4  system_rtl8762c.o(.text)
    app_cb0_wdg_reset                        0x0080e815   Thumb Code    16  system_rtl8762c.o(.text)
    app_cb5_dfu_status                       0x0080e825   Thumb Code    12  system_rtl8762c.o(.text)
    app_send_msg_to_apptask                  0x0080e891   Thumb Code    74  app_task.o(.text)
    app_main_task                            0x0080e8db   Thumb Code   130  app_task.o(.text)
    app_task_init                            0x0080e95d   Thumb Code    28  app_task.o(.text)
    PINMUX_Configuration                     0x0080e98d   Thumb Code    30  iohandle.o(.text)
    PAD_Configuration                        0x0080e9ab   Thumb Code    56  iohandle.o(.text)
    RCC_Configuration                        0x0080e9e3   Thumb Code    12  iohandle.o(.text)
    driver_init                              0x0080e9ef   Thumb Code   162  iohandle.o(.text)
    GPIO20_Handler                           0x0080ea91   Thumb Code   140  iohandle.o(.text)
    StopPxpIO                                0x0080eb1d   Thumb Code    46  iohandle.o(.text)
    StartPxpIO                               0x0080eb4b   Thumb Code    70  iohandle.o(.text)
    Pxp_HandleButtonEvent                    0x0080eb91   Thumb Code   262  iohandle.o(.text)
    vTimerPxpIOCallback                      0x0080ec97   Thumb Code   168  iohandle.o(.text)
    vTimerLongPressCallback                  0x0080ed3f   Thumb Code    44  iohandle.o(.text)
    swTimerInit                              0x0080ed6b   Thumb Code   166  iohandle.o(.text)
    ChangeConnectionParameter                0x0080ee11   Thumb Code    38  iohandle.o(.text)
    app_le_gap_init                          0x0080ee71   Thumb Code   348  main.o(.text)
    app_le_profile_init                      0x0080efcd   Thumb Code    78  main.o(.text)
    board_init                               0x0080f01b   Thumb Code    18  main.o(.text)
    System_Handler                           0x0080f02d   Thumb Code    52  main.o(.text)
    PxpEnterDlpsSet                          0x0080f061   Thumb Code    88  main.o(.text)
    PxpExitDlpsInit                          0x0080f0b9   Thumb Code    56  main.o(.text)
    DLPS_PxpCheck                            0x0080f0f1   Thumb Code     8  main.o(.text)
    pwr_mgr_init                             0x0080f0f9   Thumb Code    52  main.o(.text)
    task_init                                0x0080f12d   Thumb Code     4  main.o(.text)
    main                                     0x0080f131   Thumb Code    52  main.o(.text)
    DLPS_IORegister                          0x0080f1d9   Thumb Code    22  rtl876x_io_dlps.o(.text)
    GPIO_DeInit                              0x0080f1f9   Thumb Code    12  rtl876x_gpio.o(.text)
    GPIO_Init                                0x0080f205   Thumb Code   190  rtl876x_gpio.o(.text)
    GPIO_StructInit                          0x0080f2c3   Thumb Code    26  rtl876x_gpio.o(.text)
    GPIO_INTConfig                           0x0080f2dd   Thumb Code    18  rtl876x_gpio.o(.text)
    GPIO_ClearINTPendingBit                  0x0080f2ef   Thumb Code     6  rtl876x_gpio.o(.text)
    GPIO_MaskINTConfig                       0x0080f2f5   Thumb Code    18  rtl876x_gpio.o(.text)
    GPIO_GetPin                              0x0080f307   Thumb Code    42  rtl876x_gpio.o(.text)
    GPIO_GetNum                              0x0080f331   Thumb Code    38  rtl876x_gpio.o(.text)
    GPIO_DBClkCmd                            0x0080f357   Thumb Code    28  rtl876x_gpio.o(.text)
    RCC_PeriphClockCmd                       0x0080f37d   Thumb Code   292  rtl876x_rcc.o(.text)
    RCC_SPIClkDivConfig                      0x0080f4a1   Thumb Code   112  rtl876x_rcc.o(.text)
    RCC_I2CClkDivConfig                      0x0080f511   Thumb Code   110  rtl876x_rcc.o(.text)
    RCC_UARTClkDivConfig                     0x0080f57f   Thumb Code   114  rtl876x_rcc.o(.text)
    RCC_PeriClockConfig                      0x0080f5f1   Thumb Code   106  rtl876x_rcc.o(.text)
    RCC_PeriFunctionConfig                   0x0080f65b   Thumb Code    90  rtl876x_rcc.o(.text)
    ias_attr_write_cb                        0x0080f6d5   Thumb Code    86  ias.o(.text)
    ias_add_service                          0x0080f72b   Thumb Code    60  ias.o(.text)
    lls_set_parameter                        0x0080f779   Thumb Code    30  lls.o(.text)
    lls_attr_read_cb                         0x0080f797   Thumb Code    98  lls.o(.text)
    lls_attr_write_cb                        0x0080f7f9   Thumb Code    88  lls.o(.text)
    lls_add_service                          0x0080f851   Thumb Code    60  lls.o(.text)
    tps_set_parameter                        0x0080f89d   Thumb Code    30  tps.o(.text)
    tps_attr_read_cb                         0x0080f8bb   Thumb Code    98  tps.o(.text)
    tps_add_service                          0x0080f91d   Thumb Code    60  tps.o(.text)
    bas_set_parameter                        0x0080f969   Thumb Code    40  bas.o(.text)
    bas_battery_level_value_notify           0x0080f991   Thumb Code    24  bas.o(.text)
    bas_battery_level_value_read_confirm     0x0080f9a9   Thumb Code    34  bas.o(.text)
    bas_attr_read_cb                         0x0080f9cb   Thumb Code   104  bas.o(.text)
    bas_cccd_update_cb                       0x0080fa33   Thumb Code    86  bas.o(.text)
    bas_add_service                          0x0080fa89   Thumb Code    60  bas.o(.text)
    kns_set_parameter                        0x0080fad5   Thumb Code    38  kns.o(.text)
    kns_attr_read_cb                         0x0080fafb   Thumb Code    96  kns.o(.text)
    kns_cccd_update_cb                       0x0080fbab   Thumb Code    82  kns.o(.text)
    kns_add_service                          0x0080fbfd   Thumb Code    62  kns.o(.text)
    dis_set_parameter                        0x0080fc51   Thumb Code   204  dis.o(.text)
    dis_attr_read_cb                         0x0080fd1d   Thumb Code   354  dis.o(.text)
    dis_add_service                          0x0080fe7f   Thumb Code    64  dis.o(.text)
    app_handle_authen_state_evt              0x0080fed5   Thumb Code   108  pxp_app.o(.text)
    app_handle_conn_param_update_evt         0x0080ff41   Thumb Code   124  pxp_app.o(.text)
    app_handle_conn_mtu_info_evt             0x0080ffbd   Thumb Code    20  pxp_app.o(.text)
    app_handle_conn_state_evt                0x0080ffd1   Thumb Code   248  pxp_app.o(.text)
    app_handle_dev_state_evt                 0x008100c9   Thumb Code   180  pxp_app.o(.text)
    app_handle_gap_msg                       0x0081017d   Thumb Code   360  pxp_app.o(.text)
    app_handle_io_msg                        0x008102e5   Thumb Code    50  pxp_app.o(.text)
    app_gap_callback                         0x00810317   Thumb Code    78  pxp_app.o(.text)
    app_profile_callback                     0x00810365   Thumb Code   648  pxp_app.o(.text)
    load_overlay                             0x00810689   Thumb Code    76  overlay_mgr.o(.text)
    get_current_scenario_index               0x008106d5   Thumb Code    38  overlay_mgr.o(.text)
    ADC_Handler                              0x00810705   Thumb Code     0  startup_rtl8762c.o(.text)
    BTMAC_Handler                            0x00810705   Thumb Code     0  startup_rtl8762c.o(.text)
    BusFault_Handler                         0x00810705   Thumb Code     0  startup_rtl8762c.o(.text)
    DebugMon_Handler                         0x00810705   Thumb Code     0  startup_rtl8762c.o(.text)
    Default_Handler                          0x00810705   Thumb Code    16  startup_rtl8762c.o(.text)
    GDMA0_Channel0_Handler                   0x00810705   Thumb Code     0  startup_rtl8762c.o(.text)
    GDMA0_Channel1_Handler                   0x00810705   Thumb Code     0  startup_rtl8762c.o(.text)
    GDMA0_Channel2_Handler                   0x00810705   Thumb Code     0  startup_rtl8762c.o(.text)
    GDMA0_Channel3_Handler                   0x00810705   Thumb Code     0  startup_rtl8762c.o(.text)
    GDMA0_Channel4_Handler                   0x00810705   Thumb Code     0  startup_rtl8762c.o(.text)
    GDMA0_Channel5_Handler                   0x00810705   Thumb Code     0  startup_rtl8762c.o(.text)
    GPIO0_Handler                            0x00810705   Thumb Code     0  startup_rtl8762c.o(.text)
    GPIO10_Handler                           0x00810705   Thumb Code     0  startup_rtl8762c.o(.text)
    GPIO11_Handler                           0x00810705   Thumb Code     0  startup_rtl8762c.o(.text)
    GPIO12_Handler                           0x00810705   Thumb Code     0  startup_rtl8762c.o(.text)
    GPIO13_Handler                           0x00810705   Thumb Code     0  startup_rtl8762c.o(.text)
    GPIO14_Handler                           0x00810705   Thumb Code     0  startup_rtl8762c.o(.text)
    GPIO15_Handler                           0x00810705   Thumb Code     0  startup_rtl8762c.o(.text)
    GPIO16_Handler                           0x00810705   Thumb Code     0  startup_rtl8762c.o(.text)
    GPIO17_Handler                           0x00810705   Thumb Code     0  startup_rtl8762c.o(.text)
    GPIO18_Handler                           0x00810705   Thumb Code     0  startup_rtl8762c.o(.text)
    GPIO19_Handler                           0x00810705   Thumb Code     0  startup_rtl8762c.o(.text)
    GPIO1_Handler                            0x00810705   Thumb Code     0  startup_rtl8762c.o(.text)
    GPIO21_Handler                           0x00810705   Thumb Code     0  startup_rtl8762c.o(.text)
    GPIO22_Handler                           0x00810705   Thumb Code     0  startup_rtl8762c.o(.text)
    GPIO23_Handler                           0x00810705   Thumb Code     0  startup_rtl8762c.o(.text)
    GPIO24_Handler                           0x00810705   Thumb Code     0  startup_rtl8762c.o(.text)
    GPIO25_Handler                           0x00810705   Thumb Code     0  startup_rtl8762c.o(.text)
    GPIO26_Handler                           0x00810705   Thumb Code     0  startup_rtl8762c.o(.text)
    GPIO27_Handler                           0x00810705   Thumb Code     0  startup_rtl8762c.o(.text)
    GPIO28_Handler                           0x00810705   Thumb Code     0  startup_rtl8762c.o(.text)
    GPIO29_Handler                           0x00810705   Thumb Code     0  startup_rtl8762c.o(.text)
    GPIO2_Handler                            0x00810705   Thumb Code     0  startup_rtl8762c.o(.text)
    GPIO30_Handler                           0x00810705   Thumb Code     0  startup_rtl8762c.o(.text)
    GPIO31_Handler                           0x00810705   Thumb Code     0  startup_rtl8762c.o(.text)
    GPIO3_Handler                            0x00810705   Thumb Code     0  startup_rtl8762c.o(.text)
    GPIO4_Handler                            0x00810705   Thumb Code     0  startup_rtl8762c.o(.text)
    GPIO5_Handler                            0x00810705   Thumb Code     0  startup_rtl8762c.o(.text)
    GPIO6_Handler                            0x00810705   Thumb Code     0  startup_rtl8762c.o(.text)
    GPIO7_Handler                            0x00810705   Thumb Code     0  startup_rtl8762c.o(.text)
    GPIO8_Handler                            0x00810705   Thumb Code     0  startup_rtl8762c.o(.text)
    GPIO9_Handler                            0x00810705   Thumb Code     0  startup_rtl8762c.o(.text)
    HardFault_Handler                        0x00810705   Thumb Code     0  startup_rtl8762c.o(.text)
    I2C0_Handler                             0x00810705   Thumb Code     0  startup_rtl8762c.o(.text)
    I2C1_Handler                             0x00810705   Thumb Code     0  startup_rtl8762c.o(.text)
    I2S0_RX_Handler                          0x00810705   Thumb Code     0  startup_rtl8762c.o(.text)
    I2S0_TX_Handler                          0x00810705   Thumb Code     0  startup_rtl8762c.o(.text)
    I2S1_RX_Handler                          0x00810705   Thumb Code     0  startup_rtl8762c.o(.text)
    I2S1_TX_Handler                          0x00810705   Thumb Code     0  startup_rtl8762c.o(.text)
    IR_Handler                               0x00810705   Thumb Code     0  startup_rtl8762c.o(.text)
    Keyscan_Handler                          0x00810705   Thumb Code     0  startup_rtl8762c.o(.text)
    LCD_Handler                              0x00810705   Thumb Code     0  startup_rtl8762c.o(.text)
    LPCOMP_Handler                           0x00810705   Thumb Code     0  startup_rtl8762c.o(.text)
    MemManage_Handler                        0x00810705   Thumb Code     0  startup_rtl8762c.o(.text)
    NMI_Handler                              0x00810705   Thumb Code     0  startup_rtl8762c.o(.text)
    PTA_Mailbox_Handler                      0x00810705   Thumb Code     0  startup_rtl8762c.o(.text)
    PendSV_Handler                           0x00810705   Thumb Code     0  startup_rtl8762c.o(.text)
    Peripheral_Handler                       0x00810705   Thumb Code     0  startup_rtl8762c.o(.text)
    Qdecode_Handler                          0x00810705   Thumb Code     0  startup_rtl8762c.o(.text)
    RTC_Handler                              0x00810705   Thumb Code     0  startup_rtl8762c.o(.text)
    SPI0_Handler                             0x00810705   Thumb Code     0  startup_rtl8762c.o(.text)
    SPI1_Handler                             0x00810705   Thumb Code     0  startup_rtl8762c.o(.text)
    SPI2W_Handler                            0x00810705   Thumb Code     0  startup_rtl8762c.o(.text)
    SPI_Flash_Handler                        0x00810705   Thumb Code     0  startup_rtl8762c.o(.text)
    SVC_Handler                              0x00810705   Thumb Code     0  startup_rtl8762c.o(.text)
    SysTick_Handler                          0x00810705   Thumb Code     0  startup_rtl8762c.o(.text)
    Timer2_Handler                           0x00810705   Thumb Code     0  startup_rtl8762c.o(.text)
    Timer3_Handler                           0x00810705   Thumb Code     0  startup_rtl8762c.o(.text)
    Timer4_7_Handler                         0x00810705   Thumb Code     0  startup_rtl8762c.o(.text)
    Timer4_Handler                           0x00810705   Thumb Code     0  startup_rtl8762c.o(.text)
    Timer5_Handler                           0x00810705   Thumb Code     0  startup_rtl8762c.o(.text)
    Timer6_Handler                           0x00810705   Thumb Code     0  startup_rtl8762c.o(.text)
    Timer7_Handler                           0x00810705   Thumb Code     0  startup_rtl8762c.o(.text)
    UART0_Handler                            0x00810705   Thumb Code     0  startup_rtl8762c.o(.text)
    UART1_Handler                            0x00810705   Thumb Code     0  startup_rtl8762c.o(.text)
    UART2_Handler                            0x00810705   Thumb Code     0  startup_rtl8762c.o(.text)
    UsageFault_Handler                       0x00810705   Thumb Code     0  startup_rtl8762c.o(.text)
    WDG_Handler                              0x00810705   Thumb Code     0  startup_rtl8762c.o(.text)
    __user_setup_stackheap                   0x00810715   Thumb Code     2  startup_rtl8762c.o(.text)
    gap_lib_handle_btif_msg                  0x00810755   Thumb Code    52  gap_lib.o(.text)
    gap_lib_init                             0x00810789   Thumb Code    74  gap_lib.o(.text)
    gap_sw_reset_req                         0x008107dd   Thumb Code    62  gap_lib_patch.o(.text)
    le_handle_sw_reset_rsp                   0x0081081b   Thumb Code    42  gap_lib_patch.o(.text)
    le_check_privacy_bond                    0x00810845   Thumb Code   106  gap_lib_patch.o(.text)
    le_bond_just_work_confirm                0x008108af   Thumb Code    36  gap_lib_patch.o(.text)
    le_gen_rand_addr                         0x008108d3   Thumb Code   168  gap_lib_patch.o(.text)
    le_bond_get_sec_level                    0x0081097b   Thumb Code    74  gap_lib_patch.o(.text)
    gap_set_lps_bootup_active_time           0x008109ed   Thumb Code    52  gap_vendor_cmd.o(.text)
    lps_get_wakeup_time                      0x00810a21   Thumb Code    22  gap_vendor_cmd.o(.text)
    le_handle_vendor_cmd_rsp                 0x00810a37   Thumb Code    72  gap_vendor_cmd.o(.text)
    gap_vendor_cmd_req                       0x00810a7f   Thumb Code    16  gap_vendor_cmd.o(.text)
    le_handle_vendor_evt_info                0x00810a8f   Thumb Code    22  gap_vendor_cmd.o(.text)
    le_vendor_modify_bt_le_fw_policy         0x00810aa5   Thumb Code    74  gap_vendor_cmd.o(.text)
    srand                                    0x00810afd   Thumb Code    42  rand.o(.text)
    _rand_init                               0x00810b27   Thumb Code     4  rand.o(.text)
    _fp_init                                 0x00810b39   Thumb Code    10  fpinit.o(x$fpl$fpinit)
    __fplib_config_fpu_vfp                   0x00810b41   Thumb Code     0  fpinit.o(x$fpl$fpinit)
    __fplib_config_pureend_doubles           0x00810b41   Thumb Code     0  fpinit.o(x$fpl$fpinit)
    app_cb_table                             0x00810b44   Data          32  system_rtl8762c.o(.constdata)
    ias_attr_tbl                             0x00810cc0   Data          84  ias.o(.constdata)
    ias_cbs                                  0x00810d14   Data          12  ias.o(.constdata)
    lls_attr_tbl                             0x00810d20   Data          84  lls.o(.constdata)
    lls_cbs                                  0x00810d74   Data          12  lls.o(.constdata)
    tps_attr_tbl                             0x00810d80   Data          84  tps.o(.constdata)
    tps_cbs                                  0x00810dd4   Data          12  tps.o(.constdata)
    bas_cbs                                  0x00810e50   Data          12  bas.o(.constdata)
    GATT_UUID128_KNS_SERVICE                 0x00810e5c   Data          16  kns.o(.constdata)
    kns_cbs                                  0x00810f14   Data          12  kns.o(.constdata)
    dis_cbs                                  0x00811134   Data          12  dis.o(.constdata)
    Region$$Table$$Base                      0x0081137c   Number         0  anon$$obj.o(Region$$Table)
    Load$$RAM_VECTOR_TABLE$$RO$$Base         0x008113bc   Number         0  anon$$obj.o ABSOLUTE
    Region$$Table$$Limit                     0x008113bc   Number         0  anon$$obj.o(Region$$Table)
    Load$$RAM_DATA_ON$$RO$$Base              0x008114b0   Number         0  anon$$obj.o ABSOLUTE
    Load$$RAM_DATA_ON$$RW$$Base              0x008117fc   Number         0  anon$$obj.o ABSOLUTE
    Load$$OVERLAY_A$$RO$$Base                0x008118cc   Number         0  anon$$obj.o ABSOLUTE
    Load$$CACHE_DATA_ON$$RO$$Base            0x0081198c   Number         0  anon$$obj.o ABSOLUTE
    Load$$CACHE_DATA_ON$$RW$$Base            0x0081198c   Number         0  anon$$obj.o ABSOLUTE
    Load$$OVERLAY_A$$RW$$Base                0x0081198c   Number         0  anon$$obj.o ABSOLUTE
    Load$$OVERLAY_B$$RO$$Base                0x0081198c   Number         0  anon$$obj.o ABSOLUTE
    Load$$OVERLAY_B$$RW$$Base                0x0081198c   Number         0  anon$$obj.o ABSOLUTE
    Load$$OVERLAY_C$$RO$$Base                0x0081198c   Number         0  anon$$obj.o ABSOLUTE
    Load$$OVERLAY_C$$RW$$Base                0x0081198c   Number         0  anon$$obj.o ABSOLUTE



==============================================================================

Memory Map of the image

  Image Entry point : 0x0080e409

  Load Region LOAD_FLASH (Base: 0x0080e000, Size: 0x0000398c, Max: 0x00017000, ABSOLUTE)

    Execution Region RAM_VECTOR_TABLE (Base: 0x00200000, Size: 0x000000f4, Max: 0x000000f4, ABSOLUTE)

    Base Addr    Size         Type   Attr      Idx    E Section Name        Object

    0x00200000   0x000000f4   Data   RO          780    VECTOR              startup_rtl8762c.o


    Execution Region RAM_DATA_ON (Base: 0x00207c00, Size: 0x000006c8, Max: 0x00008c00, ABSOLUTE)

    Base Addr    Size         Type   Attr      Idx    E Section Name        Object

    0x00207c00   0x00000124   Code   RO            6    .ram.dataon.data    system_rtl8762c.o
    0x00207d24   0x00000228   Code   RO          466    .ram.dataon.data    rtl876x_io_dlps.o
    0x00207f4c   0x00000004   Data   RW           14    .data               system_rtl8762c.o
    0x00207f50   0x00000024   Data   RW          388    .data               main.o
    0x00207f74   0x00000004   Data   RW          670    .data               kns.o
    0x00207f78   0x0000002e   Data   RW          692    .data               dis.o
    0x00207fa6   0x00000002   PAD
    0x00207fa8   0x00000008   Data   RW          718    .data               pxp_app.o
    0x00207fb0   0x0000006c   Data   RW          762    .data               overlay_mgr.o
    0x0020801c   0x00000010   Zero   RW           10    .bss                system_rtl8762c.o
    0x0020802c   0x0000000c   Zero   RW          174    .bss                app_task.o
    0x00208038   0x00000018   Zero   RW          276    .bss                iohandle.o
    0x00208050   0x000000dc   Zero   RW          469    .bss                rtl876x_io_dlps.o
    0x0020812c   0x00000004   Zero   RW          574    .bss                ias.o
    0x00208130   0x00000008   Zero   RW          602    .bss                lls.o
    0x00208138   0x00000008   Zero   RW          623    .bss                tps.o
    0x00208140   0x00000008   Zero   RW          643    .bss                bas.o
    0x00208148   0x00000004   Zero   RW          666    .bss                kns.o
    0x0020814c   0x00000084   Zero   RW          689    .bss                dis.o
    0x002081d0   0x0000000c   Zero   RW          717    .bss                pxp_app.o
    0x002081dc   0x00000008   Zero   RW          760    .bss                overlay_mgr.o
    0x002081e4   0x000000e4   Zero   RW          921    .bss                c_w.l(rand.o)


    Execution Region OVERLAY_A (Base: 0x002082c8, Size: 0x000000c0, Max: 0xffffffff, OVERLAY)

    Base Addr    Size         Type   Attr      Idx    E Section Name        Object

    0x002082c8   0x000000c0   Code   RO            5    .app.overlay_a      system_rtl8762c.o


    Execution Region OVERLAY_B (Base: 0x002082c8, Size: 0x00000000, Max: 0xffffffff, OVERLAY)

    **** No section assigned to this execution region ****


    Execution Region OVERLAY_C (Base: 0x002082c8, Size: 0x00000000, Max: 0xffffffff, OVERLAY)

    **** No section assigned to this execution region ****


    Execution Region CACHE_DATA_ON (Base: 0x0021c000, Size: 0x00000000, Max: 0x00004000, ABSOLUTE)

    **** No section assigned to this execution region ****


    Execution Region app.bin (Base: 0x0080e000, Size: 0x00000400, Max: 0xffffffff, ABSOLUTE)

    Base Addr    Size         Type   Attr      Idx    E Section Name        Object

    0x0080e000   0x00000400   Data   RO            9    .app.flash.header   system_rtl8762c.o


    Execution Region APP_FLASH_HEADER_EXT (Base: 0x0080e400, Size: 0x00000000, Max: 0xffffffff, ABSOLUTE)

    **** No section assigned to this execution region ****


    Execution Region FLASH_START_ADDR (Base: 0x0080e400, Size: 0x00000008, Max: 0xffffffff, ABSOLUTE)

    Base Addr    Size         Type   Attr      Idx    E Section Name        Object

    0x0080e400   0x00000008   Code   RO          781    RESET               startup_rtl8762c.o


    Execution Region FLASH_TEXT (Base: 0x0080e408, Size: 0x00002fb4, Max: 0xffffffff, ABSOLUTE)

    Base Addr    Size         Type   Attr      Idx    E Section Name        Object

    0x0080e408   0x00000008   Code   RO          924  * !!!main             c_w.l(__main.o)
    0x0080e410   0x00000034   Code   RO         1046    !!!scatter          c_w.l(__scatter.o)
    0x0080e444   0x0000001a   Code   RO         1048    !!handler_copy      c_w.l(__scatter_copy.o)
    0x0080e45e   0x00000002   PAD
    0x0080e460   0x0000001c   Code   RO         1050    !!handler_zi        c_w.l(__scatter_zi.o)
    0x0080e47c   0x00000002   Code   RO         1000    .ARM.Collect$$libinit$$00000000  c_w.l(libinit.o)
    0x0080e47e   0x00000004   Code   RO          927    .ARM.Collect$$libinit$$00000001  c_w.l(libinit2.o)
    0x0080e482   0x00000000   Code   RO          930    .ARM.Collect$$libinit$$00000004  c_w.l(libinit2.o)
    0x0080e482   0x00000000   Code   RO          933    .ARM.Collect$$libinit$$0000000A  c_w.l(libinit2.o)
    0x0080e482   0x00000000   Code   RO          935    .ARM.Collect$$libinit$$0000000C  c_w.l(libinit2.o)
    0x0080e482   0x00000004   Code   RO          936    .ARM.Collect$$libinit$$0000000D  c_w.l(libinit2.o)
    0x0080e486   0x00000000   Code   RO          937    .ARM.Collect$$libinit$$0000000E  c_w.l(libinit2.o)
    0x0080e486   0x00000000   Code   RO          940    .ARM.Collect$$libinit$$00000011  c_w.l(libinit2.o)
    0x0080e486   0x00000000   Code   RO          942    .ARM.Collect$$libinit$$00000013  c_w.l(libinit2.o)
    0x0080e486   0x00000000   Code   RO          944    .ARM.Collect$$libinit$$00000015  c_w.l(libinit2.o)
    0x0080e486   0x00000000   Code   RO          946    .ARM.Collect$$libinit$$00000017  c_w.l(libinit2.o)
    0x0080e486   0x00000000   Code   RO          948    .ARM.Collect$$libinit$$00000019  c_w.l(libinit2.o)
    0x0080e486   0x00000000   Code   RO          950    .ARM.Collect$$libinit$$0000001B  c_w.l(libinit2.o)
    0x0080e486   0x00000000   Code   RO          952    .ARM.Collect$$libinit$$0000001D  c_w.l(libinit2.o)
    0x0080e486   0x00000000   Code   RO          954    .ARM.Collect$$libinit$$0000001F  c_w.l(libinit2.o)
    0x0080e486   0x00000000   Code   RO          956    .ARM.Collect$$libinit$$00000021  c_w.l(libinit2.o)
    0x0080e486   0x00000000   Code   RO          958    .ARM.Collect$$libinit$$00000023  c_w.l(libinit2.o)
    0x0080e486   0x00000000   Code   RO          960    .ARM.Collect$$libinit$$00000025  c_w.l(libinit2.o)
    0x0080e486   0x00000000   Code   RO          964    .ARM.Collect$$libinit$$0000002C  c_w.l(libinit2.o)
    0x0080e486   0x00000000   Code   RO          966    .ARM.Collect$$libinit$$0000002E  c_w.l(libinit2.o)
    0x0080e486   0x00000000   Code   RO          968    .ARM.Collect$$libinit$$00000030  c_w.l(libinit2.o)
    0x0080e486   0x00000000   Code   RO          970    .ARM.Collect$$libinit$$00000032  c_w.l(libinit2.o)
    0x0080e486   0x00000002   Code   RO          971    .ARM.Collect$$libinit$$00000033  c_w.l(libinit2.o)
    0x0080e488   0x00000000   Code   RO          926    .ARM.Collect$$rtentry$$00000000  c_w.l(__rtentry.o)
    0x0080e488   0x00000000   Code   RO          973    .ARM.Collect$$rtentry$$00000002  c_w.l(__rtentry2.o)
    0x0080e488   0x00000006   Code   RO          985    .ARM.Collect$$rtentry$$00000004  c_w.l(__rtentry4.o)
    0x0080e48e   0x00000000   Code   RO          975    .ARM.Collect$$rtentry$$00000009  c_w.l(__rtentry2.o)
    0x0080e48e   0x00000004   Code   RO          976    .ARM.Collect$$rtentry$$0000000A  c_w.l(__rtentry2.o)
    0x0080e492   0x00000000   Code   RO          978    .ARM.Collect$$rtentry$$0000000C  c_w.l(__rtentry2.o)
    0x0080e492   0x00000008   Code   RO          979    .ARM.Collect$$rtentry$$0000000D  c_w.l(__rtentry2.o)
    0x0080e49a   0x00000002   PAD
    0x0080e49c   0x00000280   Code   RO            4    .app.flash.text     system_rtl8762c.o
    0x0080e71c   0x00000034   Code   RO          919    .emb_text           c_w.l(rand.o)
    0x0080e750   0x00000140   Code   RO            7    .text               system_rtl8762c.o
    0x0080e890   0x000000fc   Code   RO          172    .text               app_task.o
    0x0080e98c   0x000004e4   Code   RO          274    .text               iohandle.o
    0x0080ee70   0x00000368   Code   RO          385    .text               main.o
    0x0080f1d8   0x00000020   Code   RO          467    .text               rtl876x_io_dlps.o
    0x0080f1f8   0x00000184   Code   RO          513    .text               rtl876x_gpio.o
    0x0080f37c   0x00000358   Code   RO          551    .text               rtl876x_rcc.o
    0x0080f6d4   0x000000a4   Code   RO          572    .text               ias.o
    0x0080f778   0x00000124   Code   RO          600    .text               lls.o
    0x0080f89c   0x000000cc   Code   RO          621    .text               tps.o
    0x0080f968   0x0000016c   Code   RO          641    .text               bas.o
    0x0080fad4   0x0000017c   Code   RO          664    .text               kns.o
    0x0080fc50   0x00000284   Code   RO          687    .text               dis.o
    0x0080fed4   0x000007b4   Code   RO          715    .text               pxp_app.o
    0x00810688   0x0000007c   Code   RO          759    .text               overlay_mgr.o
    0x00810704   0x00000050   Code   RO          782    .text               startup_rtl8762c.o
    0x00810754   0x00000088   Code   RO          789    .text               gap_utils.lib(gap_lib.o)
    0x008107dc   0x00000210   Code   RO          849    .text               gap_utils.lib(gap_lib_patch.o)
    0x008109ec   0x00000110   Code   RO          903    .text               gap_utils.lib(gap_vendor_cmd.o)
    0x00810afc   0x0000003c   Code   RO          920    .text               c_w.l(rand.o)
    0x00810b38   0x0000000a   Code   RO          989    x$fpl$fpinit        fz_wm.l(fpinit.o)
    0x00810b42   0x00000002   PAD
    0x00810b44   0x00000020   Data   RO           11    .constdata          system_rtl8762c.o
    0x00810b64   0x0000010c   Data   RO           12    .constdata          system_rtl8762c.o
    0x00810c70   0x00000026   Data   RO          175    .constdata          app_task.o
    0x00810c96   0x00000002   PAD
    0x00810c98   0x00000028   Data   RO          387    .constdata          main.o
    0x00810cc0   0x00000060   Data   RO          575    .constdata          ias.o
    0x00810d20   0x00000060   Data   RO          603    .constdata          lls.o
    0x00810d80   0x00000060   Data   RO          624    .constdata          tps.o
    0x00810de0   0x0000007c   Data   RO          644    .constdata          bas.o
    0x00810e5c   0x00000010   Data   RO          667    .constdata          kns.o
    0x00810e6c   0x000000b4   Data   RO          668    .constdata          kns.o
    0x00810f20   0x00000220   Data   RO          690    .constdata          dis.o
    0x00811140   0x00000220   Data   RO           13    .conststring        system_rtl8762c.o
    0x00811360   0x00000019   Data   RO          761    .conststring        overlay_mgr.o
    0x00811379   0x00000003   PAD
    0x0081137c   0x00000040   Data   RO         1044    Region$$Table       anon$$obj.o



  Load Region LOAD_APP_TRACE (Base: 0x08800000, Size: 0x00001168, Max: 0x00400000, ABSOLUTE)

    Execution Region App.trace (Base: 0x08800000, Size: 0x00001168, Max: 0x00400000, ABSOLUTE)

    Base Addr    Size         Type   Attr      Idx    E Section Name        Object

    0x08800000   0x000000e6   Data   RO            8    .TRACE              system_rtl8762c.o
    0x088000e6   0x00000002   PAD
    0x088000e8   0x00000038   Data   RO          173    .TRACE              app_task.o
    0x08800120   0x00000110   Data   RO          275    .TRACE              iohandle.o
    0x08800230   0x00000012   Data   RO          386    .TRACE              main.o
    0x08800242   0x00000002   PAD
    0x08800244   0x0000002a   Data   RO          468    .TRACE              rtl876x_io_dlps.o
    0x0880026e   0x00000002   PAD
    0x08800270   0x00000052   Data   RO          573    .TRACE              ias.o
    0x088002c2   0x00000002   PAD
    0x088002c4   0x000000ea   Data   RO          601    .TRACE              lls.o
    0x088003ae   0x00000002   PAD
    0x088003b0   0x000000b2   Data   RO          622    .TRACE              tps.o
    0x08800462   0x00000002   PAD
    0x08800464   0x000000ce   Data   RO          642    .TRACE              bas.o
    0x08800532   0x00000002   PAD
    0x08800534   0x0000011a   Data   RO          665    .TRACE              kns.o
    0x0880064e   0x00000002   PAD
    0x08800650   0x0000009e   Data   RO          688    .TRACE              dis.o
    0x088006ee   0x00000002   PAD
    0x088006f0   0x00000820   Data   RO          716    .TRACE              pxp_app.o
    0x08800f10   0x00000191   Data   RO          790    .TRACE              gap_utils.lib(gap_lib.o)
    0x088010a1   0x00000003   PAD
    0x088010a4   0x000000c1   Data   RO          850    .TRACE              gap_utils.lib(gap_lib_patch.o)


==============================================================================

Image component sizes


      Code (inc. data)   RO Data    RW Data    ZI Data      Debug   Object Name

       252         20         94          0         12      31041   app_task.o
       364         16        330          0          8       4682   bas.o
       644         50        702         46        132       5576   dis.o
       164         18        178          0          4       2873   ias.o
      1252         80        272          0         24      38418   iohandle.o
       380         22        478          4          4       4792   kns.o
       292         16        330          0          8       3964   lls.o
       872        116         58         36          0      33792   main.o
       124         10         25        108          8       4104   overlay_mgr.o
      1972        210       2080          8         12      13176   pxp_app.o
       388         10          0          0          0      33404   rtl876x_gpio.o
       584         34         42          0        220       4099   rtl876x_io_dlps.o
       856         32          0          0          0       3073   rtl876x_rcc.o
        88         66        244          0          0        856   startup_rtl8762c.o
      1444        256       2098          4         16      78658   system_rtl8762c.o
       204         16        274          0          8       3240   tps.o

    ----------------------------------------------------------------------
      9880        972       7292        208        456     265748   Object Totals
         0          0         64          0          0          0   (incl. Generated)
         0          0         23          2          0          0   (incl. Padding)

    ----------------------------------------------------------------------

      Code (inc. data)   RO Data    RW Data    ZI Data      Debug   Library Member Name

         8          0          0          0          0         68   __main.o
         0          0          0          0          0          0   __rtentry.o
        12          0          0          0          0          0   __rtentry2.o
         6          0          0          0          0          0   __rtentry4.o
        52          8          0          0          0          0   __scatter.o
        26          0          0          0          0          0   __scatter_copy.o
        28          0          0          0          0          0   __scatter_zi.o
         2          0          0          0          0          0   libinit.o
        10          0          0          0          0          0   libinit2.o
       112         18          0          0        228        160   rand.o
        10          0          0          0          0        116   fpinit.o
       136         10        401          0          0      67670   gap_lib.o
       528         40        193          0          0       5877   gap_lib_patch.o
       272         14          0          0          0       3767   gap_vendor_cmd.o

    ----------------------------------------------------------------------
      1208         90        600          0        228      77658   Library Totals
         6          0          6          0          0          0   (incl. Padding)

    ----------------------------------------------------------------------

      Code (inc. data)   RO Data    RW Data    ZI Data      Debug   Library Name

       256         26          0          0        228        228   c_w.l
        10          0          0          0          0        116   fz_wm.l
       936         64        594          0          0      77314   gap_utils.lib

    ----------------------------------------------------------------------
      1208         90        600          0        228      77658   Library Totals

    ----------------------------------------------------------------------

==============================================================================


      Code (inc. data)   RO Data    RW Data    ZI Data      Debug   

     11088       1062       7892        208        684     341158   Grand Totals
     11088       1062       7892        208        684     341158   ELF Image Totals
     11088       1062       7892        208          0          0   ROM Totals

==============================================================================

    Total RO  Size (Code + RO Data)                18980 (  18.54kB)
    Total RW  Size (RW Data + ZI Data)               892 (   0.87kB)
    Total ROM Size (Code + RO Data + RW Data)      19188 (  18.74kB)

==============================================================================

