<html>
<body>
<pre>
<h1>µVision Build Log</h1>
<h2>Tool Versions:</h2>
IDE-Version: ¦ÌVision V5.25.2.0
Copyright (C) 2018 ARM Ltd and ARM Germany GmbH. All rights reserved.
License Information: 11 Microsoft, Microsoft, LIC=14HKP-MQ3TU-I5ETC-75Z76-7TG5H-4F380
 
Tool Versions:
Toolchain:       MDK-ARM Plus  Version: 5.25.2.0
Toolchain Path:  D:\Keil_v5\ARM\ARMCC\Bin
C Compiler:      Armcc.exe V5.06 update 6 (build 750)
Assembler:       Armasm.exe V5.06 update 6 (build 750)
Linker/Locator:  ArmLink.exe V5.06 update 6 (build 750)
Library Manager: ArmAr.exe V5.06 update 6 (build 750)
Hex Converter:   FromElf.exe V5.06 update 6 (build 750)
CPU DLL:         SARMCM3.DLL V5.25.2.0
Dialog DLL:      DCM.DLL V1.17.1.0
Target DLL:      Segger\JL2CM3.dll V2.99.29.0
Dialog DLL:      TCM.DLL V1.35.1.0
 
<h2>Project:</h2>
F:\zhoulonghui\Project-201902-before\À¶ÑÀMESH\REALTEK\SDK\00011936-BEE2-SDK-v1.0.2\BEE2-SDK-v1.0.2\board\evb\pxp\pxp.uvprojx
Project File Date:  03/23/2019

<h2>Output:</h2>
*** Using Compiler 'V5.06 update 6 (build 750)', folder: 'D:\Keil_v5\ARM\ARMCC\Bin'
Build target 'scatternet'
Before Build - User command #1: ..\..\..\tool\before_build_common.bat D:\Keil_v5\
before_build_common bat
Before Build - User command #2: before_build_special.bat
build_before_special bat
assembling startup_rtl8762c.s...
compiling main.c...
linking...
Program Size: Code=10200 RO-data=7620 RW-data=204 ZI-data=444  
After Build - User command #1: ..\..\..\tool\after_build_common.bat D:\Keil_v5\ARM\ARMCC\include F:\zhoulonghui\Project-201902-before\À¶ÑÀMESH\REALTEK\SDK\00011936-BEE2-SDK-v1.0.2\BEE2-SDK-v1.0.2\board\evb\pxp\Objects\app.axf app
Plain text image.
Generating SHA256...
SHA256 = 2BE2CA67D452B2025627D8BC437316F5EA63B2EBADE23874A5E600BBCD509E32
MP header appending start...
No BinDependence...
No Comment...
No Author...
No Date...
MP header appending OK!
go encrypt.
Output Image: bin\app-97e4b0b9058daaad897375c56bd38d0f.bin
Backup Disasm: bin\app-97e4b0b9058daaad897375c56bd38d0f.disasm
Output Image: bin\app_MP_sdk#####_1.0.2.0_2a83aca8-850384ea36568956c887bae391b60af7.bin
After Build - User command #2: after_build_special.bat
build_before_special bat
".\Objects\app.axf" - 0 Error(s), 0 Warning(s).

<h2>Software Packages used:</h2>

Package Vendor: ARM
                http://www.keil.com/pack/ARM.CMSIS.5.3.0.pack
                ARM.CMSIS.5.3.0
                CMSIS (Cortex Microcontroller Software Interface Standard)

<h2>Collection of Component include folders:</h2>
  .\RTE\_scatternet
  D:\Keil_v5\ARM\CMSIS\5.3.0\Device\ARM\ARMCM4\Include

<h2>Collection of Component Files used:</h2>
Build Time Elapsed:  00:00:03
</pre>
</body>
</html>
