<html>
<body>
<pre>
<h1>╡Vision Build Log</h1>
<h2>Tool Versions:</h2>
IDE-Version: ╡Vision V5.23.0.0
Copyright (C) 2017 ARM Ltd and ARM Germany GmbH. All rights reserved.
License Information: TestTest TestTest, Test, LIC=----
 
Tool Versions:
Toolchain:       MDK-Lite  Version: 5.23
Toolchain Path:  C:\Keil_v5\ARM\ARMCC\Bin
C Compiler:      Armcc.exe V5.06 update 4 (build 422)
Assembler:       Armasm.exe V5.06 update 4 (build 422)
Linker/Locator:  ArmLink.exe V5.06 update 4 (build 422)
Library Manager: ArmAr.exe V5.06 update 4 (build 422)
Hex Converter:   FromElf.exe V5.06 update 4 (build 422)
CPU DLL:         SARMCM3.DLL V5.23
Dialog DLL:      DCM.DLL V1.15.0.0
Target DLL:      Segger\JL2CM3.dll V2.99.23.0
Dialog DLL:      TCM.DLL V1.27.0.0
 
<h2>Project:</h2>
W:\git\RTL8763BF\project\keilproject\rtl8763bf.uvprojx
Project File Date:  09/04/2022

<h2>Output:</h2>
*** Using Compiler 'V5.06 update 4 (build 422)', folder: 'C:\Keil_v5\ARM\ARMCC\Bin'
*** Note: Rebuilding project, since 'Options->Output->Create Batch File' is selected.
Rebuild target 'RTL8786BF'
Before Build - User command #1: ..\include\SDK\tool\before_build_common.bat C:\Keil_v5\
before_build_common bat
Before Build - User command #2: before_build_special.bat
build_before_special bat
compiling system_rtl8762c.c...
compiling app_task.c...
compiling iohandle.c...
compiling main.c...
compiling rtl876x_io_dlps.c...
compiling rtl876x_gpio.c...
compiling rtl876x_rcc.c...
compiling ias.c...
compiling lls.c...
compiling tps.c...
compiling bas.c...
compiling kns.c...
compiling dis.c...
compiling pxp_app.c...
compiling overlay_mgr.c...
assembling startup_rtl8762c.s...
linking...
Program Size: Code=10200 RO-data=7620 RW-data=204 ZI-data=444  
FromELF: creating hex file...
After Build - User command #1: ..\include\SDK\tool\after_build_common.bat C:\Keil_v5\ARM\ARMCC\include W:\git\RTL8763BF\project\keilproject\Objects\rtp8763_demo.axf rtp8763_demo
Системе не удается найти указанный путь.
Системе не удается найти указанный путь.
Системе не удается найти указанный путь.
Не удается найти W:\git\RTL8763BF\project\keilproject\bin\rtp8763_demo_MP.bin
After Build - User command #2: after_build_special.bat
build_before_special bat
".\Objects\rtp8763_demo.axf" - 0 Error(s), 0 Warning(s).

<h2>Collection of Component include folders:</h2>
  .\RTE\_RTL8786BF
  C:\Keil_v5\ARM\PACK\ARM\CMSIS\5.0.1\Device\ARM\ARMCM4\Include

<h2>Collection of Component Files used:</h2>
Build Time Elapsed:  00:00:05
</pre>
</body>
</html>
