<!doctype html public "-//w3c//dtd html 4.0 transitional//en">
<html><head>
<title>Static Call Graph - [.\Objects\app.axf]</title></head>
<body><HR>
<H1>Static Call Graph for image .\Objects\app.axf</H1><HR>
<BR><P>#&#060CALLGRAPH&#062# ARM Linker, 5060750: Last Updated: Tue Apr 02 17:28:55 2019
<BR><P>
<H3>Maximum Stack Usage =        136 bytes + Unknown(Untraceable Function Pointers)</H3><H3>
Call chain for Maximum Stack Depth:</H3>
common_main &rArr; main &rArr; Driver_ADC_init &rArr; ADC_Init
<P>
<H3>
Function Pointers
</H3><UL>
 <LI><a href="#[1e]">ADC_Handler</a> from main.o(.text) referenced from startup_rtl8762c.o(VECTOR)
 <LI><a href="#[f]">BTMAC_Handler</a> from startup_rtl8762c.o(.text) referenced from startup_rtl8762c.o(VECTOR)
 <LI><a href="#[7]">BusFault_Handler</a> from startup_rtl8762c.o(.text) referenced from startup_rtl8762c.o(VECTOR)
 <LI><a href="#[a]">DebugMon_Handler</a> from startup_rtl8762c.o(.text) referenced from startup_rtl8762c.o(VECTOR)
 <LI><a href="#[3b]">Default_Handler</a> from startup_rtl8762c.o(.text) referenced from system_rtl8762c.o(.app.overlay_a)
 <LI><a href="#[20]">GDMA0_Channel0_Handler</a> from startup_rtl8762c.o(.text) referenced from startup_rtl8762c.o(VECTOR)
 <LI><a href="#[21]">GDMA0_Channel1_Handler</a> from startup_rtl8762c.o(.text) referenced from startup_rtl8762c.o(VECTOR)
 <LI><a href="#[22]">GDMA0_Channel2_Handler</a> from startup_rtl8762c.o(.text) referenced from startup_rtl8762c.o(VECTOR)
 <LI><a href="#[23]">GDMA0_Channel3_Handler</a> from startup_rtl8762c.o(.text) referenced from startup_rtl8762c.o(VECTOR)
 <LI><a href="#[24]">GDMA0_Channel4_Handler</a> from startup_rtl8762c.o(.text) referenced from startup_rtl8762c.o(VECTOR)
 <LI><a href="#[25]">GDMA0_Channel5_Handler</a> from startup_rtl8762c.o(.text) referenced from startup_rtl8762c.o(VECTOR)
 <LI><a href="#[15]">GPIO4_Handler</a> from startup_rtl8762c.o(.text) referenced from startup_rtl8762c.o(VECTOR)
 <LI><a href="#[16]">GPIO5_Handler</a> from startup_rtl8762c.o(.text) referenced from startup_rtl8762c.o(VECTOR)
 <LI><a href="#[2a]">GPIO_Group0_Handler</a> from system_rtl8762c.o(.ram.dataon.data) referenced from startup_rtl8762c.o(VECTOR)
 <LI><a href="#[29]">GPIO_Group1_Handler</a> from system_rtl8762c.o(.ram.dataon.data) referenced from startup_rtl8762c.o(VECTOR)
 <LI><a href="#[27]">GPIO_Group2_Handler</a> from system_rtl8762c.o(.ram.dataon.data) referenced from startup_rtl8762c.o(VECTOR)
 <LI><a href="#[26]">GPIO_Group3_Handler</a> from system_rtl8762c.o(.ram.dataon.data) referenced from startup_rtl8762c.o(VECTOR)
 <LI><a href="#[5]">HardFault_Handler</a> from startup_rtl8762c.o(.text) referenced 2 times from startup_rtl8762c.o(VECTOR)
 <LI><a href="#[1c]">I2C0_Handler</a> from startup_rtl8762c.o(.text) referenced from startup_rtl8762c.o(VECTOR)
 <LI><a href="#[1d]">I2C1_Handler</a> from startup_rtl8762c.o(.text) referenced from startup_rtl8762c.o(VECTOR)
 <LI><a href="#[13]">I2S0_RX_Handler</a> from startup_rtl8762c.o(.text) referenced from startup_rtl8762c.o(VECTOR)
 <LI><a href="#[12]">I2S0_TX_Handler</a> from startup_rtl8762c.o(.text) referenced from startup_rtl8762c.o(VECTOR)
 <LI><a href="#[37]">I2S1_RX_Handler</a> from startup_rtl8762c.o(.text) referenced from startup_rtl8762c.o(VECTOR)
 <LI><a href="#[36]">I2S1_TX_Handler</a> from startup_rtl8762c.o(.text) referenced from startup_rtl8762c.o(VECTOR)
 <LI><a href="#[28]">IR_Handler</a> from startup_rtl8762c.o(.text) referenced from startup_rtl8762c.o(VECTOR)
 <LI><a href="#[32]">Keyscan_Handler</a> from startup_rtl8762c.o(.text) referenced from startup_rtl8762c.o(VECTOR)
 <LI><a href="#[38]">LCD_Handler</a> from startup_rtl8762c.o(.text) referenced from startup_rtl8762c.o(VECTOR)
 <LI><a href="#[34]">LPCOMP_Handler</a> from startup_rtl8762c.o(.text) referenced from startup_rtl8762c.o(VECTOR)
 <LI><a href="#[6]">MemManage_Handler</a> from startup_rtl8762c.o(.text) referenced from startup_rtl8762c.o(VECTOR)
 <LI><a href="#[4]">NMI_Handler</a> from startup_rtl8762c.o(.text) referenced from startup_rtl8762c.o(VECTOR)
 <LI><a href="#[35]">PTA_Mailbox_Handler</a> from startup_rtl8762c.o(.text) referenced from startup_rtl8762c.o(VECTOR)
 <LI><a href="#[b]">PendSV_Handler</a> from startup_rtl8762c.o(.text) referenced from startup_rtl8762c.o(VECTOR)
 <LI><a href="#[1f]">Peripheral_Handler</a> from startup_rtl8762c.o(.text) referenced from startup_rtl8762c.o(VECTOR)
 <LI><a href="#[31]">Qdecode_Handler</a> from startup_rtl8762c.o(.text) referenced from startup_rtl8762c.o(VECTOR)
 <LI><a href="#[19]">RTC_Handler</a> from startup_rtl8762c.o(.text) referenced from startup_rtl8762c.o(VECTOR)
 <LI><a href="#[3]">Reset_Handler</a> from startup_rtl8762c.o(RESET) referenced from startup_rtl8762c.o(VECTOR)
 <LI><a href="#[1a]">SPI0_Handler</a> from startup_rtl8762c.o(.text) referenced from startup_rtl8762c.o(VECTOR)
 <LI><a href="#[1b]">SPI1_Handler</a> from startup_rtl8762c.o(.text) referenced from startup_rtl8762c.o(VECTOR)
 <LI><a href="#[33]">SPI2W_Handler</a> from startup_rtl8762c.o(.text) referenced from startup_rtl8762c.o(VECTOR)
 <LI><a href="#[30]">SPI_Flash_Handler</a> from startup_rtl8762c.o(.text) referenced from startup_rtl8762c.o(VECTOR)
 <LI><a href="#[9]">SVC_Handler</a> from startup_rtl8762c.o(.text) referenced from startup_rtl8762c.o(VECTOR)
 <LI><a href="#[c]">SysTick_Handler</a> from startup_rtl8762c.o(.text) referenced from startup_rtl8762c.o(VECTOR)
 <LI><a href="#[1]">SystemInit</a> from system_rtl8762c.o(.app.flash.text) referenced from startup_rtl8762c.o(RESET)
 <LI><a href="#[d]">System_Handler</a> from startup_rtl8762c.o(.text) referenced from startup_rtl8762c.o(VECTOR)
 <LI><a href="#[11]">Timer2_Handler</a> from startup_rtl8762c.o(.text) referenced from startup_rtl8762c.o(VECTOR)
 <LI><a href="#[10]">Timer3_Handler</a> from startup_rtl8762c.o(.text) referenced from startup_rtl8762c.o(VECTOR)
 <LI><a href="#[14]">Timer4_7_Handler</a> from startup_rtl8762c.o(.text) referenced from startup_rtl8762c.o(VECTOR)
 <LI><a href="#[2c]">Timer4_Handler</a> from startup_rtl8762c.o(.text) referenced from startup_rtl8762c.o(VECTOR)
 <LI><a href="#[2d]">Timer5_Handler</a> from startup_rtl8762c.o(.text) referenced from startup_rtl8762c.o(VECTOR)
 <LI><a href="#[2e]">Timer6_Handler</a> from startup_rtl8762c.o(.text) referenced from startup_rtl8762c.o(VECTOR)
 <LI><a href="#[2f]">Timer7_Handler</a> from startup_rtl8762c.o(.text) referenced from startup_rtl8762c.o(VECTOR)
 <LI><a href="#[18]">UART0_Handler</a> from startup_rtl8762c.o(.text) referenced from startup_rtl8762c.o(VECTOR)
 <LI><a href="#[17]">UART1_Handler</a> from startup_rtl8762c.o(.text) referenced from startup_rtl8762c.o(VECTOR)
 <LI><a href="#[2b]">UART2_Handler</a> from startup_rtl8762c.o(.text) referenced from startup_rtl8762c.o(VECTOR)
 <LI><a href="#[8]">UsageFault_Handler</a> from startup_rtl8762c.o(.text) referenced from startup_rtl8762c.o(VECTOR)
 <LI><a href="#[e]">WDG_Handler</a> from startup_rtl8762c.o(.text) referenced from startup_rtl8762c.o(VECTOR)
 <LI><a href="#[3a]">app_cb0_wdg_reset</a> from system_rtl8762c.o(.text) referenced from system_rtl8762c.o(.constdata)
 <LI><a href="#[2]">common_main</a> from system_rtl8762c.o(.text) referenced from system_rtl8762c.o(.app.flash.text)
 <LI><a href="#[39]">log_direct</a> from ROM.lib(ABSOLUTE) referenced from startup_rtl8762c.o(.text)
</UL>
<P>
<H3>
Global Symbols
</H3>
<P><STRONG><a name="[4b]"></a>RamVectorTableInit</STRONG> (Thumb, 0 bytes, Stack size 0 bytes, ROM.lib(ABSOLUTE), UNUSED)
<BR><BR>[Called By]<UL><LI><a href="#[48]">&gt;&gt;</a>&nbsp;&nbsp;&nbsp;AppUpdateVectorTable
</UL>

<P><STRONG><a name="[76]"></a>SystemCall</STRONG> (Thumb, 0 bytes, Stack size 0 bytes, ROM.lib(ABSOLUTE), UNUSED)
<BR><BR>[Called By]<UL><LI><a href="#[75]">&gt;&gt;</a>&nbsp;&nbsp;&nbsp;WDG_SystemReset
</UL>

<P><STRONG><a name="[39]"></a>log_direct</STRONG> (Thumb, 0 bytes, Stack size 0 bytes, ROM.lib(ABSOLUTE))
<BR><BR>[Called By]<UL><LI><a href="#[2]">&gt;&gt;</a>&nbsp;&nbsp;&nbsp;common_main
</UL>
<BR>[Address Reference Count : 1]<UL><LI> startup_rtl8762c.o(.text)
</UL>
<P><STRONG><a name="[47]"></a>log_buffer</STRONG> (Thumb, 0 bytes, Stack size 0 bytes, ROM.lib(ABSOLUTE), UNUSED)
<BR><BR>[Called By]<UL><LI><a href="#[43]">&gt;&gt;</a>&nbsp;&nbsp;&nbsp;pre_main
<LI><a href="#[48]">&gt;&gt;</a>&nbsp;&nbsp;&nbsp;AppUpdateVectorTable
</UL>

<P><STRONG><a name="[46]"></a>trace_string</STRONG> (Thumb, 0 bytes, Stack size 0 bytes, ROM.lib(ABSOLUTE), UNUSED)
<BR><BR>[Called By]<UL><LI><a href="#[43]">&gt;&gt;</a>&nbsp;&nbsp;&nbsp;pre_main
<LI><a href="#[48]">&gt;&gt;</a>&nbsp;&nbsp;&nbsp;AppUpdateVectorTable
</UL>

<P><STRONG><a name="[78]"></a>flash_ioctl</STRONG> (Thumb, 0 bytes, Stack size 0 bytes, ROM.lib(ABSOLUTE), UNUSED)
<BR><BR>[Called By]<UL><LI><a href="#[77]">&gt;&gt;</a>&nbsp;&nbsp;&nbsp;flash_try_high_speed
</UL>

<P><STRONG><a name="[89]"></a>NVIC_Init</STRONG> (Thumb, 0 bytes, Stack size 0 bytes, ROM.lib(ABSOLUTE))
<BR><BR>[Called By]<UL><LI><a href="#[86]">&gt;&gt;</a>&nbsp;&nbsp;&nbsp;Driver_ADC_init
</UL>

<P><STRONG><a name="[85]"></a>Pinmux_Config</STRONG> (Thumb, 0 bytes, Stack size 0 bytes, ROM.lib(ABSOLUTE))
<BR><BR>[Called By]<UL><LI><a href="#[83]">&gt;&gt;</a>&nbsp;&nbsp;&nbsp;Board_ADC_init
</UL>

<P><STRONG><a name="[84]"></a>Pad_Config</STRONG> (Thumb, 0 bytes, Stack size 0 bytes, ROM.lib(ABSOLUTE))
<BR><BR>[Called By]<UL><LI><a href="#[83]">&gt;&gt;</a>&nbsp;&nbsp;&nbsp;Board_ADC_init
</UL>

<P><STRONG><a name="[73]"></a>WDG_Disable</STRONG> (Thumb, 0 bytes, Stack size 0 bytes, ROM.lib(ABSOLUTE))
<BR><BR>[Called By]<UL><LI><a href="#[53]">&gt;&gt;</a>&nbsp;&nbsp;&nbsp;main
<LI><a href="#[2]">&gt;&gt;</a>&nbsp;&nbsp;&nbsp;common_main
</UL>

<P><STRONG><a name="[74]"></a>os_sched_start</STRONG> (Thumb, 0 bytes, Stack size 0 bytes, ROM.lib(ABSOLUTE))
<BR><BR>[Called By]<UL><LI><a href="#[2]">&gt;&gt;</a>&nbsp;&nbsp;&nbsp;common_main
</UL>

<P><STRONG><a name="[7a]"></a>btaon_fast_read_safe</STRONG> (Thumb, 0 bytes, Stack size 0 bytes, ROM.lib(ABSOLUTE))
<BR><BR>[Called By]<UL><LI><a href="#[80]">&gt;&gt;</a>&nbsp;&nbsp;&nbsp;ADC_AnalogCircuitConfig
<LI><a href="#[79]">&gt;&gt;</a>&nbsp;&nbsp;&nbsp;ADC_Init
</UL>

<P><STRONG><a name="[7b]"></a>btaon_fast_write</STRONG> (Thumb, 0 bytes, Stack size 0 bytes, ROM.lib(ABSOLUTE))
<BR><BR>[Called By]<UL><LI><a href="#[80]">&gt;&gt;</a>&nbsp;&nbsp;&nbsp;ADC_AnalogCircuitConfig
<LI><a href="#[79]">&gt;&gt;</a>&nbsp;&nbsp;&nbsp;ADC_Init
</UL>

<P><STRONG><a name="[45]"></a>setlocale</STRONG> (Thumb, 0 bytes, Stack size 0 bytes, ROM.lib(ABSOLUTE), UNUSED)
<BR><BR>[Called By]<UL><LI><a href="#[43]">&gt;&gt;</a>&nbsp;&nbsp;&nbsp;pre_main
</UL>

<P><STRONG><a name="[81]"></a>memcmp</STRONG> (Thumb, 0 bytes, Stack size 0 bytes, ROM.lib(ABSOLUTE), UNUSED)
<BR><BR>[Called By]<UL><LI><a href="#[82]">&gt;&gt;</a>&nbsp;&nbsp;&nbsp;get_current_scenario_index
<LI><a href="#[44]">&gt;&gt;</a>&nbsp;&nbsp;&nbsp;load_overlay
</UL>

<P><STRONG><a name="[41]"></a>__aeabi_memcpy</STRONG> (Thumb, 0 bytes, Stack size 0 bytes, ROM.lib(ABSOLUTE), UNUSED)
<BR><BR>[Called By]<UL><LI><a href="#[44]">&gt;&gt;</a>&nbsp;&nbsp;&nbsp;load_overlay
<LI><a href="#[40]">&gt;&gt;</a>&nbsp;&nbsp;&nbsp;ram_init
</UL>

<P><STRONG><a name="[4a]"></a>__aeabi_memcpy4</STRONG> (Thumb, 0 bytes, Stack size 0 bytes, ROM.lib(ABSOLUTE), UNUSED)
<BR><BR>[Called By]<UL><LI><a href="#[48]">&gt;&gt;</a>&nbsp;&nbsp;&nbsp;AppUpdateVectorTable
</UL>

<P><STRONG><a name="[42]"></a>__aeabi_memclr</STRONG> (Thumb, 0 bytes, Stack size 0 bytes, ROM.lib(ABSOLUTE), UNUSED)
<BR><BR>[Called By]<UL><LI><a href="#[44]">&gt;&gt;</a>&nbsp;&nbsp;&nbsp;load_overlay
<LI><a href="#[40]">&gt;&gt;</a>&nbsp;&nbsp;&nbsp;ram_init
</UL>

<P><STRONG><a name="[54]"></a>exit</STRONG> (Thumb, 0 bytes, Stack size 0 bytes, ROM.lib(ABSOLUTE))
<BR><BR>[Called By]<UL><LI><a href="#[52]">&gt;&gt;</a>&nbsp;&nbsp;&nbsp;__rt_entry_main
</UL>

<P><STRONG><a name="[51]"></a>__rt_lib_init</STRONG> (Thumb, 0 bytes, Stack size unknown bytes, libinit.o(.ARM.Collect$$libinit$$00000000))
<BR><BR>[Called By]<UL><LI><a href="#[50]">&gt;&gt;</a>&nbsp;&nbsp;&nbsp;__rt_entry_li
</UL>

<P><STRONG><a name="[4c]"></a>__rt_lib_init_fp_1</STRONG> (Thumb, 0 bytes, Stack size unknown bytes, libinit2.o(.ARM.Collect$$libinit$$00000001))
<BR><BR>[Calls]<UL><LI><a href="#[4d]">&gt;&gt;</a>&nbsp;&nbsp;&nbsp;_fp_init
</UL>

<P><STRONG><a name="[9f]"></a>__rt_lib_init_alloca_1</STRONG> (Thumb, 0 bytes, Stack size unknown bytes, libinit2.o(.ARM.Collect$$libinit$$0000002E))

<P><STRONG><a name="[a0]"></a>__rt_lib_init_argv_1</STRONG> (Thumb, 0 bytes, Stack size unknown bytes, libinit2.o(.ARM.Collect$$libinit$$0000002C))

<P><STRONG><a name="[a1]"></a>__rt_lib_init_atexit_1</STRONG> (Thumb, 0 bytes, Stack size unknown bytes, libinit2.o(.ARM.Collect$$libinit$$0000001B))

<P><STRONG><a name="[a2]"></a>__rt_lib_init_clock_1</STRONG> (Thumb, 0 bytes, Stack size unknown bytes, libinit2.o(.ARM.Collect$$libinit$$00000021))

<P><STRONG><a name="[a3]"></a>__rt_lib_init_cpp_1</STRONG> (Thumb, 0 bytes, Stack size unknown bytes, libinit2.o(.ARM.Collect$$libinit$$00000032))

<P><STRONG><a name="[a4]"></a>__rt_lib_init_exceptions_1</STRONG> (Thumb, 0 bytes, Stack size unknown bytes, libinit2.o(.ARM.Collect$$libinit$$00000030))

<P><STRONG><a name="[a5]"></a>__rt_lib_init_fp_trap_1</STRONG> (Thumb, 0 bytes, Stack size unknown bytes, libinit2.o(.ARM.Collect$$libinit$$0000001F))

<P><STRONG><a name="[a6]"></a>__rt_lib_init_getenv_1</STRONG> (Thumb, 0 bytes, Stack size unknown bytes, libinit2.o(.ARM.Collect$$libinit$$00000023))

<P><STRONG><a name="[a7]"></a>__rt_lib_init_heap_1</STRONG> (Thumb, 0 bytes, Stack size unknown bytes, libinit2.o(.ARM.Collect$$libinit$$0000000A))

<P><STRONG><a name="[a8]"></a>__rt_lib_init_lc_collate_1</STRONG> (Thumb, 0 bytes, Stack size unknown bytes, libinit2.o(.ARM.Collect$$libinit$$00000011))

<P><STRONG><a name="[a9]"></a>__rt_lib_init_lc_ctype_1</STRONG> (Thumb, 0 bytes, Stack size unknown bytes, libinit2.o(.ARM.Collect$$libinit$$00000013))

<P><STRONG><a name="[aa]"></a>__rt_lib_init_lc_monetary_1</STRONG> (Thumb, 0 bytes, Stack size unknown bytes, libinit2.o(.ARM.Collect$$libinit$$00000015))

<P><STRONG><a name="[ab]"></a>__rt_lib_init_lc_numeric_1</STRONG> (Thumb, 0 bytes, Stack size unknown bytes, libinit2.o(.ARM.Collect$$libinit$$00000017))

<P><STRONG><a name="[ac]"></a>__rt_lib_init_lc_time_1</STRONG> (Thumb, 0 bytes, Stack size unknown bytes, libinit2.o(.ARM.Collect$$libinit$$00000019))

<P><STRONG><a name="[ad]"></a>__rt_lib_init_preinit_1</STRONG> (Thumb, 0 bytes, Stack size unknown bytes, libinit2.o(.ARM.Collect$$libinit$$00000004))

<P><STRONG><a name="[ae]"></a>__rt_lib_init_rand_1</STRONG> (Thumb, 0 bytes, Stack size unknown bytes, libinit2.o(.ARM.Collect$$libinit$$0000000E))

<P><STRONG><a name="[af]"></a>__rt_lib_init_return</STRONG> (Thumb, 0 bytes, Stack size unknown bytes, libinit2.o(.ARM.Collect$$libinit$$00000033))

<P><STRONG><a name="[b0]"></a>__rt_lib_init_signal_1</STRONG> (Thumb, 0 bytes, Stack size unknown bytes, libinit2.o(.ARM.Collect$$libinit$$0000001D))

<P><STRONG><a name="[b1]"></a>__rt_lib_init_stdio_1</STRONG> (Thumb, 0 bytes, Stack size unknown bytes, libinit2.o(.ARM.Collect$$libinit$$00000025))

<P><STRONG><a name="[b2]"></a>__rt_lib_init_user_alloc_1</STRONG> (Thumb, 0 bytes, Stack size unknown bytes, libinit2.o(.ARM.Collect$$libinit$$0000000C))

<P><STRONG><a name="[3e]"></a>__rt_entry</STRONG> (Thumb, 0 bytes, Stack size unknown bytes, __rtentry.o(.ARM.Collect$$rtentry$$00000000))
<BR><BR>[Called By]<UL><LI><a href="#[3f]">&gt;&gt;</a>&nbsp;&nbsp;&nbsp;__scatterload_rt2
<LI><a href="#[3c]">&gt;&gt;</a>&nbsp;&nbsp;&nbsp;__main
</UL>

<P><STRONG><a name="[b3]"></a>__rt_entry_presh_1</STRONG> (Thumb, 0 bytes, Stack size unknown bytes, __rtentry2.o(.ARM.Collect$$rtentry$$00000002))

<P><STRONG><a name="[4e]"></a>__rt_entry_sh</STRONG> (Thumb, 0 bytes, Stack size unknown bytes, __rtentry4.o(.ARM.Collect$$rtentry$$00000004))
<BR><BR>[Calls]<UL><LI><a href="#[4f]">&gt;&gt;</a>&nbsp;&nbsp;&nbsp;__user_setup_stackheap
</UL>

<P><STRONG><a name="[50]"></a>__rt_entry_li</STRONG> (Thumb, 0 bytes, Stack size unknown bytes, __rtentry2.o(.ARM.Collect$$rtentry$$0000000A))
<BR><BR>[Calls]<UL><LI><a href="#[51]">&gt;&gt;</a>&nbsp;&nbsp;&nbsp;__rt_lib_init
</UL>

<P><STRONG><a name="[b4]"></a>__rt_entry_postsh_1</STRONG> (Thumb, 0 bytes, Stack size unknown bytes, __rtentry2.o(.ARM.Collect$$rtentry$$00000009))

<P><STRONG><a name="[52]"></a>__rt_entry_main</STRONG> (Thumb, 0 bytes, Stack size unknown bytes, __rtentry2.o(.ARM.Collect$$rtentry$$0000000D))
<BR><BR>[Stack]<UL><LI>Max Depth = 128 + Unknown Stack Size
<LI>Call Chain = __rt_entry_main &rArr; main &rArr; Driver_ADC_init &rArr; ADC_Init
</UL>
<BR>[Calls]<UL><LI><a href="#[53]">&gt;&gt;</a>&nbsp;&nbsp;&nbsp;main
<LI><a href="#[54]">&gt;&gt;</a>&nbsp;&nbsp;&nbsp;exit
</UL>

<P><STRONG><a name="[b5]"></a>__rt_entry_postli_1</STRONG> (Thumb, 0 bytes, Stack size unknown bytes, __rtentry2.o(.ARM.Collect$$rtentry$$0000000C))

<P><STRONG><a name="[26]"></a>GPIO_Group3_Handler</STRONG> (Thumb, 76 bytes, Stack size 8 bytes, system_rtl8762c.o(.ram.dataon.data))
<BR><BR>[Stack]<UL><LI>Max Depth = 8<LI>Call Chain = GPIO_Group3_Handler
</UL>
<BR>[Calls]<UL><LI><a href="#[56]">&gt;&gt;</a>&nbsp;&nbsp;&nbsp;GPIO7_Handler
<LI><a href="#[55]">&gt;&gt;</a>&nbsp;&nbsp;&nbsp;GPIO3_Handler
<LI><a href="#[5c]">&gt;&gt;</a>&nbsp;&nbsp;&nbsp;GPIO31_Handler
<LI><a href="#[5b]">&gt;&gt;</a>&nbsp;&nbsp;&nbsp;GPIO27_Handler
<LI><a href="#[5a]">&gt;&gt;</a>&nbsp;&nbsp;&nbsp;GPIO23_Handler
<LI><a href="#[59]">&gt;&gt;</a>&nbsp;&nbsp;&nbsp;GPIO19_Handler
<LI><a href="#[58]">&gt;&gt;</a>&nbsp;&nbsp;&nbsp;GPIO15_Handler
<LI><a href="#[57]">&gt;&gt;</a>&nbsp;&nbsp;&nbsp;GPIO11_Handler
</UL>
<BR>[Address Reference Count : 1]<UL><LI> startup_rtl8762c.o(VECTOR)
</UL>
<P><STRONG><a name="[27]"></a>GPIO_Group2_Handler</STRONG> (Thumb, 76 bytes, Stack size 8 bytes, system_rtl8762c.o(.ram.dataon.data))
<BR><BR>[Stack]<UL><LI>Max Depth = 8<LI>Call Chain = GPIO_Group2_Handler
</UL>
<BR>[Calls]<UL><LI><a href="#[5e]">&gt;&gt;</a>&nbsp;&nbsp;&nbsp;GPIO6_Handler
<LI><a href="#[64]">&gt;&gt;</a>&nbsp;&nbsp;&nbsp;GPIO30_Handler
<LI><a href="#[5d]">&gt;&gt;</a>&nbsp;&nbsp;&nbsp;GPIO2_Handler
<LI><a href="#[63]">&gt;&gt;</a>&nbsp;&nbsp;&nbsp;GPIO26_Handler
<LI><a href="#[62]">&gt;&gt;</a>&nbsp;&nbsp;&nbsp;GPIO22_Handler
<LI><a href="#[61]">&gt;&gt;</a>&nbsp;&nbsp;&nbsp;GPIO18_Handler
<LI><a href="#[60]">&gt;&gt;</a>&nbsp;&nbsp;&nbsp;GPIO14_Handler
<LI><a href="#[5f]">&gt;&gt;</a>&nbsp;&nbsp;&nbsp;GPIO10_Handler
</UL>
<BR>[Address Reference Count : 1]<UL><LI> startup_rtl8762c.o(VECTOR)
</UL>
<P><STRONG><a name="[29]"></a>GPIO_Group1_Handler</STRONG> (Thumb, 68 bytes, Stack size 8 bytes, system_rtl8762c.o(.ram.dataon.data))
<BR><BR>[Stack]<UL><LI>Max Depth = 8<LI>Call Chain = GPIO_Group1_Handler
</UL>
<BR>[Calls]<UL><LI><a href="#[66]">&gt;&gt;</a>&nbsp;&nbsp;&nbsp;GPIO9_Handler
<LI><a href="#[6b]">&gt;&gt;</a>&nbsp;&nbsp;&nbsp;GPIO29_Handler
<LI><a href="#[6a]">&gt;&gt;</a>&nbsp;&nbsp;&nbsp;GPIO25_Handler
<LI><a href="#[69]">&gt;&gt;</a>&nbsp;&nbsp;&nbsp;GPIO21_Handler
<LI><a href="#[65]">&gt;&gt;</a>&nbsp;&nbsp;&nbsp;GPIO1_Handler
<LI><a href="#[68]">&gt;&gt;</a>&nbsp;&nbsp;&nbsp;GPIO17_Handler
<LI><a href="#[67]">&gt;&gt;</a>&nbsp;&nbsp;&nbsp;GPIO13_Handler
</UL>
<BR>[Address Reference Count : 1]<UL><LI> startup_rtl8762c.o(VECTOR)
</UL>
<P><STRONG><a name="[2a]"></a>GPIO_Group0_Handler</STRONG> (Thumb, 68 bytes, Stack size 8 bytes, system_rtl8762c.o(.ram.dataon.data))
<BR><BR>[Stack]<UL><LI>Max Depth = 8<LI>Call Chain = GPIO_Group0_Handler
</UL>
<BR>[Calls]<UL><LI><a href="#[6d]">&gt;&gt;</a>&nbsp;&nbsp;&nbsp;GPIO8_Handler
<LI><a href="#[72]">&gt;&gt;</a>&nbsp;&nbsp;&nbsp;GPIO28_Handler
<LI><a href="#[71]">&gt;&gt;</a>&nbsp;&nbsp;&nbsp;GPIO24_Handler
<LI><a href="#[70]">&gt;&gt;</a>&nbsp;&nbsp;&nbsp;GPIO20_Handler
<LI><a href="#[6f]">&gt;&gt;</a>&nbsp;&nbsp;&nbsp;GPIO16_Handler
<LI><a href="#[6e]">&gt;&gt;</a>&nbsp;&nbsp;&nbsp;GPIO12_Handler
<LI><a href="#[6c]">&gt;&gt;</a>&nbsp;&nbsp;&nbsp;GPIO0_Handler
</UL>
<BR>[Address Reference Count : 1]<UL><LI> startup_rtl8762c.o(VECTOR)
</UL>
<P><STRONG><a name="[f]"></a>BTMAC_Handler</STRONG> (Thumb, 0 bytes, Stack size 0 bytes, startup_rtl8762c.o(.text))
<BR>[Address Reference Count : 1]<UL><LI> startup_rtl8762c.o(VECTOR)
</UL>
<P><STRONG><a name="[7]"></a>BusFault_Handler</STRONG> (Thumb, 0 bytes, Stack size 0 bytes, startup_rtl8762c.o(.text))
<BR>[Address Reference Count : 1]<UL><LI> startup_rtl8762c.o(VECTOR)
</UL>
<P><STRONG><a name="[a]"></a>DebugMon_Handler</STRONG> (Thumb, 0 bytes, Stack size 0 bytes, startup_rtl8762c.o(.text))
<BR>[Address Reference Count : 1]<UL><LI> startup_rtl8762c.o(VECTOR)
</UL>
<P><STRONG><a name="[3b]"></a>Default_Handler</STRONG> (Thumb, 16 bytes, Stack size 0 bytes, startup_rtl8762c.o(.text))
<BR>[Address Reference Count : 1]<UL><LI> system_rtl8762c.o(.app.overlay_a)
</UL>
<P><STRONG><a name="[20]"></a>GDMA0_Channel0_Handler</STRONG> (Thumb, 0 bytes, Stack size 0 bytes, startup_rtl8762c.o(.text))
<BR>[Address Reference Count : 1]<UL><LI> startup_rtl8762c.o(VECTOR)
</UL>
<P><STRONG><a name="[21]"></a>GDMA0_Channel1_Handler</STRONG> (Thumb, 0 bytes, Stack size 0 bytes, startup_rtl8762c.o(.text))
<BR>[Address Reference Count : 1]<UL><LI> startup_rtl8762c.o(VECTOR)
</UL>
<P><STRONG><a name="[22]"></a>GDMA0_Channel2_Handler</STRONG> (Thumb, 0 bytes, Stack size 0 bytes, startup_rtl8762c.o(.text))
<BR>[Address Reference Count : 1]<UL><LI> startup_rtl8762c.o(VECTOR)
</UL>
<P><STRONG><a name="[23]"></a>GDMA0_Channel3_Handler</STRONG> (Thumb, 0 bytes, Stack size 0 bytes, startup_rtl8762c.o(.text))
<BR>[Address Reference Count : 1]<UL><LI> startup_rtl8762c.o(VECTOR)
</UL>
<P><STRONG><a name="[24]"></a>GDMA0_Channel4_Handler</STRONG> (Thumb, 0 bytes, Stack size 0 bytes, startup_rtl8762c.o(.text))
<BR>[Address Reference Count : 1]<UL><LI> startup_rtl8762c.o(VECTOR)
</UL>
<P><STRONG><a name="[25]"></a>GDMA0_Channel5_Handler</STRONG> (Thumb, 0 bytes, Stack size 0 bytes, startup_rtl8762c.o(.text))
<BR>[Address Reference Count : 1]<UL><LI> startup_rtl8762c.o(VECTOR)
</UL>
<P><STRONG><a name="[6c]"></a>GPIO0_Handler</STRONG> (Thumb, 0 bytes, Stack size 0 bytes, startup_rtl8762c.o(.text))
<BR><BR>[Called By]<UL><LI><a href="#[2a]">&gt;&gt;</a>&nbsp;&nbsp;&nbsp;GPIO_Group0_Handler
</UL>

<P><STRONG><a name="[5f]"></a>GPIO10_Handler</STRONG> (Thumb, 0 bytes, Stack size 0 bytes, startup_rtl8762c.o(.text))
<BR><BR>[Called By]<UL><LI><a href="#[27]">&gt;&gt;</a>&nbsp;&nbsp;&nbsp;GPIO_Group2_Handler
</UL>

<P><STRONG><a name="[57]"></a>GPIO11_Handler</STRONG> (Thumb, 0 bytes, Stack size 0 bytes, startup_rtl8762c.o(.text))
<BR><BR>[Called By]<UL><LI><a href="#[26]">&gt;&gt;</a>&nbsp;&nbsp;&nbsp;GPIO_Group3_Handler
</UL>

<P><STRONG><a name="[6e]"></a>GPIO12_Handler</STRONG> (Thumb, 0 bytes, Stack size 0 bytes, startup_rtl8762c.o(.text))
<BR><BR>[Called By]<UL><LI><a href="#[2a]">&gt;&gt;</a>&nbsp;&nbsp;&nbsp;GPIO_Group0_Handler
</UL>

<P><STRONG><a name="[67]"></a>GPIO13_Handler</STRONG> (Thumb, 0 bytes, Stack size 0 bytes, startup_rtl8762c.o(.text))
<BR><BR>[Called By]<UL><LI><a href="#[29]">&gt;&gt;</a>&nbsp;&nbsp;&nbsp;GPIO_Group1_Handler
</UL>

<P><STRONG><a name="[60]"></a>GPIO14_Handler</STRONG> (Thumb, 0 bytes, Stack size 0 bytes, startup_rtl8762c.o(.text))
<BR><BR>[Called By]<UL><LI><a href="#[27]">&gt;&gt;</a>&nbsp;&nbsp;&nbsp;GPIO_Group2_Handler
</UL>

<P><STRONG><a name="[58]"></a>GPIO15_Handler</STRONG> (Thumb, 0 bytes, Stack size 0 bytes, startup_rtl8762c.o(.text))
<BR><BR>[Called By]<UL><LI><a href="#[26]">&gt;&gt;</a>&nbsp;&nbsp;&nbsp;GPIO_Group3_Handler
</UL>

<P><STRONG><a name="[6f]"></a>GPIO16_Handler</STRONG> (Thumb, 0 bytes, Stack size 0 bytes, startup_rtl8762c.o(.text))
<BR><BR>[Called By]<UL><LI><a href="#[2a]">&gt;&gt;</a>&nbsp;&nbsp;&nbsp;GPIO_Group0_Handler
</UL>

<P><STRONG><a name="[68]"></a>GPIO17_Handler</STRONG> (Thumb, 0 bytes, Stack size 0 bytes, startup_rtl8762c.o(.text))
<BR><BR>[Called By]<UL><LI><a href="#[29]">&gt;&gt;</a>&nbsp;&nbsp;&nbsp;GPIO_Group1_Handler
</UL>

<P><STRONG><a name="[61]"></a>GPIO18_Handler</STRONG> (Thumb, 0 bytes, Stack size 0 bytes, startup_rtl8762c.o(.text))
<BR><BR>[Called By]<UL><LI><a href="#[27]">&gt;&gt;</a>&nbsp;&nbsp;&nbsp;GPIO_Group2_Handler
</UL>

<P><STRONG><a name="[59]"></a>GPIO19_Handler</STRONG> (Thumb, 0 bytes, Stack size 0 bytes, startup_rtl8762c.o(.text))
<BR><BR>[Called By]<UL><LI><a href="#[26]">&gt;&gt;</a>&nbsp;&nbsp;&nbsp;GPIO_Group3_Handler
</UL>

<P><STRONG><a name="[65]"></a>GPIO1_Handler</STRONG> (Thumb, 0 bytes, Stack size 0 bytes, startup_rtl8762c.o(.text))
<BR><BR>[Called By]<UL><LI><a href="#[29]">&gt;&gt;</a>&nbsp;&nbsp;&nbsp;GPIO_Group1_Handler
</UL>

<P><STRONG><a name="[70]"></a>GPIO20_Handler</STRONG> (Thumb, 0 bytes, Stack size 0 bytes, startup_rtl8762c.o(.text))
<BR><BR>[Called By]<UL><LI><a href="#[2a]">&gt;&gt;</a>&nbsp;&nbsp;&nbsp;GPIO_Group0_Handler
</UL>

<P><STRONG><a name="[69]"></a>GPIO21_Handler</STRONG> (Thumb, 0 bytes, Stack size 0 bytes, startup_rtl8762c.o(.text))
<BR><BR>[Called By]<UL><LI><a href="#[29]">&gt;&gt;</a>&nbsp;&nbsp;&nbsp;GPIO_Group1_Handler
</UL>

<P><STRONG><a name="[62]"></a>GPIO22_Handler</STRONG> (Thumb, 0 bytes, Stack size 0 bytes, startup_rtl8762c.o(.text))
<BR><BR>[Called By]<UL><LI><a href="#[27]">&gt;&gt;</a>&nbsp;&nbsp;&nbsp;GPIO_Group2_Handler
</UL>

<P><STRONG><a name="[5a]"></a>GPIO23_Handler</STRONG> (Thumb, 0 bytes, Stack size 0 bytes, startup_rtl8762c.o(.text))
<BR><BR>[Called By]<UL><LI><a href="#[26]">&gt;&gt;</a>&nbsp;&nbsp;&nbsp;GPIO_Group3_Handler
</UL>

<P><STRONG><a name="[71]"></a>GPIO24_Handler</STRONG> (Thumb, 0 bytes, Stack size 0 bytes, startup_rtl8762c.o(.text))
<BR><BR>[Called By]<UL><LI><a href="#[2a]">&gt;&gt;</a>&nbsp;&nbsp;&nbsp;GPIO_Group0_Handler
</UL>

<P><STRONG><a name="[6a]"></a>GPIO25_Handler</STRONG> (Thumb, 0 bytes, Stack size 0 bytes, startup_rtl8762c.o(.text))
<BR><BR>[Called By]<UL><LI><a href="#[29]">&gt;&gt;</a>&nbsp;&nbsp;&nbsp;GPIO_Group1_Handler
</UL>

<P><STRONG><a name="[63]"></a>GPIO26_Handler</STRONG> (Thumb, 0 bytes, Stack size 0 bytes, startup_rtl8762c.o(.text))
<BR><BR>[Called By]<UL><LI><a href="#[27]">&gt;&gt;</a>&nbsp;&nbsp;&nbsp;GPIO_Group2_Handler
</UL>

<P><STRONG><a name="[5b]"></a>GPIO27_Handler</STRONG> (Thumb, 0 bytes, Stack size 0 bytes, startup_rtl8762c.o(.text))
<BR><BR>[Called By]<UL><LI><a href="#[26]">&gt;&gt;</a>&nbsp;&nbsp;&nbsp;GPIO_Group3_Handler
</UL>

<P><STRONG><a name="[72]"></a>GPIO28_Handler</STRONG> (Thumb, 0 bytes, Stack size 0 bytes, startup_rtl8762c.o(.text))
<BR><BR>[Called By]<UL><LI><a href="#[2a]">&gt;&gt;</a>&nbsp;&nbsp;&nbsp;GPIO_Group0_Handler
</UL>

<P><STRONG><a name="[6b]"></a>GPIO29_Handler</STRONG> (Thumb, 0 bytes, Stack size 0 bytes, startup_rtl8762c.o(.text))
<BR><BR>[Called By]<UL><LI><a href="#[29]">&gt;&gt;</a>&nbsp;&nbsp;&nbsp;GPIO_Group1_Handler
</UL>

<P><STRONG><a name="[5d]"></a>GPIO2_Handler</STRONG> (Thumb, 0 bytes, Stack size 0 bytes, startup_rtl8762c.o(.text))
<BR><BR>[Called By]<UL><LI><a href="#[27]">&gt;&gt;</a>&nbsp;&nbsp;&nbsp;GPIO_Group2_Handler
</UL>

<P><STRONG><a name="[64]"></a>GPIO30_Handler</STRONG> (Thumb, 0 bytes, Stack size 0 bytes, startup_rtl8762c.o(.text))
<BR><BR>[Called By]<UL><LI><a href="#[27]">&gt;&gt;</a>&nbsp;&nbsp;&nbsp;GPIO_Group2_Handler
</UL>

<P><STRONG><a name="[5c]"></a>GPIO31_Handler</STRONG> (Thumb, 0 bytes, Stack size 0 bytes, startup_rtl8762c.o(.text))
<BR><BR>[Called By]<UL><LI><a href="#[26]">&gt;&gt;</a>&nbsp;&nbsp;&nbsp;GPIO_Group3_Handler
</UL>

<P><STRONG><a name="[55]"></a>GPIO3_Handler</STRONG> (Thumb, 0 bytes, Stack size 0 bytes, startup_rtl8762c.o(.text))
<BR><BR>[Called By]<UL><LI><a href="#[26]">&gt;&gt;</a>&nbsp;&nbsp;&nbsp;GPIO_Group3_Handler
</UL>

<P><STRONG><a name="[15]"></a>GPIO4_Handler</STRONG> (Thumb, 0 bytes, Stack size 0 bytes, startup_rtl8762c.o(.text))
<BR>[Address Reference Count : 1]<UL><LI> startup_rtl8762c.o(VECTOR)
</UL>
<P><STRONG><a name="[16]"></a>GPIO5_Handler</STRONG> (Thumb, 0 bytes, Stack size 0 bytes, startup_rtl8762c.o(.text))
<BR>[Address Reference Count : 1]<UL><LI> startup_rtl8762c.o(VECTOR)
</UL>
<P><STRONG><a name="[5e]"></a>GPIO6_Handler</STRONG> (Thumb, 0 bytes, Stack size 0 bytes, startup_rtl8762c.o(.text))
<BR><BR>[Called By]<UL><LI><a href="#[27]">&gt;&gt;</a>&nbsp;&nbsp;&nbsp;GPIO_Group2_Handler
</UL>

<P><STRONG><a name="[56]"></a>GPIO7_Handler</STRONG> (Thumb, 0 bytes, Stack size 0 bytes, startup_rtl8762c.o(.text))
<BR><BR>[Called By]<UL><LI><a href="#[26]">&gt;&gt;</a>&nbsp;&nbsp;&nbsp;GPIO_Group3_Handler
</UL>

<P><STRONG><a name="[6d]"></a>GPIO8_Handler</STRONG> (Thumb, 0 bytes, Stack size 0 bytes, startup_rtl8762c.o(.text))
<BR><BR>[Called By]<UL><LI><a href="#[2a]">&gt;&gt;</a>&nbsp;&nbsp;&nbsp;GPIO_Group0_Handler
</UL>

<P><STRONG><a name="[66]"></a>GPIO9_Handler</STRONG> (Thumb, 0 bytes, Stack size 0 bytes, startup_rtl8762c.o(.text))
<BR><BR>[Called By]<UL><LI><a href="#[29]">&gt;&gt;</a>&nbsp;&nbsp;&nbsp;GPIO_Group1_Handler
</UL>

<P><STRONG><a name="[5]"></a>HardFault_Handler</STRONG> (Thumb, 0 bytes, Stack size 0 bytes, startup_rtl8762c.o(.text))
<BR>[Address Reference Count : 1]<UL><LI> startup_rtl8762c.o(VECTOR)
</UL>
<P><STRONG><a name="[1c]"></a>I2C0_Handler</STRONG> (Thumb, 0 bytes, Stack size 0 bytes, startup_rtl8762c.o(.text))
<BR>[Address Reference Count : 1]<UL><LI> startup_rtl8762c.o(VECTOR)
</UL>
<P><STRONG><a name="[1d]"></a>I2C1_Handler</STRONG> (Thumb, 0 bytes, Stack size 0 bytes, startup_rtl8762c.o(.text))
<BR>[Address Reference Count : 1]<UL><LI> startup_rtl8762c.o(VECTOR)
</UL>
<P><STRONG><a name="[13]"></a>I2S0_RX_Handler</STRONG> (Thumb, 0 bytes, Stack size 0 bytes, startup_rtl8762c.o(.text))
<BR>[Address Reference Count : 1]<UL><LI> startup_rtl8762c.o(VECTOR)
</UL>
<P><STRONG><a name="[12]"></a>I2S0_TX_Handler</STRONG> (Thumb, 0 bytes, Stack size 0 bytes, startup_rtl8762c.o(.text))
<BR>[Address Reference Count : 1]<UL><LI> startup_rtl8762c.o(VECTOR)
</UL>
<P><STRONG><a name="[37]"></a>I2S1_RX_Handler</STRONG> (Thumb, 0 bytes, Stack size 0 bytes, startup_rtl8762c.o(.text))
<BR>[Address Reference Count : 1]<UL><LI> startup_rtl8762c.o(VECTOR)
</UL>
<P><STRONG><a name="[36]"></a>I2S1_TX_Handler</STRONG> (Thumb, 0 bytes, Stack size 0 bytes, startup_rtl8762c.o(.text))
<BR>[Address Reference Count : 1]<UL><LI> startup_rtl8762c.o(VECTOR)
</UL>
<P><STRONG><a name="[28]"></a>IR_Handler</STRONG> (Thumb, 0 bytes, Stack size 0 bytes, startup_rtl8762c.o(.text))
<BR>[Address Reference Count : 1]<UL><LI> startup_rtl8762c.o(VECTOR)
</UL>
<P><STRONG><a name="[32]"></a>Keyscan_Handler</STRONG> (Thumb, 0 bytes, Stack size 0 bytes, startup_rtl8762c.o(.text))
<BR>[Address Reference Count : 1]<UL><LI> startup_rtl8762c.o(VECTOR)
</UL>
<P><STRONG><a name="[38]"></a>LCD_Handler</STRONG> (Thumb, 0 bytes, Stack size 0 bytes, startup_rtl8762c.o(.text))
<BR>[Address Reference Count : 1]<UL><LI> startup_rtl8762c.o(VECTOR)
</UL>
<P><STRONG><a name="[34]"></a>LPCOMP_Handler</STRONG> (Thumb, 0 bytes, Stack size 0 bytes, startup_rtl8762c.o(.text))
<BR>[Address Reference Count : 1]<UL><LI> startup_rtl8762c.o(VECTOR)
</UL>
<P><STRONG><a name="[6]"></a>MemManage_Handler</STRONG> (Thumb, 0 bytes, Stack size 0 bytes, startup_rtl8762c.o(.text))
<BR>[Address Reference Count : 1]<UL><LI> startup_rtl8762c.o(VECTOR)
</UL>
<P><STRONG><a name="[4]"></a>NMI_Handler</STRONG> (Thumb, 0 bytes, Stack size 0 bytes, startup_rtl8762c.o(.text))
<BR>[Address Reference Count : 1]<UL><LI> startup_rtl8762c.o(VECTOR)
</UL>
<P><STRONG><a name="[35]"></a>PTA_Mailbox_Handler</STRONG> (Thumb, 0 bytes, Stack size 0 bytes, startup_rtl8762c.o(.text))
<BR>[Address Reference Count : 1]<UL><LI> startup_rtl8762c.o(VECTOR)
</UL>
<P><STRONG><a name="[b]"></a>PendSV_Handler</STRONG> (Thumb, 0 bytes, Stack size 0 bytes, startup_rtl8762c.o(.text))
<BR>[Address Reference Count : 1]<UL><LI> startup_rtl8762c.o(VECTOR)
</UL>
<P><STRONG><a name="[1f]"></a>Peripheral_Handler</STRONG> (Thumb, 0 bytes, Stack size 0 bytes, startup_rtl8762c.o(.text))
<BR>[Address Reference Count : 1]<UL><LI> startup_rtl8762c.o(VECTOR)
</UL>
<P><STRONG><a name="[31]"></a>Qdecode_Handler</STRONG> (Thumb, 0 bytes, Stack size 0 bytes, startup_rtl8762c.o(.text))
<BR>[Address Reference Count : 1]<UL><LI> startup_rtl8762c.o(VECTOR)
</UL>
<P><STRONG><a name="[19]"></a>RTC_Handler</STRONG> (Thumb, 0 bytes, Stack size 0 bytes, startup_rtl8762c.o(.text))
<BR>[Address Reference Count : 1]<UL><LI> startup_rtl8762c.o(VECTOR)
</UL>
<P><STRONG><a name="[1a]"></a>SPI0_Handler</STRONG> (Thumb, 0 bytes, Stack size 0 bytes, startup_rtl8762c.o(.text))
<BR>[Address Reference Count : 1]<UL><LI> startup_rtl8762c.o(VECTOR)
</UL>
<P><STRONG><a name="[1b]"></a>SPI1_Handler</STRONG> (Thumb, 0 bytes, Stack size 0 bytes, startup_rtl8762c.o(.text))
<BR>[Address Reference Count : 1]<UL><LI> startup_rtl8762c.o(VECTOR)
</UL>
<P><STRONG><a name="[33]"></a>SPI2W_Handler</STRONG> (Thumb, 0 bytes, Stack size 0 bytes, startup_rtl8762c.o(.text))
<BR>[Address Reference Count : 1]<UL><LI> startup_rtl8762c.o(VECTOR)
</UL>
<P><STRONG><a name="[30]"></a>SPI_Flash_Handler</STRONG> (Thumb, 0 bytes, Stack size 0 bytes, startup_rtl8762c.o(.text))
<BR>[Address Reference Count : 1]<UL><LI> startup_rtl8762c.o(VECTOR)
</UL>
<P><STRONG><a name="[9]"></a>SVC_Handler</STRONG> (Thumb, 0 bytes, Stack size 0 bytes, startup_rtl8762c.o(.text))
<BR>[Address Reference Count : 1]<UL><LI> startup_rtl8762c.o(VECTOR)
</UL>
<P><STRONG><a name="[c]"></a>SysTick_Handler</STRONG> (Thumb, 0 bytes, Stack size 0 bytes, startup_rtl8762c.o(.text))
<BR>[Address Reference Count : 1]<UL><LI> startup_rtl8762c.o(VECTOR)
</UL>
<P><STRONG><a name="[d]"></a>System_Handler</STRONG> (Thumb, 0 bytes, Stack size 0 bytes, startup_rtl8762c.o(.text))
<BR>[Address Reference Count : 1]<UL><LI> startup_rtl8762c.o(VECTOR)
</UL>
<P><STRONG><a name="[11]"></a>Timer2_Handler</STRONG> (Thumb, 0 bytes, Stack size 0 bytes, startup_rtl8762c.o(.text))
<BR>[Address Reference Count : 1]<UL><LI> startup_rtl8762c.o(VECTOR)
</UL>
<P><STRONG><a name="[10]"></a>Timer3_Handler</STRONG> (Thumb, 0 bytes, Stack size 0 bytes, startup_rtl8762c.o(.text))
<BR>[Address Reference Count : 1]<UL><LI> startup_rtl8762c.o(VECTOR)
</UL>
<P><STRONG><a name="[14]"></a>Timer4_7_Handler</STRONG> (Thumb, 0 bytes, Stack size 0 bytes, startup_rtl8762c.o(.text))
<BR>[Address Reference Count : 1]<UL><LI> startup_rtl8762c.o(VECTOR)
</UL>
<P><STRONG><a name="[2c]"></a>Timer4_Handler</STRONG> (Thumb, 0 bytes, Stack size 0 bytes, startup_rtl8762c.o(.text))
<BR>[Address Reference Count : 1]<UL><LI> startup_rtl8762c.o(VECTOR)
</UL>
<P><STRONG><a name="[2d]"></a>Timer5_Handler</STRONG> (Thumb, 0 bytes, Stack size 0 bytes, startup_rtl8762c.o(.text))
<BR>[Address Reference Count : 1]<UL><LI> startup_rtl8762c.o(VECTOR)
</UL>
<P><STRONG><a name="[2e]"></a>Timer6_Handler</STRONG> (Thumb, 0 bytes, Stack size 0 bytes, startup_rtl8762c.o(.text))
<BR>[Address Reference Count : 1]<UL><LI> startup_rtl8762c.o(VECTOR)
</UL>
<P><STRONG><a name="[2f]"></a>Timer7_Handler</STRONG> (Thumb, 0 bytes, Stack size 0 bytes, startup_rtl8762c.o(.text))
<BR>[Address Reference Count : 1]<UL><LI> startup_rtl8762c.o(VECTOR)
</UL>
<P><STRONG><a name="[18]"></a>UART0_Handler</STRONG> (Thumb, 0 bytes, Stack size 0 bytes, startup_rtl8762c.o(.text))
<BR>[Address Reference Count : 1]<UL><LI> startup_rtl8762c.o(VECTOR)
</UL>
<P><STRONG><a name="[17]"></a>UART1_Handler</STRONG> (Thumb, 0 bytes, Stack size 0 bytes, startup_rtl8762c.o(.text))
<BR>[Address Reference Count : 1]<UL><LI> startup_rtl8762c.o(VECTOR)
</UL>
<P><STRONG><a name="[2b]"></a>UART2_Handler</STRONG> (Thumb, 0 bytes, Stack size 0 bytes, startup_rtl8762c.o(.text))
<BR>[Address Reference Count : 1]<UL><LI> startup_rtl8762c.o(VECTOR)
</UL>
<P><STRONG><a name="[8]"></a>UsageFault_Handler</STRONG> (Thumb, 0 bytes, Stack size 0 bytes, startup_rtl8762c.o(.text))
<BR>[Address Reference Count : 1]<UL><LI> startup_rtl8762c.o(VECTOR)
</UL>
<P><STRONG><a name="[e]"></a>WDG_Handler</STRONG> (Thumb, 0 bytes, Stack size 0 bytes, startup_rtl8762c.o(.text))
<BR>[Address Reference Count : 1]<UL><LI> startup_rtl8762c.o(VECTOR)
</UL>
<P><STRONG><a name="[4f]"></a>__user_setup_stackheap</STRONG> (Thumb, 2 bytes, Stack size 0 bytes, startup_rtl8762c.o(.text))
<BR><BR>[Called By]<UL><LI><a href="#[4e]">&gt;&gt;</a>&nbsp;&nbsp;&nbsp;__rt_entry_sh
</UL>

<P><STRONG><a name="[2]"></a>common_main</STRONG> (Thumb, 60 bytes, Stack size 8 bytes, system_rtl8762c.o(.text))
<BR><BR>[Stack]<UL><LI>Max Depth = 136<LI>Call Chain = common_main &rArr; main &rArr; Driver_ADC_init &rArr; ADC_Init
</UL>
<BR>[Calls]<UL><LI><a href="#[53]">&gt;&gt;</a>&nbsp;&nbsp;&nbsp;main
<LI><a href="#[74]">&gt;&gt;</a>&nbsp;&nbsp;&nbsp;os_sched_start
<LI><a href="#[73]">&gt;&gt;</a>&nbsp;&nbsp;&nbsp;WDG_Disable
<LI><a href="#[39]">&gt;&gt;</a>&nbsp;&nbsp;&nbsp;log_direct
</UL>
<BR>[Address Reference Count : 1]<UL><LI> system_rtl8762c.o(.app.flash.text)
</UL>
<P><STRONG><a name="[75]"></a>WDG_SystemReset</STRONG> (Thumb, 10 bytes, Stack size 0 bytes, system_rtl8762c.o(.text), UNUSED)
<BR><BR>[Calls]<UL><LI><a href="#[76]">&gt;&gt;</a>&nbsp;&nbsp;&nbsp;SystemCall
</UL>

<P><STRONG><a name="[77]"></a>flash_try_high_speed</STRONG> (Thumb, 48 bytes, Stack size 8 bytes, system_rtl8762c.o(.text), UNUSED)
<BR><BR>[Calls]<UL><LI><a href="#[78]">&gt;&gt;</a>&nbsp;&nbsp;&nbsp;flash_ioctl
</UL>

<P><STRONG><a name="[3a]"></a>app_cb0_wdg_reset</STRONG> (Thumb, 12 bytes, Stack size 0 bytes, system_rtl8762c.o(.text))
<BR>[Address Reference Count : 1]<UL><LI> system_rtl8762c.o(.constdata)
</UL>
<P><STRONG><a name="[7d]"></a>RCC_PeriphClockCmd</STRONG> (Thumb, 292 bytes, Stack size 20 bytes, rtl876x_rcc.o(.text))
<BR><BR>[Stack]<UL><LI>Max Depth = 20<LI>Call Chain = RCC_PeriphClockCmd
</UL>
<BR>[Called By]<UL><LI><a href="#[86]">&gt;&gt;</a>&nbsp;&nbsp;&nbsp;Driver_ADC_init
<LI><a href="#[7c]">&gt;&gt;</a>&nbsp;&nbsp;&nbsp;ADC_DeInit
</UL>

<P><STRONG><a name="[b6]"></a>RCC_SPIClkDivConfig</STRONG> (Thumb, 112 bytes, Stack size 0 bytes, rtl876x_rcc.o(.text), UNUSED)

<P><STRONG><a name="[b7]"></a>RCC_I2CClkDivConfig</STRONG> (Thumb, 110 bytes, Stack size 0 bytes, rtl876x_rcc.o(.text), UNUSED)

<P><STRONG><a name="[b8]"></a>RCC_UARTClkDivConfig</STRONG> (Thumb, 114 bytes, Stack size 0 bytes, rtl876x_rcc.o(.text), UNUSED)

<P><STRONG><a name="[b9]"></a>RCC_PeriClockConfig</STRONG> (Thumb, 106 bytes, Stack size 12 bytes, rtl876x_rcc.o(.text), UNUSED)

<P><STRONG><a name="[ba]"></a>RCC_PeriFunctionConfig</STRONG> (Thumb, 90 bytes, Stack size 0 bytes, rtl876x_rcc.o(.text), UNUSED)

<P><STRONG><a name="[79]"></a>ADC_Init</STRONG> (Thumb, 200 bytes, Stack size 24 bytes, rtl876x_adc.o(.text))
<BR><BR>[Stack]<UL><LI>Max Depth = 24<LI>Call Chain = ADC_Init
</UL>
<BR>[Calls]<UL><LI><a href="#[7b]">&gt;&gt;</a>&nbsp;&nbsp;&nbsp;btaon_fast_write
<LI><a href="#[7a]">&gt;&gt;</a>&nbsp;&nbsp;&nbsp;btaon_fast_read_safe
</UL>
<BR>[Called By]<UL><LI><a href="#[86]">&gt;&gt;</a>&nbsp;&nbsp;&nbsp;Driver_ADC_init
</UL>

<P><STRONG><a name="[87]"></a>ADC_StructInit</STRONG> (Thumb, 100 bytes, Stack size 0 bytes, rtl876x_adc.o(.text))
<BR><BR>[Called By]<UL><LI><a href="#[86]">&gt;&gt;</a>&nbsp;&nbsp;&nbsp;Driver_ADC_init
</UL>

<P><STRONG><a name="[7c]"></a>ADC_DeInit</STRONG> (Thumb, 12 bytes, Stack size 0 bytes, rtl876x_adc.o(.text))
<BR><BR>[Stack]<UL><LI>Max Depth = 20<LI>Call Chain = ADC_DeInit &rArr; RCC_PeriphClockCmd
</UL>
<BR>[Calls]<UL><LI><a href="#[7d]">&gt;&gt;</a>&nbsp;&nbsp;&nbsp;RCC_PeriphClockCmd
</UL>
<BR>[Called By]<UL><LI><a href="#[86]">&gt;&gt;</a>&nbsp;&nbsp;&nbsp;Driver_ADC_init
</UL>

<P><STRONG><a name="[88]"></a>ADC_INTConfig</STRONG> (Thumb, 16 bytes, Stack size 0 bytes, rtl876x_adc.o(.text))
<BR><BR>[Called By]<UL><LI><a href="#[86]">&gt;&gt;</a>&nbsp;&nbsp;&nbsp;Driver_ADC_init
</UL>

<P><STRONG><a name="[bb]"></a>ADC_ReadByScheduleIndex</STRONG> (Thumb, 22 bytes, Stack size 0 bytes, rtl876x_adc.o(.text), UNUSED)

<P><STRONG><a name="[8a]"></a>ADC_Cmd</STRONG> (Thumb, 94 bytes, Stack size 16 bytes, rtl876x_adc.o(.text))
<BR><BR>[Stack]<UL><LI>Max Depth = 16<LI>Call Chain = ADC_Cmd
</UL>
<BR>[Called By]<UL><LI><a href="#[86]">&gt;&gt;</a>&nbsp;&nbsp;&nbsp;Driver_ADC_init
</UL>

<P><STRONG><a name="[bc]"></a>ADC_SchTableConfig</STRONG> (Thumb, 26 bytes, Stack size 0 bytes, rtl876x_adc.o(.text), UNUSED)

<P><STRONG><a name="[bd]"></a>ADC_GetFifoData</STRONG> (Thumb, 16 bytes, Stack size 0 bytes, rtl876x_adc.o(.text), UNUSED)

<P><STRONG><a name="[be]"></a>ADC_BypassCmd</STRONG> (Thumb, 22 bytes, Stack size 0 bytes, rtl876x_adc.o(.text), UNUSED)

<P><STRONG><a name="[7e]"></a>ADC_GetRes</STRONG> (Thumb, 42 bytes, Stack size 8 bytes, rtl876x_adc.o(.text))
<BR><BR>[Stack]<UL><LI>Max Depth = 108<LI>Call Chain = ADC_GetRes &rArr; ADC_GetVoltage &rArr; ADC_CalibrationInit
</UL>
<BR>[Calls]<UL><LI><a href="#[7f]">&gt;&gt;</a>&nbsp;&nbsp;&nbsp;ADC_GetVoltage
</UL>
<BR>[Called By]<UL><LI><a href="#[1e]">&gt;&gt;</a>&nbsp;&nbsp;&nbsp;ADC_Handler
</UL>

<P><STRONG><a name="[80]"></a>ADC_AnalogCircuitConfig</STRONG> (Thumb, 40 bytes, Stack size 8 bytes, rtl876x_adc.o(.text), UNUSED)
<BR><BR>[Calls]<UL><LI><a href="#[7b]">&gt;&gt;</a>&nbsp;&nbsp;&nbsp;btaon_fast_write
<LI><a href="#[7a]">&gt;&gt;</a>&nbsp;&nbsp;&nbsp;btaon_fast_read_safe
</UL>

<P><STRONG><a name="[44]"></a>load_overlay</STRONG> (Thumb, 76 bytes, Stack size 8 bytes, overlay_mgr.o(.text), UNUSED)
<BR><BR>[Calls]<UL><LI><a href="#[42]">&gt;&gt;</a>&nbsp;&nbsp;&nbsp;__aeabi_memclr
<LI><a href="#[41]">&gt;&gt;</a>&nbsp;&nbsp;&nbsp;__aeabi_memcpy
<LI><a href="#[81]">&gt;&gt;</a>&nbsp;&nbsp;&nbsp;memcmp
</UL>
<BR>[Called By]<UL><LI><a href="#[43]">&gt;&gt;</a>&nbsp;&nbsp;&nbsp;pre_main
</UL>

<P><STRONG><a name="[82]"></a>get_current_scenario_index</STRONG> (Thumb, 38 bytes, Stack size 16 bytes, overlay_mgr.o(.text), UNUSED)
<BR><BR>[Calls]<UL><LI><a href="#[81]">&gt;&gt;</a>&nbsp;&nbsp;&nbsp;memcmp
</UL>

<P><STRONG><a name="[83]"></a>Board_ADC_init</STRONG> (Thumb, 32 bytes, Stack size 16 bytes, main.o(.text))
<BR><BR>[Stack]<UL><LI>Max Depth = 16<LI>Call Chain = Board_ADC_init
</UL>
<BR>[Calls]<UL><LI><a href="#[84]">&gt;&gt;</a>&nbsp;&nbsp;&nbsp;Pad_Config
<LI><a href="#[85]">&gt;&gt;</a>&nbsp;&nbsp;&nbsp;Pinmux_Config
</UL>
<BR>[Called By]<UL><LI><a href="#[53]">&gt;&gt;</a>&nbsp;&nbsp;&nbsp;main
</UL>

<P><STRONG><a name="[86]"></a>Driver_ADC_init</STRONG> (Thumb, 106 bytes, Stack size 104 bytes, main.o(.text))
<BR><BR>[Stack]<UL><LI>Max Depth = 128<LI>Call Chain = Driver_ADC_init &rArr; ADC_Init
</UL>
<BR>[Calls]<UL><LI><a href="#[8a]">&gt;&gt;</a>&nbsp;&nbsp;&nbsp;ADC_Cmd
<LI><a href="#[88]">&gt;&gt;</a>&nbsp;&nbsp;&nbsp;ADC_INTConfig
<LI><a href="#[7c]">&gt;&gt;</a>&nbsp;&nbsp;&nbsp;ADC_DeInit
<LI><a href="#[87]">&gt;&gt;</a>&nbsp;&nbsp;&nbsp;ADC_StructInit
<LI><a href="#[79]">&gt;&gt;</a>&nbsp;&nbsp;&nbsp;ADC_Init
<LI><a href="#[7d]">&gt;&gt;</a>&nbsp;&nbsp;&nbsp;RCC_PeriphClockCmd
<LI><a href="#[89]">&gt;&gt;</a>&nbsp;&nbsp;&nbsp;NVIC_Init
</UL>
<BR>[Called By]<UL><LI><a href="#[53]">&gt;&gt;</a>&nbsp;&nbsp;&nbsp;main
</UL>

<P><STRONG><a name="[1e]"></a>ADC_Handler</STRONG> (Thumb, 50 bytes, Stack size 16 bytes, main.o(.text))
<BR><BR>[Stack]<UL><LI>Max Depth = 124<LI>Call Chain = ADC_Handler &rArr; ADC_GetRes &rArr; ADC_GetVoltage &rArr; ADC_CalibrationInit
</UL>
<BR>[Calls]<UL><LI><a href="#[7e]">&gt;&gt;</a>&nbsp;&nbsp;&nbsp;ADC_GetRes
</UL>
<BR>[Address Reference Count : 1]<UL><LI> startup_rtl8762c.o(VECTOR)
</UL>
<P><STRONG><a name="[53]"></a>main</STRONG> (Thumb, 26 bytes, Stack size 0 bytes, main.o(.text))
<BR><BR>[Stack]<UL><LI>Max Depth = 128<LI>Call Chain = main &rArr; Driver_ADC_init &rArr; ADC_Init
</UL>
<BR>[Calls]<UL><LI><a href="#[86]">&gt;&gt;</a>&nbsp;&nbsp;&nbsp;Driver_ADC_init
<LI><a href="#[83]">&gt;&gt;</a>&nbsp;&nbsp;&nbsp;Board_ADC_init
<LI><a href="#[73]">&gt;&gt;</a>&nbsp;&nbsp;&nbsp;WDG_Disable
</UL>
<BR>[Called By]<UL><LI><a href="#[2]">&gt;&gt;</a>&nbsp;&nbsp;&nbsp;common_main
<LI><a href="#[52]">&gt;&gt;</a>&nbsp;&nbsp;&nbsp;__rt_entry_main
</UL>

<P><STRONG><a name="[8b]"></a>ADC_CalibrationInit</STRONG> (Thumb, 548 bytes, Stack size 36 bytes, adc_k_lib.o(.text))
<BR><BR>[Stack]<UL><LI>Max Depth = 36<LI>Call Chain = ADC_CalibrationInit
</UL>
<BR>[Called By]<UL><LI><a href="#[7f]">&gt;&gt;</a>&nbsp;&nbsp;&nbsp;ADC_GetVoltage
<LI><a href="#[92]">&gt;&gt;</a>&nbsp;&nbsp;&nbsp;ADC_GetResistance
</UL>

<P><STRONG><a name="[7f]"></a>ADC_GetVoltage</STRONG> (Thumb, 816 bytes, Stack size 64 bytes, adc_k_lib.o(.text))
<BR><BR>[Stack]<UL><LI>Max Depth = 100<LI>Call Chain = ADC_GetVoltage &rArr; ADC_CalibrationInit
</UL>
<BR>[Calls]<UL><LI><a href="#[90]">&gt;&gt;</a>&nbsp;&nbsp;&nbsp;__aeabi_f2d
<LI><a href="#[8e]">&gt;&gt;</a>&nbsp;&nbsp;&nbsp;__aeabi_dmul
<LI><a href="#[8c]">&gt;&gt;</a>&nbsp;&nbsp;&nbsp;__aeabi_i2d
<LI><a href="#[8d]">&gt;&gt;</a>&nbsp;&nbsp;&nbsp;__aeabi_ddiv
<LI><a href="#[91]">&gt;&gt;</a>&nbsp;&nbsp;&nbsp;__aeabi_dadd
<LI><a href="#[8f]">&gt;&gt;</a>&nbsp;&nbsp;&nbsp;__aeabi_d2f
<LI><a href="#[8b]">&gt;&gt;</a>&nbsp;&nbsp;&nbsp;ADC_CalibrationInit
</UL>
<BR>[Called By]<UL><LI><a href="#[7e]">&gt;&gt;</a>&nbsp;&nbsp;&nbsp;ADC_GetRes
</UL>

<P><STRONG><a name="[92]"></a>ADC_GetResistance</STRONG> (Thumb, 66 bytes, Stack size 8 bytes, adc_k_lib.o(.text), UNUSED)
<BR><BR>[Calls]<UL><LI><a href="#[8b]">&gt;&gt;</a>&nbsp;&nbsp;&nbsp;ADC_CalibrationInit
</UL>

<P><STRONG><a name="[8f]"></a>__aeabi_d2f</STRONG> (Thumb, 0 bytes, Stack size 32 bytes, d2f.o(x$fpl$d2f))
<BR><BR>[Stack]<UL><LI>Max Depth = 32<LI>Call Chain = __aeabi_d2f
</UL>
<BR>[Called By]<UL><LI><a href="#[7f]">&gt;&gt;</a>&nbsp;&nbsp;&nbsp;ADC_GetVoltage
</UL>

<P><STRONG><a name="[93]"></a>_d2f</STRONG> (Thumb, 98 bytes, Stack size 32 bytes, d2f.o(x$fpl$d2f), UNUSED)
<BR><BR>[Calls]<UL><LI><a href="#[94]">&gt;&gt;</a>&nbsp;&nbsp;&nbsp;__fpl_fretinf
<LI><a href="#[95]">&gt;&gt;</a>&nbsp;&nbsp;&nbsp;__fpl_dnaninf
</UL>

<P><STRONG><a name="[91]"></a>__aeabi_dadd</STRONG> (Thumb, 0 bytes, Stack size 16 bytes, daddsub_clz.o(x$fpl$dadd))
<BR><BR>[Stack]<UL><LI>Max Depth = 16<LI>Call Chain = __aeabi_dadd
</UL>
<BR>[Called By]<UL><LI><a href="#[7f]">&gt;&gt;</a>&nbsp;&nbsp;&nbsp;ADC_GetVoltage
</UL>

<P><STRONG><a name="[96]"></a>_dadd</STRONG> (Thumb, 332 bytes, Stack size 16 bytes, daddsub_clz.o(x$fpl$dadd), UNUSED)
<BR><BR>[Calls]<UL><LI><a href="#[98]">&gt;&gt;</a>&nbsp;&nbsp;&nbsp;__fpl_dretinf
<LI><a href="#[95]">&gt;&gt;</a>&nbsp;&nbsp;&nbsp;__fpl_dnaninf
<LI><a href="#[97]">&gt;&gt;</a>&nbsp;&nbsp;&nbsp;_dsub1
</UL>

<P><STRONG><a name="[8d]"></a>__aeabi_ddiv</STRONG> (Thumb, 0 bytes, Stack size 32 bytes, ddiv.o(x$fpl$ddiv))
<BR><BR>[Stack]<UL><LI>Max Depth = 32<LI>Call Chain = __aeabi_ddiv
</UL>
<BR>[Called By]<UL><LI><a href="#[7f]">&gt;&gt;</a>&nbsp;&nbsp;&nbsp;ADC_GetVoltage
</UL>

<P><STRONG><a name="[99]"></a>_ddiv</STRONG> (Thumb, 552 bytes, Stack size 32 bytes, ddiv.o(x$fpl$ddiv), UNUSED)
<BR><BR>[Calls]<UL><LI><a href="#[98]">&gt;&gt;</a>&nbsp;&nbsp;&nbsp;__fpl_dretinf
<LI><a href="#[95]">&gt;&gt;</a>&nbsp;&nbsp;&nbsp;__fpl_dnaninf
</UL>

<P><STRONG><a name="[8c]"></a>__aeabi_i2d</STRONG> (Thumb, 0 bytes, Stack size 0 bytes, dflt_clz.o(x$fpl$dflt))
<BR><BR>[Called By]<UL><LI><a href="#[7f]">&gt;&gt;</a>&nbsp;&nbsp;&nbsp;ADC_GetVoltage
</UL>

<P><STRONG><a name="[bf]"></a>_dflt</STRONG> (Thumb, 46 bytes, Stack size 0 bytes, dflt_clz.o(x$fpl$dflt), UNUSED)

<P><STRONG><a name="[8e]"></a>__aeabi_dmul</STRONG> (Thumb, 0 bytes, Stack size 32 bytes, dmul.o(x$fpl$dmul))
<BR><BR>[Stack]<UL><LI>Max Depth = 32<LI>Call Chain = __aeabi_dmul
</UL>
<BR>[Called By]<UL><LI><a href="#[7f]">&gt;&gt;</a>&nbsp;&nbsp;&nbsp;ADC_GetVoltage
</UL>

<P><STRONG><a name="[9a]"></a>_dmul</STRONG> (Thumb, 332 bytes, Stack size 32 bytes, dmul.o(x$fpl$dmul), UNUSED)
<BR><BR>[Calls]<UL><LI><a href="#[98]">&gt;&gt;</a>&nbsp;&nbsp;&nbsp;__fpl_dretinf
<LI><a href="#[95]">&gt;&gt;</a>&nbsp;&nbsp;&nbsp;__fpl_dnaninf
</UL>

<P><STRONG><a name="[95]"></a>__fpl_dnaninf</STRONG> (Thumb, 156 bytes, Stack size 16 bytes, dnaninf.o(x$fpl$dnaninf), UNUSED)
<BR><BR>[Called By]<UL><LI><a href="#[9a]">&gt;&gt;</a>&nbsp;&nbsp;&nbsp;_dmul
<LI><a href="#[99]">&gt;&gt;</a>&nbsp;&nbsp;&nbsp;_ddiv
<LI><a href="#[9b]">&gt;&gt;</a>&nbsp;&nbsp;&nbsp;_dsub
<LI><a href="#[96]">&gt;&gt;</a>&nbsp;&nbsp;&nbsp;_dadd
<LI><a href="#[93]">&gt;&gt;</a>&nbsp;&nbsp;&nbsp;_d2f
</UL>

<P><STRONG><a name="[98]"></a>__fpl_dretinf</STRONG> (Thumb, 12 bytes, Stack size 0 bytes, dretinf.o(x$fpl$dretinf), UNUSED)
<BR><BR>[Called By]<UL><LI><a href="#[9d]">&gt;&gt;</a>&nbsp;&nbsp;&nbsp;_f2d
<LI><a href="#[9a]">&gt;&gt;</a>&nbsp;&nbsp;&nbsp;_dmul
<LI><a href="#[99]">&gt;&gt;</a>&nbsp;&nbsp;&nbsp;_ddiv
<LI><a href="#[96]">&gt;&gt;</a>&nbsp;&nbsp;&nbsp;_dadd
</UL>

<P><STRONG><a name="[c0]"></a>__aeabi_dsub</STRONG> (Thumb, 0 bytes, Stack size 32 bytes, daddsub_clz.o(x$fpl$dsub), UNUSED)

<P><STRONG><a name="[9b]"></a>_dsub</STRONG> (Thumb, 464 bytes, Stack size 32 bytes, daddsub_clz.o(x$fpl$dsub), UNUSED)
<BR><BR>[Calls]<UL><LI><a href="#[95]">&gt;&gt;</a>&nbsp;&nbsp;&nbsp;__fpl_dnaninf
<LI><a href="#[9c]">&gt;&gt;</a>&nbsp;&nbsp;&nbsp;_dadd1
</UL>

<P><STRONG><a name="[90]"></a>__aeabi_f2d</STRONG> (Thumb, 0 bytes, Stack size 16 bytes, f2d.o(x$fpl$f2d))
<BR><BR>[Stack]<UL><LI>Max Depth = 16<LI>Call Chain = __aeabi_f2d
</UL>
<BR>[Called By]<UL><LI><a href="#[7f]">&gt;&gt;</a>&nbsp;&nbsp;&nbsp;ADC_GetVoltage
</UL>

<P><STRONG><a name="[9d]"></a>_f2d</STRONG> (Thumb, 86 bytes, Stack size 16 bytes, f2d.o(x$fpl$f2d), UNUSED)
<BR><BR>[Calls]<UL><LI><a href="#[9e]">&gt;&gt;</a>&nbsp;&nbsp;&nbsp;__fpl_fnaninf
<LI><a href="#[98]">&gt;&gt;</a>&nbsp;&nbsp;&nbsp;__fpl_dretinf
</UL>

<P><STRONG><a name="[9e]"></a>__fpl_fnaninf</STRONG> (Thumb, 140 bytes, Stack size 8 bytes, fnaninf.o(x$fpl$fnaninf), UNUSED)
<BR><BR>[Called By]<UL><LI><a href="#[9d]">&gt;&gt;</a>&nbsp;&nbsp;&nbsp;_f2d
</UL>

<P><STRONG><a name="[4d]"></a>_fp_init</STRONG> (Thumb, 10 bytes, Stack size 0 bytes, fpinit.o(x$fpl$fpinit))
<BR><BR>[Called By]<UL><LI><a href="#[4c]">&gt;&gt;</a>&nbsp;&nbsp;&nbsp;__rt_lib_init_fp_1
</UL>

<P><STRONG><a name="[c1]"></a>__fplib_config_fpu_vfp</STRONG> (Thumb, 0 bytes, Stack size unknown bytes, fpinit.o(x$fpl$fpinit), UNUSED)

<P><STRONG><a name="[c2]"></a>__fplib_config_pureend_doubles</STRONG> (Thumb, 0 bytes, Stack size unknown bytes, fpinit.o(x$fpl$fpinit), UNUSED)

<P><STRONG><a name="[94]"></a>__fpl_fretinf</STRONG> (Thumb, 10 bytes, Stack size 0 bytes, fretinf.o(x$fpl$fretinf), UNUSED)
<BR><BR>[Called By]<UL><LI><a href="#[93]">&gt;&gt;</a>&nbsp;&nbsp;&nbsp;_d2f
</UL>

<P><STRONG><a name="[3]"></a>Reset_Handler</STRONG> (Thumb, 4 bytes, Stack size 0 bytes, startup_rtl8762c.o(RESET))
<BR>[Address Reference Count : 1]<UL><LI> startup_rtl8762c.o(VECTOR)
</UL>
<P><STRONG><a name="[3c]"></a>__main</STRONG> (Thumb, 8 bytes, Stack size 0 bytes, __main.o(!!!main))
<BR><BR>[Calls]<UL><LI><a href="#[3d]">&gt;&gt;</a>&nbsp;&nbsp;&nbsp;__scatterload
<LI><a href="#[3e]">&gt;&gt;</a>&nbsp;&nbsp;&nbsp;__rt_entry
</UL>

<P><STRONG><a name="[3d]"></a>__scatterload</STRONG> (Thumb, 0 bytes, Stack size unknown bytes, __scatter.o(!!!scatter))
<BR><BR>[Called By]<UL><LI><a href="#[3c]">&gt;&gt;</a>&nbsp;&nbsp;&nbsp;__main
</UL>

<P><STRONG><a name="[3f]"></a>__scatterload_rt2</STRONG> (Thumb, 44 bytes, Stack size unknown bytes, __scatter.o(!!!scatter), UNUSED)
<BR><BR>[Calls]<UL><LI><a href="#[3e]">&gt;&gt;</a>&nbsp;&nbsp;&nbsp;__rt_entry
</UL>

<P><STRONG><a name="[c3]"></a>__scatterload_rt2_thumb_only</STRONG> (Thumb, 0 bytes, Stack size unknown bytes, __scatter.o(!!!scatter), UNUSED)

<P><STRONG><a name="[c4]"></a>__scatterload_null</STRONG> (Thumb, 0 bytes, Stack size unknown bytes, __scatter.o(!!!scatter), UNUSED)

<P><STRONG><a name="[c5]"></a>__scatterload_copy</STRONG> (Thumb, 26 bytes, Stack size unknown bytes, __scatter_copy.o(!!handler_copy), UNUSED)

<P><STRONG><a name="[c6]"></a>__scatterload_zeroinit</STRONG> (Thumb, 28 bytes, Stack size unknown bytes, __scatter_zi.o(!!handler_zi), UNUSED)

<P><STRONG><a name="[49]"></a>debug_monitor_enable</STRONG> (Thumb, 30 bytes, Stack size 0 bytes, system_rtl8762c.o(.app.flash.text), UNUSED)
<BR><BR>[Called By]<UL><LI><a href="#[43]">&gt;&gt;</a>&nbsp;&nbsp;&nbsp;pre_main
</UL>

<P><STRONG><a name="[40]"></a>ram_init</STRONG> (Thumb, 44 bytes, Stack size 8 bytes, system_rtl8762c.o(.app.flash.text), UNUSED)
<BR><BR>[Calls]<UL><LI><a href="#[42]">&gt;&gt;</a>&nbsp;&nbsp;&nbsp;__aeabi_memclr
<LI><a href="#[41]">&gt;&gt;</a>&nbsp;&nbsp;&nbsp;__aeabi_memcpy
</UL>
<BR>[Called By]<UL><LI><a href="#[43]">&gt;&gt;</a>&nbsp;&nbsp;&nbsp;pre_main
</UL>

<P><STRONG><a name="[43]"></a>pre_main</STRONG> (Thumb, 68 bytes, Stack size 16 bytes, system_rtl8762c.o(.app.flash.text), UNUSED)
<BR><BR>[Calls]<UL><LI><a href="#[44]">&gt;&gt;</a>&nbsp;&nbsp;&nbsp;load_overlay
<LI><a href="#[40]">&gt;&gt;</a>&nbsp;&nbsp;&nbsp;ram_init
<LI><a href="#[49]">&gt;&gt;</a>&nbsp;&nbsp;&nbsp;debug_monitor_enable
<LI><a href="#[48]">&gt;&gt;</a>&nbsp;&nbsp;&nbsp;AppUpdateVectorTable
<LI><a href="#[45]">&gt;&gt;</a>&nbsp;&nbsp;&nbsp;setlocale
<LI><a href="#[46]">&gt;&gt;</a>&nbsp;&nbsp;&nbsp;trace_string
<LI><a href="#[47]">&gt;&gt;</a>&nbsp;&nbsp;&nbsp;log_buffer
</UL>

<P><STRONG><a name="[1]"></a>SystemInit</STRONG> (Thumb, 136 bytes, Stack size 0 bytes, system_rtl8762c.o(.app.flash.text))
<BR>[Address Reference Count : 1]<UL><LI> startup_rtl8762c.o(RESET)
</UL><P>
<H3>
Local Symbols
</H3>
<P><STRONG><a name="[48]"></a>AppUpdateVectorTable</STRONG> (Thumb, 162 bytes, Stack size 272 bytes, system_rtl8762c.o(.app.overlay_a), UNUSED)
<BR><BR>[Calls]<UL><LI><a href="#[4a]">&gt;&gt;</a>&nbsp;&nbsp;&nbsp;__aeabi_memcpy4
<LI><a href="#[46]">&gt;&gt;</a>&nbsp;&nbsp;&nbsp;trace_string
<LI><a href="#[47]">&gt;&gt;</a>&nbsp;&nbsp;&nbsp;log_buffer
<LI><a href="#[4b]">&gt;&gt;</a>&nbsp;&nbsp;&nbsp;RamVectorTableInit
</UL>
<BR>[Called By]<UL><LI><a href="#[43]">&gt;&gt;</a>&nbsp;&nbsp;&nbsp;pre_main
</UL>

<P><STRONG><a name="[9c]"></a>_dadd1</STRONG> (Thumb, 0 bytes, Stack size unknown bytes, daddsub_clz.o(x$fpl$dadd), UNUSED)
<BR><BR>[Called By]<UL><LI><a href="#[9b]">&gt;&gt;</a>&nbsp;&nbsp;&nbsp;_dsub
</UL>

<P><STRONG><a name="[97]"></a>_dsub1</STRONG> (Thumb, 0 bytes, Stack size unknown bytes, daddsub_clz.o(x$fpl$dsub), UNUSED)
<BR><BR>[Called By]<UL><LI><a href="#[96]">&gt;&gt;</a>&nbsp;&nbsp;&nbsp;_dadd
</UL>
<P>
<H3>
Undefined Global Symbols
</H3><HR></body></html>
